
Discarded input sections

 .text          0x00000000        0x0 /var/folders/cd/0s72k2v14299px3vkqj0bhsr0000gp/T//ccSGMRHS.ltrans0.ltrans.o
 .data          0x00000000        0x0 /var/folders/cd/0s72k2v14299px3vkqj0bhsr0000gp/T//ccSGMRHS.ltrans0.ltrans.o
 .bss           0x00000000        0x0 /var/folders/cd/0s72k2v14299px3vkqj0bhsr0000gp/T//ccSGMRHS.ltrans0.ltrans.o
 .data.__stack_chk_guard
                0x00000000        0x4 /var/folders/cd/0s72k2v14299px3vkqj0bhsr0000gp/T//ccSGMRHS.ltrans0.ltrans.o
 .text.__stack_chk_fail
                0x00000000       0x12 /var/folders/cd/0s72k2v14299px3vkqj0bhsr0000gp/T//ccSGMRHS.ltrans0.ltrans.o
 .bss.testingbitmap
                0x00000000        0x4 /var/folders/cd/0s72k2v14299px3vkqj0bhsr0000gp/T//ccSGMRHS.ltrans0.ltrans.o
 .bss.startTime
                0x00000000        0x4 /var/folders/cd/0s72k2v14299px3vkqj0bhsr0000gp/T//ccSGMRHS.ltrans0.ltrans.o
 .bss.boardStateNew
                0x00000000       0xa9 /var/folders/cd/0s72k2v14299px3vkqj0bhsr0000gp/T//ccSGMRHS.ltrans0.ltrans.o
 .text.advancedSpriteAdd
                0x00000000      0x87a /var/folders/cd/0s72k2v14299px3vkqj0bhsr0000gp/T//ccSGMRHS.ltrans0.ltrans.o
 .text.advancedSpriteRemove
                0x00000000       0xae /var/folders/cd/0s72k2v14299px3vkqj0bhsr0000gp/T//ccSGMRHS.ltrans0.ltrans.o
 .text.advancedSpriteSetEnabled
                0x00000000       0x5c /var/folders/cd/0s72k2v14299px3vkqj0bhsr0000gp/T//ccSGMRHS.ltrans0.ltrans.o
 .text.advancedSpriteSetPos
                0x00000000       0x36 /var/folders/cd/0s72k2v14299px3vkqj0bhsr0000gp/T//ccSGMRHS.ltrans0.ltrans.o
 .text.advancedSpriteSetPosX
                0x00000000       0x26 /var/folders/cd/0s72k2v14299px3vkqj0bhsr0000gp/T//ccSGMRHS.ltrans0.ltrans.o
 .text.advancedSpriteSetPosY
                0x00000000       0x26 /var/folders/cd/0s72k2v14299px3vkqj0bhsr0000gp/T//ccSGMRHS.ltrans0.ltrans.o
 .text.advancedSpriteSetFrame
                0x00000000       0xe8 /var/folders/cd/0s72k2v14299px3vkqj0bhsr0000gp/T//ccSGMRHS.ltrans0.ltrans.o
 .text.advancedSpriteProcessChannel
                0x00000000       0x50 /var/folders/cd/0s72k2v14299px3vkqj0bhsr0000gp/T//ccSGMRHS.ltrans0.ltrans.o
 .text.addAttachedX
                0x00000000       0x4c /var/folders/cd/0s72k2v14299px3vkqj0bhsr0000gp/T//ccSGMRHS.ltrans0.ltrans.o
 .text.advancedSpriteProcess
                0x00000000      0x10e /var/folders/cd/0s72k2v14299px3vkqj0bhsr0000gp/T//ccSGMRHS.ltrans0.ltrans.o
 .text.ror16    0x00000000       0x5e /var/folders/cd/0s72k2v14299px3vkqj0bhsr0000gp/T//ccSGMRHS.ltrans0.ltrans.o
 .text.blitIsIdle
                0x00000000       0x2c /var/folders/cd/0s72k2v14299px3vkqj0bhsr0000gp/T//ccSGMRHS.ltrans0.ltrans.o
 .text.blitUnsafeRect
                0x00000000      0x1fa /var/folders/cd/0s72k2v14299px3vkqj0bhsr0000gp/T//ccSGMRHS.ltrans0.ltrans.o
 .text.blitSafeRect
                0x00000000       0xbc /var/folders/cd/0s72k2v14299px3vkqj0bhsr0000gp/T//ccSGMRHS.ltrans0.ltrans.o
 .text.blitUnsafeFillAligned
                0x00000000      0x174 /var/folders/cd/0s72k2v14299px3vkqj0bhsr0000gp/T//ccSGMRHS.ltrans0.ltrans.o
 .text.blitSafeFillAligned
                0x00000000       0xf2 /var/folders/cd/0s72k2v14299px3vkqj0bhsr0000gp/T//ccSGMRHS.ltrans0.ltrans.o
 .text.blitLine
                0x00000000      0x2f2 /var/folders/cd/0s72k2v14299px3vkqj0bhsr0000gp/T//ccSGMRHS.ltrans0.ltrans.o
 .text.blitLinePlane
                0x00000000      0x2b2 /var/folders/cd/0s72k2v14299px3vkqj0bhsr0000gp/T//ccSGMRHS.ltrans0.ltrans.o
 .bss.s_ubBufferCurr
                0x00000000        0x1 /var/folders/cd/0s72k2v14299px3vkqj0bhsr0000gp/T//ccSGMRHS.ltrans0.ltrans.o
 .bss.s_ubMaxBobCount
                0x00000000        0x1 /var/folders/cd/0s72k2v14299px3vkqj0bhsr0000gp/T//ccSGMRHS.ltrans0.ltrans.o
 .bss.s_isPushingDone
                0x00000000        0x1 /var/folders/cd/0s72k2v14299px3vkqj0bhsr0000gp/T//ccSGMRHS.ltrans0.ltrans.o
 .bss.s_ubBpp   0x00000000        0x1 /var/folders/cd/0s72k2v14299px3vkqj0bhsr0000gp/T//ccSGMRHS.ltrans0.ltrans.o
 .bss.s_ubBobsPushed
                0x00000000        0x1 /var/folders/cd/0s72k2v14299px3vkqj0bhsr0000gp/T//ccSGMRHS.ltrans0.ltrans.o
 .bss.s_ubBobsDrawn
                0x00000000        0x1 /var/folders/cd/0s72k2v14299px3vkqj0bhsr0000gp/T//ccSGMRHS.ltrans0.ltrans.o
 .bss.s_uwAvailHeight
                0x00000000        0x2 /var/folders/cd/0s72k2v14299px3vkqj0bhsr0000gp/T//ccSGMRHS.ltrans0.ltrans.o
 .bss.s_uwDestByteWidth
                0x00000000        0x2 /var/folders/cd/0s72k2v14299px3vkqj0bhsr0000gp/T//ccSGMRHS.ltrans0.ltrans.o
 .bss.s_uwBgBufferLength
                0x00000000        0x2 /var/folders/cd/0s72k2v14299px3vkqj0bhsr0000gp/T//ccSGMRHS.ltrans0.ltrans.o
 .bss.s_ubBobsSaved
                0x00000000        0x1 /var/folders/cd/0s72k2v14299px3vkqj0bhsr0000gp/T//ccSGMRHS.ltrans0.ltrans.o
 .bss.s_pQueues
[...]
Memory Configuration

Name             Origin             Length             Attributes
*default*        0x00000000         0xffffffff

Linker script and memory map

Address of section .text set to 0x0
LOAD /var/folders/cd/0s72k2v14299px3vkqj0bhsr0000gp/T//ccSGMRHS.ltrans0.ltrans.o
LOAD /var/folders/cd/0s72k2v14299px3vkqj0bhsr0000gp/T//ccvITFey.debug.temp.o
LOAD /var/folders/cd/0s72k2v14299px3vkqj0bhsr0000gp/T//ccJlOsra.debug.temp.o
LOAD /var/folders/cd/0s72k2v14299px3vkqj0bhsr0000gp/T//cc5zKgKc.debug.temp.o
LOAD /var/folders/cd/0s72k2v14299px3vkqj0bhsr0000gp/T//ccuFmXOp.debug.temp.o
LOAD /var/folders/cd/0s72k2v14299px3vkqj0bhsr0000gp/T//cccfwK8d.debug.temp.o
LOAD /var/folders/cd/0s72k2v14299px3vkqj0bhsr0000gp/T//ccLlCg1V.debug.temp.o
LOAD /var/folders/cd/0s72k2v14299px3vkqj0bhsr0000gp/T//ccAa5au0.debug.temp.o
LOAD /var/folders/cd/0s72k2v14299px3vkqj0bhsr0000gp/T//ccm9PXMj.debug.temp.o
LOAD /var/folders/cd/0s72k2v14299px3vkqj0bhsr0000gp/T//ccHUtLrz.debug.temp.o
LOAD /var/folders/cd/0s72k2v14299px3vkqj0bhsr0000gp/T//ccjhA6V8.debug.temp.o
LOAD /var/folders/cd/0s72k2v14299px3vkqj0bhsr0000gp/T//cc9JHvJl.debug.temp.o
LOAD /var/folders/cd/0s72k2v14299px3vkqj0bhsr0000gp/T//ccp4JYmz.debug.temp.o
LOAD /var/folders/cd/0s72k2v14299px3vkqj0bhsr0000gp/T//cceiSnTR.debug.temp.o
LOAD /var/folders/cd/0s72k2v14299px3vkqj0bhsr0000gp/T//ccKXGpuX.debug.temp.o
LOAD /var/folders/cd/0s72k2v14299px3vkqj0bhsr0000gp/T//cce5Kvz1.debug.temp.o
LOAD /var/folders/cd/0s72k2v14299px3vkqj0bhsr0000gp/T//cc6Y7S2T.debug.temp.o
LOAD /var/folders/cd/0s72k2v14299px3vkqj0bhsr0000gp/T//ccTtezkL.debug.temp.o
LOAD /var/folders/cd/0s72k2v14299px3vkqj0bhsr0000gp/T//ccI28sBE.debug.temp.o
LOAD /var/folders/cd/0s72k2v14299px3vkqj0bhsr0000gp/T//ccyltmth.debug.temp.o
LOAD /var/folders/cd/0s72k2v14299px3vkqj0bhsr0000gp/T//ccE1USj1.debug.temp.o
LOAD /var/folders/cd/0s72k2v14299px3vkqj0bhsr0000gp/T//ccR4myvo.debug.temp.o
LOAD /var/folders/cd/0s72k2v14299px3vkqj0bhsr0000gp/T//cchhixnA.debug.temp.o
LOAD /var/folders/cd/0s72k2v14299px3vkqj0bhsr0000gp/T//ccmOvRV9.debug.temp.o
LOAD /var/folders/cd/0s72k2v14299px3vkqj0bhsr0000gp/T//ccobIl2w.debug.temp.o
LOAD /var/folders/cd/0s72k2v14299px3vkqj0bhsr0000gp/T//ccBxZpA6.debug.temp.o
LOAD /var/folders/cd/0s72k2v14299px3vkqj0bhsr0000gp/T//ccXR2gIK.debug.temp.o
LOAD /var/folders/cd/0s72k2v14299px3vkqj0bhsr0000gp/T//ccmu4WIa.debug.temp.o
LOAD /var/folders/cd/0s72k2v14299px3vkqj0bhsr0000gp/T//ccLWGS6g.debug.temp.o
LOAD /var/folders/cd/0s72k2v14299px3vkqj0bhsr0000gp/T//cctlmNNU.debug.temp.o
LOAD /var/folders/cd/0s72k2v14299px3vkqj0bhsr0000gp/T//ccwDH5uH.debug.temp.o
LOAD /var/folders/cd/0s72k2v14299px3vkqj0bhsr0000gp/T//ccqhCfSr.debug.temp.o
LOAD /var/folders/cd/0s72k2v14299px3vkqj0bhsr0000gp/T//ccl2GJNO.debug.temp.o
LOAD /var/folders/cd/0s72k2v14299px3vkqj0bhsr0000gp/T//cc9vhmaE.debug.temp.o
LOAD /var/folders/cd/0s72k2v14299px3vkqj0bhsr0000gp/T//ccsfb6xc.debug.temp.o
LOAD /var/folders/cd/0s72k2v14299px3vkqj0bhsr0000gp/T//ccZmntyC.debug.temp.o
LOAD /var/folders/cd/0s72k2v14299px3vkqj0bhsr0000gp/T//ccKA1m19.debug.temp.o
LOAD /var/folders/cd/0s72k2v14299px3vkqj0bhsr0000gp/T//ccs3ZegT.debug.temp.o
LOAD /var/folders/cd/0s72k2v14299px3vkqj0bhsr0000gp/T//ccLTLToj.debug.temp.o
LOAD /var/folders/cd/0s72k2v14299px3vkqj0bhsr0000gp/T//ccahK6ko.debug.temp.o
LOAD /var/folders/cd/0s72k2v14299px3vkqj0bhsr0000gp/T//cc9LApef.debug.temp.o
LOAD /var/folders/cd/0s72k2v14299px3vkqj0bhsr0000gp/T//ccYf8erT.debug.temp.o
LOAD /var/folders/cd/0s72k2v14299px3vkqj0bhsr0000gp/T//cciNmOwL.debug.temp.o
LOAD /var/folders/cd/0s72k2v14299px3vkqj0bhsr0000gp/T//ccs8a8Qv.debug.temp.o
LOAD /var/folders/cd/0s72k2v14299px3vkqj0bhsr0000gp/T//ccFsbCw6.debug.temp.o
LOAD /var/folders/cd/0s72k2v14299px3vkqj0bhsr0000gp/T//ccbWjsFu.debug.temp.o
LOAD /var/folders/cd/0s72k2v14299px3vkqj0bhsr0000gp/T//ccLf62D0.debug.temp.o
LOAD /var/folders/cd/0s72k2v14299px3vkqj0bhsr0000gp/T//ccuvxTvk.debug.temp.o
LOAD /var/folders/cd/0s72k2v14299px3vkqj0bhsr0000gp/T//cc3821id.debug.temp.o
LOAD /var/folders/cd/0s72k2v14299px3vkqj0bhsr0000gp/T//cc8QIfrt.debug.temp.o
LOAD /var/folders/cd/0s72k2v14299px3vkqj0bhsr0000gp/T//cccGSisG.debug.temp.o
LOAD /var/folders/cd/0s72k2v14299px3vkqj0bhsr0000gp/T//ccEwct6y.debug.temp.o
LOAD /var/folders/cd/0s72k2v14299px3vkqj0bhsr0000gp/T//cc6VGi6R.debug.temp.o
LOAD /var/folders/cd/0s72k2v14299px3vkqj0bhsr0000gp/T//cc7E2bgV.debug.temp.o
LOAD /var/folders/cd/0s72k2v14299px3vkqj0bhsr0000gp/T//cc53pBYe.debug.temp.o
LOAD /var/folders/cd/0s72k2v14299px3vkqj0bhsr0000gp/T//ccUa73QH.debug.temp.o
LOAD _deps/bartman_gcc_support-build/CMakeFiles/bartman_gcc_support.dir/src/gcc8_a_support.s.obj
                [!provide]                        PROVIDE (__executable_start = SEGMENT_START ("text-segment", 0x80000000))
                0x80000074                        . = (SEGMENT_START ("text-segment", 0x80000000) + SIZEOF_HEADERS)

.note.gnu.build-id
 *(.note.gnu.build-id)

.interp
 *(.interp)

.hash
 *(.hash)

.gnu.hash
 *(.gnu.hash)

.dynsym
 *(.dynsym)

.dynstr
 *(.dynstr)

.gnu.version
 *(.gnu.version)

.gnu.version_d
 *(.gnu.version_d)

.gnu.version_r
 *(.gnu.version_r)

.rela.dyn       0x80000074        0x0
 *(.rela.init)
 *(.rela.text .rela.text.* .rela.gnu.linkonce.t.*)
 *(.rela.fini)
 *(.rela.rodata .rela.rodata.* .rela.gnu.linkonce.r.*)
 *(.rela.data .rela.data.* .rela.gnu.linkonce.d.*)
 *(.rela.tdata .rela.tdata.* .rela.gnu.linkonce.td.*)
 *(.rela.tbss .rela.tbss.* .rela.gnu.linkonce.tb.*)
 *(.rela.ctors)
 *(.rela.dtors)
 *(.rela.got)
 *(.rela.bss .rela.bss.* .rela.gnu.linkonce.b.*)
                [!provide]                        PROVIDE (__rela_iplt_start = .)
 *(.rela.iplt)
                [!provide]                        PROVIDE (__rela_iplt_end = .)

.rela.plt
 *(.rela.plt)

.init
 *(SORT_NONE(.init))

.plt
 *(.plt)

.iplt
 *(.iplt)

.text           0x00000000     0xdaaa
 *(.text.unlikely .text.*_unlikely .text.unlikely.*)
 .text.unlikely
                0x00000000       0xb8 /var/folders/cd/0s72k2v14299px3vkqj0bhsr0000gp/T//ccSGMRHS.ltrans0.ltrans.o
                0x00000000                _start
 *(.text.exit .text.exit.*)
 .text.exit     0x000000b8       0x1e /var/folders/cd/0s72k2v14299px3vkqj0bhsr0000gp/T//ccSGMRHS.ltrans0.ltrans.o
                0x000000b8                exit
 *(.text.startup .text.startup.*)
 *(.text.hot .text.hot.*)
 *(SORT_BY_NAME(.text.sorted.*))
 *(.text .stub .text.* .gnu.linkonce.t.*)
 .text.main     0x000000d6       0x78 /var/folders/cd/0s72k2v14299px3vkqj0bhsr0000gp/T//ccSGMRHS.ltrans0.ltrans.o
                0x000000d6                main
 .text.genericCreate
                0x0000014e       0x80 /var/folders/cd/0s72k2v14299px3vkqj0bhsr0000gp/T//ccSGMRHS.ltrans0.ltrans.o
 .text.genericProcess
                0x000001ce       0x20 /var/folders/cd/0s72k2v14299px3vkqj0bhsr0000gp/T//ccSGMRHS.ltrans0.ltrans.o
 .text.genericDestroy
                0x000001ee       0x38 /var/folders/cd/0s72k2v14299px3vkqj0bhsr0000gp/T//ccSGMRHS.ltrans0.ltrans.o
 .text.mouseGetX
                0x00000226       0x28 /var/folders/cd/0s72k2v14299px3vkqj0bhsr0000gp/T//ccSGMRHS.ltrans0.ltrans.o
 .text.mouseGetY
                0x0000024e       0x28 /var/folders/cd/0s72k2v14299px3vkqj0bhsr0000gp/T//ccSGMRHS.ltrans0.ltrans.o
 .text.mouseCheck.lto_priv.0
                0x00000276       0x44 /var/folders/cd/0s72k2v14299px3vkqj0bhsr0000gp/T//ccSGMRHS.ltrans0.ltrans.o
 .text.gameGsCreate
                0x000002ba      0x1f6 /var/folders/cd/0s72k2v14299px3vkqj0bhsr0000gp/T//ccSGMRHS.ltrans0.ltrans.o
 .text.gameGsLoop
                0x000004b0      0x10e /var/folders/cd/0s72k2v14299px3vkqj0bhsr0000gp/T//ccSGMRHS.ltrans0.ltrans.o
 .text.gameGsDestroy
                0x000005be       0x2a /var/folders/cd/0s72k2v14299px3vkqj0bhsr0000gp/T//ccSGMRHS.ltrans0.ltrans.o
 .text.loadAssets
                0x000005e8      0x1a0 /var/folders/cd/0s72k2v14299px3vkqj0bhsr0000gp/T//ccSGMRHS.ltrans0.ltrans.o
 .text.setupPieces
                0x00000788      0x1d8 /var/folders/cd/0s72k2v14299px3vkqj0bhsr0000gp/T//ccSGMRHS.ltrans0.ltrans.o
 .text.setupBoard
                0x00000960       0xa4 /var/folders/cd/0s72k2v14299px3vkqj0bhsr0000gp/T//ccSGMRHS.ltrans0.ltrans.o
 .text.buildBoard
                0x00000a04      0x1ce /var/folders/cd/0s72k2v14299px3vkqj0bhsr0000gp/T//ccSGMRHS.ltrans0.ltrans.o
 .text.drawPieces
                0x00000bd2      0x45c /var/folders/cd/0s72k2v14299px3vkqj0bhsr0000gp/T//ccSGMRHS.ltrans0.ltrans.o
 .text.drawBoard
                0x0000102e      0x108 /var/folders/cd/0s72k2v14299px3vkqj0bhsr0000gp/T//ccSGMRHS.ltrans0.ltrans.o
 .text.updateMousepos
                0x00001136       0x4c /var/folders/cd/0s72k2v14299px3vkqj0bhsr0000gp/T//ccSGMRHS.ltrans0.ltrans.o
 .text.onClick  0x00001182      0x138 /var/folders/cd/0s72k2v14299px3vkqj0bhsr0000gp/T//ccSGMRHS.ltrans0.ltrans.o
 .text.drawSquareHighlight
                0x000012ba      0x244 /var/folders/cd/0s72k2v14299px3vkqj0bhsr0000gp/T//ccSGMRHS.ltrans0.ltrans.o
 .text.getValidMoves
                0x000014fe      0x25a /var/folders/cd/0s72k2v14299px3vkqj0bhsr0000gp/T//ccSGMRHS.ltrans0.ltrans.o
 .text.movePiece
                0x00001758      0x1ce /var/folders/cd/0s72k2v14299px3vkqj0bhsr0000gp/T//ccSGMRHS.ltrans0.ltrans.o
 .text.inputOpen
                0x00001926       0x16 /var/folders/cd/0s72k2v14299px3vkqj0bhsr0000gp/T//ccSGMRHS.ltrans0.ltrans.o
 .text.inputProcess
                0x0000193c       0x10 /var/folders/cd/0s72k2v14299px3vkqj0bhsr0000gp/T//ccSGMRHS.ltrans0.ltrans.o
 .text.inputClose
                0x0000194c       0x10 /var/folders/cd/0s72k2v14299px3vkqj0bhsr0000gp/T//ccSGMRHS.ltrans0.ltrans.o
 .text.menuGsCreate
                0x0000195c        0x4 /var/folders/cd/0s72k2v14299px3vkqj0bhsr0000gp/T//ccSGMRHS.ltrans0.ltrans.o
 .text.menuGsLoop
                0x00001960        0x4 /var/folders/cd/0s72k2v14299px3vkqj0bhsr0000gp/T//ccSGMRHS.ltrans0.ltrans.o
 .text.menuGsDestroy
                0x00001964        0x4 /var/folders/cd/0s72k2v14299px3vkqj0bhsr0000gp/T//ccSGMRHS.ltrans0.ltrans.o
 .text.blitManagerCreate
                0x00001968       0x30 /var/folders/cd/0s72k2v14299px3vkqj0bhsr0000gp/T//ccSGMRHS.ltrans0.ltrans.o
 .text.blitManagerDestroy
                0x00001998       0x2e /var/folders/cd/0s72k2v14299px3vkqj0bhsr0000gp/T//ccSGMRHS.ltrans0.ltrans.o
 .text._blitCheck
                0x000019c6      0x3a8 /var/folders/cd/0s72k2v14299px3vkqj0bhsr0000gp/T//ccSGMRHS.ltrans0.ltrans.o
 .text.blitWait
                0x00001d6e       0x2e /var/folders/cd/0s72k2v14299px3vkqj0bhsr0000gp/T//ccSGMRHS.ltrans0.ltrans.o
 .text.blitUnsafeCopy
                0x00001d9c      0x6ba /var/folders/cd/0s72k2v14299px3vkqj0bhsr0000gp/T//ccSGMRHS.ltrans0.ltrans.o
 .text.blitSafeCopy
                0x00002456       0xea /var/folders/cd/0s72k2v14299px3vkqj0bhsr0000gp/T//ccSGMRHS.ltrans0.ltrans.o
 .text.blitUnsafeCopyAligned
                0x00002540      0x2c6 /var/folders/cd/0s72k2v14299px3vkqj0bhsr0000gp/T//ccSGMRHS.ltrans0.ltrans.o
 .text.blitSafeCopyAligned
                0x00002806      0x16a /var/folders/cd/0s72k2v14299px3vkqj0bhsr0000gp/T//ccSGMRHS.ltrans0.ltrans.o
 .text.blitUnsafeCopyMask
                0x00002970      0x6da /var/folders/cd/0s72k2v14299px3vkqj0bhsr0000gp/T//ccSGMRHS.ltrans0.ltrans.o
 .text.blitSafeCopyMask
                0x0000304a       0xdc /var/folders/cd/0s72k2v14299px3vkqj0bhsr0000gp/T//ccSGMRHS.ltrans0.ltrans.o
 .text.copSetMoveVal.lto_priv.0
                0x00003126       0x1c /var/folders/cd/0s72k2v14299px3vkqj0bhsr0000gp/T//ccSGMRHS.ltrans0.ltrans.o
 .text.copCreate
                0x00003142       0x66 /var/folders/cd/0s72k2v14299px3vkqj0bhsr0000gp/T//ccSGMRHS.ltrans0.ltrans.o
 .text.copDestroy
                0x000031a8       0x5e /var/folders/cd/0s72k2v14299px3vkqj0bhsr0000gp/T//ccSGMRHS.ltrans0.ltrans.o
 .text.copSwapBuffers
                0x00003206       0x46 /var/folders/cd/0s72k2v14299px3vkqj0bhsr0000gp/T//ccSGMRHS.ltrans0.ltrans.o
 .text.copListCreate
                0x0000324c      0x2b0 /var/folders/cd/0s72k2v14299px3vkqj0bhsr0000gp/T//ccSGMRHS.ltrans0.ltrans.o
 .text.copListDestroy
                0x000034fc      0x12a /var/folders/cd/0s72k2v14299px3vkqj0bhsr0000gp/T//ccSGMRHS.ltrans0.ltrans.o
 .text.copBlockCreate
                0x00003626      0x1d0 /var/folders/cd/0s72k2v14299px3vkqj0bhsr0000gp/T//ccSGMRHS.ltrans0.ltrans.o
 .text.copBlockDestroy
                0x000037f6      0x102 /var/folders/cd/0s72k2v14299px3vkqj0bhsr0000gp/T//ccSGMRHS.ltrans0.ltrans.o
 .text.copBfrRealloc
                0x000038f8      0x10e /var/folders/cd/0s72k2v14299px3vkqj0bhsr0000gp/T//ccSGMRHS.ltrans0.ltrans.o
 .text.copReorderBlocks
                0x00003a06       0xc0 /var/folders/cd/0s72k2v14299px3vkqj0bhsr0000gp/T//ccSGMRHS.ltrans0.ltrans.o
 .text.copUpdateFromBlocks
                0x00003ac6      0x244 /var/folders/cd/0s72k2v14299px3vkqj0bhsr0000gp/T//ccSGMRHS.ltrans0.ltrans.o
 .text.copProcessBlocks
                0x00003d0a       0x8a /var/folders/cd/0s72k2v14299px3vkqj0bhsr0000gp/T//ccSGMRHS.ltrans0.ltrans.o
 .text.copBlockWait
                0x00003d94       0x4a /var/folders/cd/0s72k2v14299px3vkqj0bhsr0000gp/T//ccSGMRHS.ltrans0.ltrans.o
 .text.copMove  0x00003dde       0x82 /var/folders/cd/0s72k2v14299px3vkqj0bhsr0000gp/T//ccSGMRHS.ltrans0.ltrans.o
 .text.copSetWait
                0x00003e60       0x8e /var/folders/cd/0s72k2v14299px3vkqj0bhsr0000gp/T//ccSGMRHS.ltrans0.ltrans.o
 .text.copSetMove
                0x00003eee       0x58 /var/folders/cd/0s72k2v14299px3vkqj0bhsr0000gp/T//ccSGMRHS.ltrans0.ltrans.o
 .text.gameExit
                0x00003f46        0xa /var/folders/cd/0s72k2v14299px3vkqj0bhsr0000gp/T//ccSGMRHS.ltrans0.ltrans.o
 .text.gameIsRunning
                0x00003f50        0x8 /var/folders/cd/0s72k2v14299px3vkqj0bhsr0000gp/T//ccSGMRHS.ltrans0.ltrans.o
 .text.keyIntSetState
                0x00003f58       0x38 /var/folders/cd/0s72k2v14299px3vkqj0bhsr0000gp/T//ccSGMRHS.ltrans0.ltrans.o
 .text.keyIntCheck
                0x00003f90       0x22 /var/folders/cd/0s72k2v14299px3vkqj0bhsr0000gp/T//ccSGMRHS.ltrans0.ltrans.o
 .text.keyCheck
                0x00003fb2       0x26 /var/folders/cd/0s72k2v14299px3vkqj0bhsr0000gp/T//ccSGMRHS.ltrans0.ltrans.o
 .text.keySetState
                0x00003fd8       0x38 /var/folders/cd/0s72k2v14299px3vkqj0bhsr0000gp/T//ccSGMRHS.ltrans0.ltrans.o
 .text.onRawKeyInput
                0x00004010       0x3a /var/folders/cd/0s72k2v14299px3vkqj0bhsr0000gp/T//ccSGMRHS.ltrans0.ltrans.o
 .text.onKeyInterrupt
                0x0000404a       0xe8 /var/folders/cd/0s72k2v14299px3vkqj0bhsr0000gp/T//ccSGMRHS.ltrans0.ltrans.o
 .text.keyCreate
                0x00004132       0x6c /var/folders/cd/0s72k2v14299px3vkqj0bhsr0000gp/T//ccSGMRHS.ltrans0.ltrans.o
 .text.keyDestroy
                0x0000419e       0x62 /var/folders/cd/0s72k2v14299px3vkqj0bhsr0000gp/T//ccSGMRHS.ltrans0.ltrans.o
 .text.keyProcess
                0x00004200        0x4 /var/folders/cd/0s72k2v14299px3vkqj0bhsr0000gp/T//ccSGMRHS.ltrans0.ltrans.o
 .text.vsprintf
                0x00004204       0x1e /var/folders/cd/0s72k2v14299px3vkqj0bhsr0000gp/T//ccSGMRHS.ltrans0.ltrans.o
 .text.isWritingToFileAllowed
                0x00004222       0x1a /var/folders/cd/0s72k2v14299px3vkqj0bhsr0000gp/T//ccSGMRHS.ltrans0.ltrans.o
 .text._logOpen
                0x0000423c       0x4a /var/folders/cd/0s72k2v14299px3vkqj0bhsr0000gp/T//ccSGMRHS.ltrans0.ltrans.o
 .text._logPushIndent
                0x00004286       0x12 /var/folders/cd/0s72k2v14299px3vkqj0bhsr0000gp/T//ccSGMRHS.ltrans0.ltrans.o
 .text._logPopIndent
                0x00004298       0x12 /var/folders/cd/0s72k2v14299px3vkqj0bhsr0000gp/T//ccSGMRHS.ltrans0.ltrans.o
 .text._logWrite
                0x000042aa       0x1e /var/folders/cd/0s72k2v14299px3vkqj0bhsr0000gp/T//ccSGMRHS.ltrans0.ltrans.o
 .text._logWriteVa
                0x000042c8      0x110 /var/folders/cd/0s72k2v14299px3vkqj0bhsr0000gp/T//ccSGMRHS.ltrans0.ltrans.o
 .text._logClose
                0x000043d8       0x30 /var/folders/cd/0s72k2v14299px3vkqj0bhsr0000gp/T//ccSGMRHS.ltrans0.ltrans.o
 .text._logBlockBegin
                0x00004408       0xb0 /var/folders/cd/0s72k2v14299px3vkqj0bhsr0000gp/T//ccSGMRHS.ltrans0.ltrans.o
 .text._logBlockEnd
                0x000044b8       0xf2 /var/folders/cd/0s72k2v14299px3vkqj0bhsr0000gp/T//ccSGMRHS.ltrans0.ltrans.o
 .text._logPushInt
                0x000045aa       0x12 /var/folders/cd/0s72k2v14299px3vkqj0bhsr0000gp/T//ccSGMRHS.ltrans0.ltrans.o
 .text._logPopInt
                0x000045bc       0x28 /var/folders/cd/0s72k2v14299px3vkqj0bhsr0000gp/T//ccSGMRHS.ltrans0.ltrans.o
 .text._memEntryAdd
                0x000045e4      0x154 /var/folders/cd/0s72k2v14299px3vkqj0bhsr0000gp/T//ccSGMRHS.ltrans0.ltrans.o
 .text._memEntryDelete
                0x00004738      0x16a /var/folders/cd/0s72k2v14299px3vkqj0bhsr0000gp/T//ccSGMRHS.ltrans0.ltrans.o
 .text.memEntryCheckTrash
                0x000048a2      0x116 /var/folders/cd/0s72k2v14299px3vkqj0bhsr0000gp/T//ccSGMRHS.ltrans0.ltrans.o
 .text._memCheckIntegrity
                0x000049b8       0x4c /var/folders/cd/0s72k2v14299px3vkqj0bhsr0000gp/T//ccSGMRHS.ltrans0.ltrans.o
 .text._memCreate
                0x00004a04       0x28 /var/folders/cd/0s72k2v14299px3vkqj0bhsr0000gp/T//ccSGMRHS.ltrans0.ltrans.o
 .text._memDestroy
                0x00004a2c       0x7e /var/folders/cd/0s72k2v14299px3vkqj0bhsr0000gp/T//ccSGMRHS.ltrans0.ltrans.o
 .text._memAllocDbg
                0x00004aaa      0x142 /var/folders/cd/0s72k2v14299px3vkqj0bhsr0000gp/T//ccSGMRHS.ltrans0.ltrans.o
 .text._memFreeDbg
                0x00004bec       0x6e /var/folders/cd/0s72k2v14299px3vkqj0bhsr0000gp/T//ccSGMRHS.ltrans0.ltrans.o
 .text._memAllocRls
                0x00004c5a       0x96 /var/folders/cd/0s72k2v14299px3vkqj0bhsr0000gp/T//ccSGMRHS.ltrans0.ltrans.o
 .text._memFreeRls
                0x00004cf0       0x38 /var/folders/cd/0s72k2v14299px3vkqj0bhsr0000gp/T//ccSGMRHS.ltrans0.ltrans.o
 .text._memLogPeak
                0x00004d28       0x24 /var/folders/cd/0s72k2v14299px3vkqj0bhsr0000gp/T//ccSGMRHS.ltrans0.ltrans.o
 .text.memType  0x00004d4c       0x3e /var/folders/cd/0s72k2v14299px3vkqj0bhsr0000gp/T//ccSGMRHS.ltrans0.ltrans.o
 .text.mouseSetBounds
                0x00004d8a       0xaa /var/folders/cd/0s72k2v14299px3vkqj0bhsr0000gp/T//ccSGMRHS.ltrans0.ltrans.o
 .text.mouseSetButton
                0x00004e34       0x4c /var/folders/cd/0s72k2v14299px3vkqj0bhsr0000gp/T//ccSGMRHS.ltrans0.ltrans.o
 .text.mouseCheck.lto_priv.1
                0x00004e80       0x44 /var/folders/cd/0s72k2v14299px3vkqj0bhsr0000gp/T//ccSGMRHS.ltrans0.ltrans.o
 .text.mouseMoveBy
                0x00004ec4      0x11c /var/folders/cd/0s72k2v14299px3vkqj0bhsr0000gp/T//ccSGMRHS.ltrans0.ltrans.o
 .text.mouseResetPos
                0x00004fe0       0xaa /var/folders/cd/0s72k2v14299px3vkqj0bhsr0000gp/T//ccSGMRHS.ltrans0.ltrans.o
 .text.mouseCreate
                0x0000508a       0xd8 /var/folders/cd/0s72k2v14299px3vkqj0bhsr0000gp/T//ccSGMRHS.ltrans0.ltrans.o
 .text.mouseDestroy
                0x00005162       0x14 /var/folders/cd/0s72k2v14299px3vkqj0bhsr0000gp/T//ccSGMRHS.ltrans0.ltrans.o
 .text.mouseProcessPort
                0x00005176      0x1f4 /var/folders/cd/0s72k2v14299px3vkqj0bhsr0000gp/T//ccSGMRHS.ltrans0.ltrans.o
 .text.mouseProcess
                0x0000536a      0x130 /var/folders/cd/0s72k2v14299px3vkqj0bhsr0000gp/T//ccSGMRHS.ltrans0.ltrans.o
 .text.randCreate
                0x0000549a       0x56 /var/folders/cd/0s72k2v14299px3vkqj0bhsr0000gp/T//ccSGMRHS.ltrans0.ltrans.o
 .text.randInit
                0x000054f0       0x80 /var/folders/cd/0s72k2v14299px3vkqj0bhsr0000gp/T//ccSGMRHS.ltrans0.ltrans.o
 .text.copSetMoveVal.lto_priv.1
                0x00005570       0x1c /var/folders/cd/0s72k2v14299px3vkqj0bhsr0000gp/T//ccSGMRHS.ltrans0.ltrans.o
 .text.spriteChannelRequestCopperUpdate
                0x0000558c        0xe /var/folders/cd/0s72k2v14299px3vkqj0bhsr0000gp/T//ccSGMRHS.ltrans0.ltrans.o
 .text.spriteManagerCreate
                0x0000559a      0x15a /var/folders/cd/0s72k2v14299px3vkqj0bhsr0000gp/T//ccSGMRHS.ltrans0.ltrans.o
 .text.spriteAdd
                0x000056f4      0x11c /var/folders/cd/0s72k2v14299px3vkqj0bhsr0000gp/T//ccSGMRHS.ltrans0.ltrans.o
 .text.spriteSetEnabled
                0x00005810       0x4a /var/folders/cd/0s72k2v14299px3vkqj0bhsr0000gp/T//ccSGMRHS.ltrans0.ltrans.o
 .text.spriteSetBitmap
                0x0000585a       0xdc /var/folders/cd/0s72k2v14299px3vkqj0bhsr0000gp/T//ccSGMRHS.ltrans0.ltrans.o
 .text.spriteProcessChannel
                0x00005936      0x1e6 /var/folders/cd/0s72k2v14299px3vkqj0bhsr0000gp/T//ccSGMRHS.ltrans0.ltrans.o
 .text.spriteProcess
                0x00005b1c      0x130 /var/folders/cd/0s72k2v14299px3vkqj0bhsr0000gp/T//ccSGMRHS.ltrans0.ltrans.o
 .text.spriteSetHeight
                0x00005c4c       0x98 /var/folders/cd/0s72k2v14299px3vkqj0bhsr0000gp/T//ccSGMRHS.ltrans0.ltrans.o
 .text._checkNull
                0x00005ce4       0x38 /var/folders/cd/0s72k2v14299px3vkqj0bhsr0000gp/T//ccSGMRHS.ltrans0.ltrans.o
 .text.stateManagerCreate
                0x00005d1c       0x44 /var/folders/cd/0s72k2v14299px3vkqj0bhsr0000gp/T//ccSGMRHS.ltrans0.ltrans.o
 .text.stateManagerDestroy
                0x00005d60       0x6a /var/folders/cd/0s72k2v14299px3vkqj0bhsr0000gp/T//ccSGMRHS.ltrans0.ltrans.o
 .text.stateCreate
                0x00005dca       0x82 /var/folders/cd/0s72k2v14299px3vkqj0bhsr0000gp/T//ccSGMRHS.ltrans0.ltrans.o
 .text.stateDestroy
                0x00005e4c       0x5e /var/folders/cd/0s72k2v14299px3vkqj0bhsr0000gp/T//ccSGMRHS.ltrans0.ltrans.o
 .text.statePush
                0x00005eaa       0xd4 /var/folders/cd/0s72k2v14299px3vkqj0bhsr0000gp/T//ccSGMRHS.ltrans0.ltrans.o
 .text.statePopAll
                0x00005f7e       0x74 /var/folders/cd/0s72k2v14299px3vkqj0bhsr0000gp/T//ccSGMRHS.ltrans0.ltrans.o
 .text.stateProcess
                0x00005ff2       0x42 /var/folders/cd/0s72k2v14299px3vkqj0bhsr0000gp/T//ccSGMRHS.ltrans0.ltrans.o
 .text.keyReset
                0x00006034       0x2e /var/folders/cd/0s72k2v14299px3vkqj0bhsr0000gp/T//ccSGMRHS.ltrans0.ltrans.o
 .text.int1Handler
                0x00006062       0x18 /var/folders/cd/0s72k2v14299px3vkqj0bhsr0000gp/T//ccSGMRHS.ltrans0.ltrans.o
 .text.int2Handler
                0x0000607a       0xb6 /var/folders/cd/0s72k2v14299px3vkqj0bhsr0000gp/T//ccSGMRHS.ltrans0.ltrans.o
 .text.int3Handler
                0x00006130       0xe6 /var/folders/cd/0s72k2v14299px3vkqj0bhsr0000gp/T//ccSGMRHS.ltrans0.ltrans.o
 .text.int4Handler
                0x00006216      0x11c /var/folders/cd/0s72k2v14299px3vkqj0bhsr0000gp/T//ccSGMRHS.ltrans0.ltrans.o
 .text.int5Handler
                0x00006332       0x18 /var/folders/cd/0s72k2v14299px3vkqj0bhsr0000gp/T//ccSGMRHS.ltrans0.ltrans.o
 .text.int6Handler
                0x0000634a       0xf0 /var/folders/cd/0s72k2v14299px3vkqj0bhsr0000gp/T//ccSGMRHS.ltrans0.ltrans.o
 .text.int7Handler
                0x0000643a       0x18 /var/folders/cd/0s72k2v14299px3vkqj0bhsr0000gp/T//ccSGMRHS.ltrans0.ltrans.o
 .text.aceInputHandler
                0x00006452       0x46 /var/folders/cd/0s72k2v14299px3vkqj0bhsr0000gp/T//ccSGMRHS.ltrans0.ltrans.o
 .text.ciaIcrHandler
                0x00006498       0x2a /var/folders/cd/0s72k2v14299px3vkqj0bhsr0000gp/T//ccSGMRHS.ltrans0.ltrans.o
 .text.osIntVector
                0x000064c2       0x74 /var/folders/cd/0s72k2v14299px3vkqj0bhsr0000gp/T//ccSGMRHS.ltrans0.ltrans.o
 .text.osIntServer
                0x00006536       0x92 /var/folders/cd/0s72k2v14299px3vkqj0bhsr0000gp/T//ccSGMRHS.ltrans0.ltrans.o
 .text.msgPortCreate
                0x000065c8       0xf4 /var/folders/cd/0s72k2v14299px3vkqj0bhsr0000gp/T//ccSGMRHS.ltrans0.ltrans.o
 .text.msgPortDelete
                0x000066bc       0x60 /var/folders/cd/0s72k2v14299px3vkqj0bhsr0000gp/T//ccSGMRHS.ltrans0.ltrans.o
 .text.ioRequestInitialize
                0x0000671c       0x30 /var/folders/cd/0s72k2v14299px3vkqj0bhsr0000gp/T//ccSGMRHS.ltrans0.ltrans.o
 .text.ioRequestCreate
                0x0000674c       0x6e /var/folders/cd/0s72k2v14299px3vkqj0bhsr0000gp/T//ccSGMRHS.ltrans0.ltrans.o
 .text.ioRequestDestroy
                0x000067ba       0x3a /var/folders/cd/0s72k2v14299px3vkqj0bhsr0000gp/T//ccSGMRHS.ltrans0.ltrans.o
 .text.audioChannelAlloc
                0x000067f4      0x14a /var/folders/cd/0s72k2v14299px3vkqj0bhsr0000gp/T//ccSGMRHS.ltrans0.ltrans.o
 .text.audioChannelFree
                0x0000693e       0x92 /var/folders/cd/0s72k2v14299px3vkqj0bhsr0000gp/T//ccSGMRHS.ltrans0.ltrans.o
 .text.cdtvCdCommand
                0x000069d0       0x64 /var/folders/cd/0s72k2v14299px3vkqj0bhsr0000gp/T//ccSGMRHS.ltrans0.ltrans.o
 .text.cdtvPortAlloc
                0x00006a34       0xf0 /var/folders/cd/0s72k2v14299px3vkqj0bhsr0000gp/T//ccSGMRHS.ltrans0.ltrans.o
 .text.cdtvPortFree
                0x00006b24       0x34 /var/folders/cd/0s72k2v14299px3vkqj0bhsr0000gp/T//ccSGMRHS.ltrans0.ltrans.o
 .text.inputHandlerAdd
                0x00006b58      0x15a /var/folders/cd/0s72k2v14299px3vkqj0bhsr0000gp/T//ccSGMRHS.ltrans0.ltrans.o
 .text.inputHandlerRemove
                0x00006cb2       0x8e /var/folders/cd/0s72k2v14299px3vkqj0bhsr0000gp/T//ccSGMRHS.ltrans0.ltrans.o
 .text.interruptHandlerAdd
                0x00006d40      0x136 /var/folders/cd/0s72k2v14299px3vkqj0bhsr0000gp/T//ccSGMRHS.ltrans0.ltrans.o
 .text.interruptHandlerRemove
                0x00006e76       0xf6 /var/folders/cd/0s72k2v14299px3vkqj0bhsr0000gp/T//ccSGMRHS.ltrans0.ltrans.o
 .text.systemOsDisable
                0x00006f6c      0x2f8 /var/folders/cd/0s72k2v14299px3vkqj0bhsr0000gp/T//ccSGMRHS.ltrans0.ltrans.o
 .text.ciaIcrHandlerAdd
                0x00007264      0x294 /var/folders/cd/0s72k2v14299px3vkqj0bhsr0000gp/T//ccSGMRHS.ltrans0.ltrans.o
 .text.ciaIcrHandlerRemove
                0x000074f8       0x92 /var/folders/cd/0s72k2v14299px3vkqj0bhsr0000gp/T//ccSGMRHS.ltrans0.ltrans.o
 .text.systemFlushIo
                0x0000758a      0x12e /var/folders/cd/0s72k2v14299px3vkqj0bhsr0000gp/T//ccSGMRHS.ltrans0.ltrans.o
 .text.systemKill
                0x000076b8       0xee /var/folders/cd/0s72k2v14299px3vkqj0bhsr0000gp/T//ccSGMRHS.ltrans0.ltrans.o
 .text.systemCreate
                0x000077a6      0x46e /var/folders/cd/0s72k2v14299px3vkqj0bhsr0000gp/T//ccSGMRHS.ltrans0.ltrans.o
 .text.systemDestroy
                0x00007c14      0x242 /var/folders/cd/0s72k2v14299px3vkqj0bhsr0000gp/T//ccSGMRHS.ltrans0.ltrans.o
 .text.systemUnuse
                0x00007e56       0x90 /var/folders/cd/0s72k2v14299px3vkqj0bhsr0000gp/T//ccSGMRHS.ltrans0.ltrans.o
 .text.systemUse
                0x00007ee6      0x208 /var/folders/cd/0s72k2v14299px3vkqj0bhsr0000gp/T//ccSGMRHS.ltrans0.ltrans.o
 .text.systemGetBlitterFromOs
                0x000080ee       0x5c /var/folders/cd/0s72k2v14299px3vkqj0bhsr0000gp/T//ccSGMRHS.ltrans0.ltrans.o
 .text.systemReleaseBlitterToOs
                0x0000814a       0x36 /var/folders/cd/0s72k2v14299px3vkqj0bhsr0000gp/T//ccSGMRHS.ltrans0.ltrans.o
 .text.systemSetKeyInputHandler
                0x00008180        0xc /var/folders/cd/0s72k2v14299px3vkqj0bhsr0000gp/T//ccSGMRHS.ltrans0.ltrans.o
 .text.systemSetCiaInt
                0x0000818c       0x8a /var/folders/cd/0s72k2v14299px3vkqj0bhsr0000gp/T//ccSGMRHS.ltrans0.ltrans.o
 .text.systemSetDmaBit
                0x00008216       0x42 /var/folders/cd/0s72k2v14299px3vkqj0bhsr0000gp/T//ccSGMRHS.ltrans0.ltrans.o
 .text.systemSetDmaMask
                0x00008258       0xb0 /var/folders/cd/0s72k2v14299px3vkqj0bhsr0000gp/T//ccSGMRHS.ltrans0.ltrans.o
 .text.systemIdleBegin
                0x00008308        0xa /var/folders/cd/0s72k2v14299px3vkqj0bhsr0000gp/T//ccSGMRHS.ltrans0.ltrans.o
 .text.systemIdleEnd
                0x00008312        0xa /var/folders/cd/0s72k2v14299px3vkqj0bhsr0000gp/T//ccSGMRHS.ltrans0.ltrans.o
 .text.systemGetVerticalBlankFrequency
                0x0000831c        0xc /var/folders/cd/0s72k2v14299px3vkqj0bhsr0000gp/T//ccSGMRHS.ltrans0.ltrans.o
 .text.systemIsPal
                0x00008328       0x1e /var/folders/cd/0s72k2v14299px3vkqj0bhsr0000gp/T//ccSGMRHS.ltrans0.ltrans.o
 .text.systemCheckStack
                0x00008346       0x4a /var/folders/cd/0s72k2v14299px3vkqj0bhsr0000gp/T//ccSGMRHS.ltrans0.ltrans.o
 .text.timerCreate
                0x00008390        0xc /var/folders/cd/0s72k2v14299px3vkqj0bhsr0000gp/T//ccSGMRHS.ltrans0.ltrans.o
 .text.timerDestroy
                0x0000839c        0x4 /var/folders/cd/0s72k2v14299px3vkqj0bhsr0000gp/T//ccSGMRHS.ltrans0.ltrans.o
 .text.timerGet
                0x000083a0       0x10 /var/folders/cd/0s72k2v14299px3vkqj0bhsr0000gp/T//ccSGMRHS.ltrans0.ltrans.o
 .text.timerOnInterrupt
                0x000083b0       0x12 /var/folders/cd/0s72k2v14299px3vkqj0bhsr0000gp/T//ccSGMRHS.ltrans0.ltrans.o
 .text.timerGetPrec
                0x000083c2       0xae /var/folders/cd/0s72k2v14299px3vkqj0bhsr0000gp/T//ccSGMRHS.ltrans0.ltrans.o
 .text.timerGetDelta
                0x00008470       0x20 /var/folders/cd/0s72k2v14299px3vkqj0bhsr0000gp/T//ccSGMRHS.ltrans0.ltrans.o
 .text.timerProcess
                0x00008490       0x64 /var/folders/cd/0s72k2v14299px3vkqj0bhsr0000gp/T//ccSGMRHS.ltrans0.ltrans.o
 .text.timerFormatPrec
                0x000084f4      0x118 /var/folders/cd/0s72k2v14299px3vkqj0bhsr0000gp/T//ccSGMRHS.ltrans0.ltrans.o
 .text.cameraCreate
                0x0000860c      0x154 /var/folders/cd/0s72k2v14299px3vkqj0bhsr0000gp/T//ccSGMRHS.ltrans0.ltrans.o
 .text.cameraDestroy
                0x00008760       0x3c /var/folders/cd/0s72k2v14299px3vkqj0bhsr0000gp/T//ccSGMRHS.ltrans0.ltrans.o
 .text.cameraProcess
                0x0000879c       0x46 /var/folders/cd/0s72k2v14299px3vkqj0bhsr0000gp/T//ccSGMRHS.ltrans0.ltrans.o
 .text.cameraReset
                0x000087e2      0x142 /var/folders/cd/0s72k2v14299px3vkqj0bhsr0000gp/T//ccSGMRHS.ltrans0.ltrans.o
 .text.cameraIsMoved
                0x00008924       0x30 /var/folders/cd/0s72k2v14299px3vkqj0bhsr0000gp/T//ccSGMRHS.ltrans0.ltrans.o
 .text.copSetMoveVal.lto_priv.3
                0x00008954       0x1c /var/folders/cd/0s72k2v14299px3vkqj0bhsr0000gp/T//ccSGMRHS.ltrans0.ltrans.o
 .text.setBitplanePtrs
                0x00008970       0xc4 /var/folders/cd/0s72k2v14299px3vkqj0bhsr0000gp/T//ccSGMRHS.ltrans0.ltrans.o
 .text.updateBitplanePtrs
                0x00008a34       0x8e /var/folders/cd/0s72k2v14299px3vkqj0bhsr0000gp/T//ccSGMRHS.ltrans0.ltrans.o
 .text.simpleBufferInitializeCopperList
                0x00008ac2      0x5a2 /var/folders/cd/0s72k2v14299px3vkqj0bhsr0000gp/T//ccSGMRHS.ltrans0.ltrans.o
 .text.simpleBufferSetBack
                0x00009064       0x3e /var/folders/cd/0s72k2v14299px3vkqj0bhsr0000gp/T//ccSGMRHS.ltrans0.ltrans.o
 .text.simpleBufferCalcBplOffsAndShift
                0x000090a2       0xfa /var/folders/cd/0s72k2v14299px3vkqj0bhsr0000gp/T//ccSGMRHS.ltrans0.ltrans.o
 .text.simpleBufferSetFront
                0x0000919c       0x64 /var/folders/cd/0s72k2v14299px3vkqj0bhsr0000gp/T//ccSGMRHS.ltrans0.ltrans.o
 .text.simpleBufferCreate
                0x00009200      0x4c0 /var/folders/cd/0s72k2v14299px3vkqj0bhsr0000gp/T//ccSGMRHS.ltrans0.ltrans.o
 .text.simpleBufferDestroy
                0x000096c0       0xac /var/folders/cd/0s72k2v14299px3vkqj0bhsr0000gp/T//ccSGMRHS.ltrans0.ltrans.o
 .text.simpleBufferProcess
                0x0000976c      0x26e /var/folders/cd/0s72k2v14299px3vkqj0bhsr0000gp/T//ccSGMRHS.ltrans0.ltrans.o
 .text.simpleBufferGetRawCopperlistInstructionCount
                0x000099da       0x1c /var/folders/cd/0s72k2v14299px3vkqj0bhsr0000gp/T//ccSGMRHS.ltrans0.ltrans.o
 .text.bitmapCreate
                0x000099f6      0x542 /var/folders/cd/0s72k2v14299px3vkqj0bhsr0000gp/T//ccSGMRHS.ltrans0.ltrans.o
 .text.bitmapCreateFromPath
                0x00009f38       0x3a /var/folders/cd/0s72k2v14299px3vkqj0bhsr0000gp/T//ccSGMRHS.ltrans0.ltrans.o
 .text.bitmapCreateFromFd
                0x00009f72      0x2fe /var/folders/cd/0s72k2v14299px3vkqj0bhsr0000gp/T//ccSGMRHS.ltrans0.ltrans.o
 .text.bitmapDestroy
                0x0000a270      0x1b4 /var/folders/cd/0s72k2v14299px3vkqj0bhsr0000gp/T//ccSGMRHS.ltrans0.ltrans.o
 .text.bitmapIsInterleaved
                0x0000a424       0x2e /var/folders/cd/0s72k2v14299px3vkqj0bhsr0000gp/T//ccSGMRHS.ltrans0.ltrans.o
 .text.bitmapIsChip
                0x0000a452       0x1c /var/folders/cd/0s72k2v14299px3vkqj0bhsr0000gp/T//ccSGMRHS.ltrans0.ltrans.o
 .text.bitmapGetByteWidth
                0x0000a46e       0x30 /var/folders/cd/0s72k2v14299px3vkqj0bhsr0000gp/T//ccSGMRHS.ltrans0.ltrans.o
 .text.ciaGetTimerA
                0x0000a49e       0x3a /var/folders/cd/0s72k2v14299px3vkqj0bhsr0000gp/T//ccSGMRHS.ltrans0.ltrans.o
 .text.ciaSetTimerA
                0x0000a4d8       0x2e /var/folders/cd/0s72k2v14299px3vkqj0bhsr0000gp/T//ccSGMRHS.ltrans0.ltrans.o
 .text.ciaGetTimerB
                0x0000a506       0x3a /var/folders/cd/0s72k2v14299px3vkqj0bhsr0000gp/T//ccSGMRHS.ltrans0.ltrans.o
 .text.ciaSetTimerB
                0x0000a540       0x2e /var/folders/cd/0s72k2v14299px3vkqj0bhsr0000gp/T//ccSGMRHS.ltrans0.ltrans.o
 .text.getRayPos
                0x0000a56e       0x54 /var/folders/cd/0s72k2v14299px3vkqj0bhsr0000gp/T//ccSGMRHS.ltrans0.ltrans.o
 .text.fileAccessEnable
                0x0000a5c2       0x10 /var/folders/cd/0s72k2v14299px3vkqj0bhsr0000gp/T//ccSGMRHS.ltrans0.ltrans.o
 .text.fileAccessDisable
                0x0000a5d2       0x10 /var/folders/cd/0s72k2v14299px3vkqj0bhsr0000gp/T//ccSGMRHS.ltrans0.ltrans.o
 .text.diskFileClose
                0x0000a5e2       0x8a /var/folders/cd/0s72k2v14299px3vkqj0bhsr0000gp/T//ccSGMRHS.ltrans0.ltrans.o
 .text.diskFileRead
                0x0000a66c      0x232 /var/folders/cd/0s72k2v14299px3vkqj0bhsr0000gp/T//ccSGMRHS.ltrans0.ltrans.o
 .text.diskFileWrite
                0x0000a89e      0x13a /var/folders/cd/0s72k2v14299px3vkqj0bhsr0000gp/T//ccSGMRHS.ltrans0.ltrans.o
 .text.diskFileSeek
                0x0000a9d8      0x192 /var/folders/cd/0s72k2v14299px3vkqj0bhsr0000gp/T//ccSGMRHS.ltrans0.ltrans.o
 .text.diskFileGetPos
                0x0000ab6a       0x62 /var/folders/cd/0s72k2v14299px3vkqj0bhsr0000gp/T//ccSGMRHS.ltrans0.ltrans.o
 .text.diskFileGetSize
                0x0000abcc       0x78 /var/folders/cd/0s72k2v14299px3vkqj0bhsr0000gp/T//ccSGMRHS.ltrans0.ltrans.o
 .text.diskFileIsEof
                0x0000ac44       0x62 /var/folders/cd/0s72k2v14299px3vkqj0bhsr0000gp/T//ccSGMRHS.ltrans0.ltrans.o
 .text.diskFileFlush
                0x0000aca6       0x36 /var/folders/cd/0s72k2v14299px3vkqj0bhsr0000gp/T//ccSGMRHS.ltrans0.ltrans.o
 .text.diskFileOpen
                0x0000acdc      0x13c /var/folders/cd/0s72k2v14299px3vkqj0bhsr0000gp/T//ccSGMRHS.ltrans0.ltrans.o
 .text.viewCreate
                0x0000ae18      0x470 /var/folders/cd/0s72k2v14299px3vkqj0bhsr0000gp/T//ccSGMRHS.ltrans0.ltrans.o
 .text.viewDestroy
                0x0000b288       0x9a /var/folders/cd/0s72k2v14299px3vkqj0bhsr0000gp/T//ccSGMRHS.ltrans0.ltrans.o
 .text.vPortProcessManagers
                0x0000b322       0x28 /var/folders/cd/0s72k2v14299px3vkqj0bhsr0000gp/T//ccSGMRHS.ltrans0.ltrans.o
 .text.viewProcessManagers
                0x0000b34a       0x28 /var/folders/cd/0s72k2v14299px3vkqj0bhsr0000gp/T//ccSGMRHS.ltrans0.ltrans.o
 .text.viewUpdateGlobalPalette
                0x0000b372       0x68 /var/folders/cd/0s72k2v14299px3vkqj0bhsr0000gp/T//ccSGMRHS.ltrans0.ltrans.o
 .text.viewLoad
                0x0000b3da      0x3c6 /var/folders/cd/0s72k2v14299px3vkqj0bhsr0000gp/T//ccSGMRHS.ltrans0.ltrans.o
 .text.vPortCreate
                0x0000b7a0      0x45e /var/folders/cd/0s72k2v14299px3vkqj0bhsr0000gp/T//ccSGMRHS.ltrans0.ltrans.o
 .text.vPortDestroy
                0x0000bbfe      0x130 /var/folders/cd/0s72k2v14299px3vkqj0bhsr0000gp/T//ccSGMRHS.ltrans0.ltrans.o
 .text.vPortWaitForPos
                0x0000bd2e      0x100 /var/folders/cd/0s72k2v14299px3vkqj0bhsr0000gp/T//ccSGMRHS.ltrans0.ltrans.o
 .text.vPortWaitForEnd
                0x0000be2e       0x28 /var/folders/cd/0s72k2v14299px3vkqj0bhsr0000gp/T//ccSGMRHS.ltrans0.ltrans.o
 .text.vPortAddManager
                0x0000be56       0xf0 /var/folders/cd/0s72k2v14299px3vkqj0bhsr0000gp/T//ccSGMRHS.ltrans0.ltrans.o
 .text.vPortRmManager
                0x0000bf46       0xee /var/folders/cd/0s72k2v14299px3vkqj0bhsr0000gp/T//ccSGMRHS.ltrans0.ltrans.o
 .text.vPortGetManager
                0x0000c034       0x40 /var/folders/cd/0s72k2v14299px3vkqj0bhsr0000gp/T//ccSGMRHS.ltrans0.ltrans.o
 .text.fileClose
                0x0000c074       0x5c /var/folders/cd/0s72k2v14299px3vkqj0bhsr0000gp/T//ccSGMRHS.ltrans0.ltrans.o
 .text.fileRead
                0x0000c0d0       0x4c /var/folders/cd/0s72k2v14299px3vkqj0bhsr0000gp/T//ccSGMRHS.ltrans0.ltrans.o
 .text.fileWrite
                0x0000c11c       0x38 /var/folders/cd/0s72k2v14299px3vkqj0bhsr0000gp/T//ccSGMRHS.ltrans0.ltrans.o
 .text.fileSeek
                0x0000c154       0x4c /var/folders/cd/0s72k2v14299px3vkqj0bhsr0000gp/T//ccSGMRHS.ltrans0.ltrans.o
 .text.fileFlush
                0x0000c1a0       0x30 /var/folders/cd/0s72k2v14299px3vkqj0bhsr0000gp/T//ccSGMRHS.ltrans0.ltrans.o
 .text.fontCreateFromPath
                0x0000c1d0       0x20 /var/folders/cd/0s72k2v14299px3vkqj0bhsr0000gp/T//ccSGMRHS.ltrans0.ltrans.o
 .text.fontCreateFromFd
                0x0000c1f0      0x22a /var/folders/cd/0s72k2v14299px3vkqj0bhsr0000gp/T//ccSGMRHS.ltrans0.ltrans.o
 .text.paletteLoadFromPath
                0x0000c41a       0x40 /var/folders/cd/0s72k2v14299px3vkqj0bhsr0000gp/T//ccSGMRHS.ltrans0.ltrans.o
 .text.paletteLoadFromFd
                0x0000c45a       0xd6 /var/folders/cd/0s72k2v14299px3vkqj0bhsr0000gp/T//ccSGMRHS.ltrans0.ltrans.o
 .text.spriteDisableInCopBlockMode
                0x0000c530      0x104 /var/folders/cd/0s72k2v14299px3vkqj0bhsr0000gp/T//ccSGMRHS.ltrans0.ltrans.o
 .text.spriteDisableInCopRawMode
                0x0000c634      0x142 /var/folders/cd/0s72k2v14299px3vkqj0bhsr0000gp/T//ccSGMRHS.ltrans0.ltrans.o
 .text.tagGet   0x0000c776       0xaa /var/folders/cd/0s72k2v14299px3vkqj0bhsr0000gp/T//ccSGMRHS.ltrans0.ltrans.o
 .text._out_buffer
                0x0000c820       0x28 /var/folders/cd/0s72k2v14299px3vkqj0bhsr0000gp/T//ccSGMRHS.ltrans0.ltrans.o
 .text._out_null
                0x0000c848       0x12 /var/folders/cd/0s72k2v14299px3vkqj0bhsr0000gp/T//ccSGMRHS.ltrans0.ltrans.o
 .text._strnlen_s
                0x0000c85a       0x2a /var/folders/cd/0s72k2v14299px3vkqj0bhsr0000gp/T//ccSGMRHS.ltrans0.ltrans.o
 .text._is_digit
                0x0000c884       0x2c /var/folders/cd/0s72k2v14299px3vkqj0bhsr0000gp/T//ccSGMRHS.ltrans0.ltrans.o
 .text._atoi    0x0000c8b0       0x54 /var/folders/cd/0s72k2v14299px3vkqj0bhsr0000gp/T//ccSGMRHS.ltrans0.ltrans.o
 .text._out_rev
                0x0000c904       0xce /var/folders/cd/0s72k2v14299px3vkqj0bhsr0000gp/T//ccSGMRHS.ltrans0.ltrans.o
 .text._ntoa_format
                0x0000c9d2      0x208 /var/folders/cd/0s72k2v14299px3vkqj0bhsr0000gp/T//ccSGMRHS.ltrans0.ltrans.o
 .text._ntoa_long
                0x0000cbda       0xe8 /var/folders/cd/0s72k2v14299px3vkqj0bhsr0000gp/T//ccSGMRHS.ltrans0.ltrans.o
 .text._vsnprintf
                0x0000ccc2      0x95c /var/folders/cd/0s72k2v14299px3vkqj0bhsr0000gp/T//ccSGMRHS.ltrans0.ltrans.o
 .text.sprintf  0x0000d61e       0x34 /var/folders/cd/0s72k2v14299px3vkqj0bhsr0000gp/T//ccSGMRHS.ltrans0.ltrans.o
                0x0000d61e                sprintf
 .text.vsnprintf
                0x0000d652       0x22 /var/folders/cd/0s72k2v14299px3vkqj0bhsr0000gp/T//ccSGMRHS.ltrans0.ltrans.o
                0x0000d652                vsnprintf
 .text.fopen    0x0000d674       0x96 /var/folders/cd/0s72k2v14299px3vkqj0bhsr0000gp/T//ccSGMRHS.ltrans0.ltrans.o
 .text.fread    0x0000d70a       0x70 /var/folders/cd/0s72k2v14299px3vkqj0bhsr0000gp/T//ccSGMRHS.ltrans0.ltrans.o
 .text.fwrite   0x0000d77a       0x70 /var/folders/cd/0s72k2v14299px3vkqj0bhsr0000gp/T//ccSGMRHS.ltrans0.ltrans.o
                0x0000d77a                fwrite
 .text.fclose   0x0000d7ea       0x26 /var/folders/cd/0s72k2v14299px3vkqj0bhsr0000gp/T//ccSGMRHS.ltrans0.ltrans.o
 .text.fseek    0x0000d810       0x62 /var/folders/cd/0s72k2v14299px3vkqj0bhsr0000gp/T//ccSGMRHS.ltrans0.ltrans.o
 .text.fflush   0x0000d872        0x4 /var/folders/cd/0s72k2v14299px3vkqj0bhsr0000gp/T//ccSGMRHS.ltrans0.ltrans.o
 .text.ftell    0x0000d876       0x48 /var/folders/cd/0s72k2v14299px3vkqj0bhsr0000gp/T//ccSGMRHS.ltrans0.ltrans.o
 .text.feof     0x0000d8be        0x4 /var/folders/cd/0s72k2v14299px3vkqj0bhsr0000gp/T//ccSGMRHS.ltrans0.ltrans.o
 .text.strlen   0x0000d8c2       0x20 /var/folders/cd/0s72k2v14299px3vkqj0bhsr0000gp/T//ccSGMRHS.ltrans0.ltrans.o
                0x0000d8c2                strlen
 .text.memset   0x0000d8e2       0x30 /var/folders/cd/0s72k2v14299px3vkqj0bhsr0000gp/T//ccSGMRHS.ltrans0.ltrans.o
                0x0000d8e2                memset
 .text.memcpy   0x0000d912       0x4c /var/folders/cd/0s72k2v14299px3vkqj0bhsr0000gp/T//ccSGMRHS.ltrans0.ltrans.o
                0x0000d912                memcpy
 .text.debug_cmd
                0x0000d95e       0x40 /var/folders/cd/0s72k2v14299px3vkqj0bhsr0000gp/T//ccSGMRHS.ltrans0.ltrans.o
 .text.debug_start_idle
                0x0000d99e       0x1a /var/folders/cd/0s72k2v14299px3vkqj0bhsr0000gp/T//ccSGMRHS.ltrans0.ltrans.o
 .text.debug_stop_idle
                0x0000d9b8       0x18 /var/folders/cd/0s72k2v14299px3vkqj0bhsr0000gp/T//ccSGMRHS.ltrans0.ltrans.o
 .text.__mulsi3
                0x0000d9d0       0x22 _deps/bartman_gcc_support-build/CMakeFiles/bartman_gcc_support.dir/src/gcc8_a_support.s.obj
                0x0000d9d0                __mulsi3
 .text.__udivsi3
                0x0000d9f2       0x5c _deps/bartman_gcc_support-build/CMakeFiles/bartman_gcc_support.dir/src/gcc8_a_support.s.obj
                0x0000d9f2                __udivsi3
 .text.__divsi3
                0x0000da4e       0x2e _deps/bartman_gcc_support-build/CMakeFiles/bartman_gcc_support.dir/src/gcc8_a_support.s.obj
                0x0000da4e                __divsi3
 .text.__umodsi3
                0x0000da7c       0x2e _deps/bartman_gcc_support-build/CMakeFiles/bartman_gcc_support.dir/src/gcc8_a_support.s.obj
                0x0000da7c                __umodsi3
 *(.gnu.warning)

.fini
 *(SORT_NONE(.fini))
                [!provide]                        PROVIDE (__etext = .)
                [!provide]                        PROVIDE (_etext = .)
                [!provide]                        PROVIDE (etext = .)

.rodata         0x0000daaa     0x41d2
 *(.rodata .rodata.* .gnu.linkonce.r.*)
 .rodata        0x0000daaa     0x4170 /var/folders/cd/0s72k2v14299px3vkqj0bhsr0000gp/T//ccSGMRHS.ltrans0.ltrans.o
 .rodata.s_pAceHwInterrupts
                0x00011c1a       0x1c /var/folders/cd/0s72k2v14299px3vkqj0bhsr0000gp/T//ccSGMRHS.ltrans0.ltrans.o
 .rodata.s_pCopperWaitXByBitplanes.lto_priv.3
                0x00011c36       0x12 /var/folders/cd/0s72k2v14299px3vkqj0bhsr0000gp/T//ccSGMRHS.ltrans0.ltrans.o
 .rodata.g_pCustom
                0x00011c48        0x4 /var/folders/cd/0s72k2v14299px3vkqj0bhsr0000gp/T//ccSGMRHS.ltrans0.ltrans.o
 .rodata.g_pBplFetch
                0x00011c4c        0x4 /var/folders/cd/0s72k2v14299px3vkqj0bhsr0000gp/T//ccSGMRHS.ltrans0.ltrans.o
 .rodata.g_pSprFetch
                0x00011c50        0x4 /var/folders/cd/0s72k2v14299px3vkqj0bhsr0000gp/T//ccSGMRHS.ltrans0.ltrans.o
 .rodata.g_pCia
                0x00011c54        0x8 /var/folders/cd/0s72k2v14299px3vkqj0bhsr0000gp/T//ccSGMRHS.ltrans0.ltrans.o
 .rodata.s_sDiskFileCallbacks
                0x00011c5c       0x20 /var/folders/cd/0s72k2v14299px3vkqj0bhsr0000gp/T//ccSGMRHS.ltrans0.ltrans.o

text            0x00011c7c       0x26
 text           0x00011c7c       0x26 /var/folders/cd/0s72k2v14299px3vkqj0bhsr0000gp/T//ccSGMRHS.ltrans0.ltrans.o

.rodata1
 *(.rodata1)

.eh_frame_hdr
 *(.eh_frame_hdr)
 *(.eh_frame_entry .eh_frame_entry.*)

.eh_frame
 *(.eh_frame)
 *(.eh_frame.*)

.sframe
 *(.sframe)
 *(.sframe.*)

.gcc_except_table
 *(.gcc_except_table .gcc_except_table.*)

.gnu_extab
 *(.gnu_extab*)

.exception_ranges
 *(.exception_ranges*)

.note.build-id
 *(.note.build-id)

.note.GNU-stack
 *(.note.GNU-stack)

.note.gnu-property
 *(.note.gnu-property)

.note.ABI-tag
 *(.note.ABI-tag)

.note.package
 *(.note.package)

.note.dlopen
 *(.note.dlopen)

.note.netbsd.ident
 *(.note.netbsd.ident)

.note.openbsd.ident
 *(.note.openbsd.ident)
                0x00012000                        . = DATA_SEGMENT_ALIGN (CONSTANT (MAXPAGESIZE), CONSTANT (COMMONPAGESIZE))

.eh_frame
 *(.eh_frame)
 *(.eh_frame.*)

.sframe
 *(.sframe)
 *(.sframe.*)

.gnu_extab
 *(.gnu_extab)

.gcc_except_table
 *(.gcc_except_table .gcc_except_table.*)

.exception_ranges
 *(.exception_ranges*)

.tdata          0x00012000        0x0
                [!provide]                        PROVIDE (__tdata_start = .)
 *(.tdata .tdata.* .gnu.linkonce.td.*)

.tbss
 *(.tbss .tbss.* .gnu.linkonce.tb.*)
 *(.tcommon)

.preinit_array  0x00012000        0x0
                0x00012000                        PROVIDE (__preinit_array_start = .)
 *(.preinit_array)
                0x00012000                        PROVIDE (__preinit_array_end = .)

.init_array     0x00012000        0x0
                0x00012000                        PROVIDE (__init_array_start = .)
 *(SORT_BY_INIT_PRIORITY(.init_array.*) SORT_BY_INIT_PRIORITY(.ctors.*))
 *(.init_array EXCLUDE_FILE(*crtend?.o *crtend.o *crtbegin?.o *crtbegin.o) .ctors)
                0x00012000                        PROVIDE (__init_array_end = .)

.fini_array     0x00012000        0x0
                0x00012000                        PROVIDE (__fini_array_start = .)
 *(SORT_BY_INIT_PRIORITY(.fini_array.*) SORT_BY_INIT_PRIORITY(.dtors.*))
 *(.fini_array EXCLUDE_FILE(*crtend?.o *crtend.o *crtbegin?.o *crtbegin.o) .dtors)
                0x00012000                        PROVIDE (__fini_array_end = .)

.ctors
 *crtbegin.o(.ctors)
 *crtbegin?.o(.ctors)
 *(EXCLUDE_FILE(*crtend?.o *crtend.o) .ctors)
 *(SORT_BY_NAME(.ctors.*))
 *(.ctors)

.dtors
 *crtbegin.o(.dtors)
 *crtbegin?.o(.dtors)
 *(EXCLUDE_FILE(*crtend?.o *crtend.o) .dtors)
 *(SORT_BY_NAME(.dtors.*))
 *(.dtors)

.jcr
 *(.jcr)

.data.rel.ro
 *(.data.rel.ro.local* .gnu.linkonce.d.rel.ro.local.*)
 *(.data.rel.ro .data.rel.ro.* .gnu.linkonce.d.rel.ro.*)

.dynamic
 *(.dynamic)
                0x00012000                        . = DATA_SEGMENT_RELRO_END (., 0x0)

.got
 *(.got.plt)
 *(.igot.plt)
 *(.got)
 *(.igot)

.data           0x00012000        0xc
 *(.data .data.* .gnu.linkonce.d.*)
 .data.currentPlayer
                0x00012000        0x1 /var/folders/cd/0s72k2v14299px3vkqj0bhsr0000gp/T//ccSGMRHS.ltrans0.ltrans.o
 .data.s_isGameRunning
                0x00012001        0x1 /var/folders/cd/0s72k2v14299px3vkqj0bhsr0000gp/T//ccSGMRHS.ltrans0.ltrans.o
 .data.s_pAceCiaTimerA
                0x00012002        0x4 /var/folders/cd/0s72k2v14299px3vkqj0bhsr0000gp/T//ccSGMRHS.ltrans0.ltrans.o
 .data.s_pAceCiaTimerB
                0x00012006        0x4 /var/folders/cd/0s72k2v14299px3vkqj0bhsr0000gp/T//ccSGMRHS.ltrans0.ltrans.o
 .data.s_uwOsVectorInts
                0x0001200a        0x2 /var/folders/cd/0s72k2v14299px3vkqj0bhsr0000gp/T//ccSGMRHS.ltrans0.ltrans.o

.data1
 *(.data1)
                0x0001200c                        _edata = .
                [!provide]                        PROVIDE (edata = .)
                0x0001200c                        . = ALIGN (ALIGNOF (NEXT_SECTION))
                0x0001200c                        __bss_start = .

.bss            0x0001200c     0x162c
 *(.dynbss)
 *(.bss .bss.* .gnu.linkonce.b.*)
 .bss.g_pStateManager
                0x0001200c        0x4 /var/folders/cd/0s72k2v14299px3vkqj0bhsr0000gp/T//ccSGMRHS.ltrans0.ltrans.o
 .bss.g_pGameState
                0x00012010        0x4 /var/folders/cd/0s72k2v14299px3vkqj0bhsr0000gp/T//ccSGMRHS.ltrans0.ltrans.o
 .bss.g_pMenuState
                0x00012014        0x4 /var/folders/cd/0s72k2v14299px3vkqj0bhsr0000gp/T//ccSGMRHS.ltrans0.ltrans.o
 .bss.s_pView.lto_priv.0
                0x00012018        0x4 /var/folders/cd/0s72k2v14299px3vkqj0bhsr0000gp/T//ccSGMRHS.ltrans0.ltrans.o
 .bss.s_pVpMain
                0x0001201c        0x4 /var/folders/cd/0s72k2v14299px3vkqj0bhsr0000gp/T//ccSGMRHS.ltrans0.ltrans.o
 .bss.s_pMainBuffer
                0x00012020        0x4 /var/folders/cd/0s72k2v14299px3vkqj0bhsr0000gp/T//ccSGMRHS.ltrans0.ltrans.o
 .bss.s_pRandManager
                0x00012024        0x4 /var/folders/cd/0s72k2v14299px3vkqj0bhsr0000gp/T//ccSGMRHS.ltrans0.ltrans.o
 .bss.attackers
                0x00012028      0x120 /var/folders/cd/0s72k2v14299px3vkqj0bhsr0000gp/T//ccSGMRHS.ltrans0.ltrans.o
 .bss.defenders
                0x00012148       0x9c /var/folders/cd/0s72k2v14299px3vkqj0bhsr0000gp/T//ccSGMRHS.ltrans0.ltrans.o
 .bss.pBmBoard  0x000121e4        0x4 /var/folders/cd/0s72k2v14299px3vkqj0bhsr0000gp/T//ccSGMRHS.ltrans0.ltrans.o
 .bss.pBmAttackers
                0x000121e8       0x60 /var/folders/cd/0s72k2v14299px3vkqj0bhsr0000gp/T//ccSGMRHS.ltrans0.ltrans.o
 .bss.pBmAttackers_Mask
                0x00012248       0x60 /var/folders/cd/0s72k2v14299px3vkqj0bhsr0000gp/T//ccSGMRHS.ltrans0.ltrans.o
 .bss.pBmAttackers_BG
                0x000122a8       0x60 /var/folders/cd/0s72k2v14299px3vkqj0bhsr0000gp/T//ccSGMRHS.ltrans0.ltrans.o
 .bss.pBmDefenders
                0x00012308       0x34 /var/folders/cd/0s72k2v14299px3vkqj0bhsr0000gp/T//ccSGMRHS.ltrans0.ltrans.o
 .bss.pBmDefenders_Mask
                0x0001233c       0x34 /var/folders/cd/0s72k2v14299px3vkqj0bhsr0000gp/T//ccSGMRHS.ltrans0.ltrans.o
 .bss.pBmDefenders_BG
                0x00012370       0x34 /var/folders/cd/0s72k2v14299px3vkqj0bhsr0000gp/T//ccSGMRHS.ltrans0.ltrans.o
 .bss.pBmKing   0x000123a4        0x4 /var/folders/cd/0s72k2v14299px3vkqj0bhsr0000gp/T//ccSGMRHS.ltrans0.ltrans.o
 .bss.pBmKing_Mask
                0x000123a8        0x4 /var/folders/cd/0s72k2v14299px3vkqj0bhsr0000gp/T//ccSGMRHS.ltrans0.ltrans.o
 .bss.pBmKing_BG
                0x000123ac        0x4 /var/folders/cd/0s72k2v14299px3vkqj0bhsr0000gp/T//ccSGMRHS.ltrans0.ltrans.o
 .bss.pBmClashFX
                0x000123b0        0x4 /var/folders/cd/0s72k2v14299px3vkqj0bhsr0000gp/T//ccSGMRHS.ltrans0.ltrans.o
 .bss.pBmClashFX_Mask
                0x000123b4        0x4 /var/folders/cd/0s72k2v14299px3vkqj0bhsr0000gp/T//ccSGMRHS.ltrans0.ltrans.o
 .bss.pBmSquareHighlight
                0x000123b8        0x4 /var/folders/cd/0s72k2v14299px3vkqj0bhsr0000gp/T//ccSGMRHS.ltrans0.ltrans.o
 .bss.pBmSquareHighlight_Mask
                0x000123bc        0x4 /var/folders/cd/0s72k2v14299px3vkqj0bhsr0000gp/T//ccSGMRHS.ltrans0.ltrans.o
 .bss.pBmSquareHighlight_BG
                0x000123c0        0x8 /var/folders/cd/0s72k2v14299px3vkqj0bhsr0000gp/T//ccSGMRHS.ltrans0.ltrans.o
 .bss.pBmMouseCursorSrc
                0x000123c8        0x4 /var/folders/cd/0s72k2v14299px3vkqj0bhsr0000gp/T//ccSGMRHS.ltrans0.ltrans.o
 .bss.pBmMouseCursorData
                0x000123cc        0x4 /var/folders/cd/0s72k2v14299px3vkqj0bhsr0000gp/T//ccSGMRHS.ltrans0.ltrans.o
 .bss.pSMouseCursor
                0x000123d0        0x4 /var/folders/cd/0s72k2v14299px3vkqj0bhsr0000gp/T//ccSGMRHS.ltrans0.ltrans.o
 .bss.gFontSmall
                0x000123d4        0x4 /var/folders/cd/0s72k2v14299px3vkqj0bhsr0000gp/T//ccSGMRHS.ltrans0.ltrans.o
 .bss.boardState
                0x000123d8       0xa9 /var/folders/cd/0s72k2v14299px3vkqj0bhsr0000gp/T//ccSGMRHS.ltrans0.ltrans.o
 .bss.validMoves
                0x00012481       0xa9 /var/folders/cd/0s72k2v14299px3vkqj0bhsr0000gp/T//ccSGMRHS.ltrans0.ltrans.o
 .bss.s_ubBufferIndex
                0x0001252a        0x1 /var/folders/cd/0s72k2v14299px3vkqj0bhsr0000gp/T//ccSGMRHS.ltrans0.ltrans.o
 .bss.hightlightActive
                0x0001252b        0x1 /var/folders/cd/0s72k2v14299px3vkqj0bhsr0000gp/T//ccSGMRHS.ltrans0.ltrans.o
 .bss.lastHighlightIndex
                0x0001252c        0x2 /var/folders/cd/0s72k2v14299px3vkqj0bhsr0000gp/T//ccSGMRHS.ltrans0.ltrans.o
 .bss.highlightIndex
                0x0001252e        0x1 /var/folders/cd/0s72k2v14299px3vkqj0bhsr0000gp/T//ccSGMRHS.ltrans0.ltrans.o
 .bss.pBm_hasBGToRestore
                0x0001252f        0x2 /var/folders/cd/0s72k2v14299px3vkqj0bhsr0000gp/T//ccSGMRHS.ltrans0.ltrans.o
 .bss.validGeneration
                0x00012531        0x1 /var/folders/cd/0s72k2v14299px3vkqj0bhsr0000gp/T//ccSGMRHS.ltrans0.ltrans.o
 .bss.draw_pos  0x00012532      0x2a4 /var/folders/cd/0s72k2v14299px3vkqj0bhsr0000gp/T//ccSGMRHS.ltrans0.ltrans.o
 .bss.g_sCopManager
                0x000127d6        0x8 /var/folders/cd/0s72k2v14299px3vkqj0bhsr0000gp/T//ccSGMRHS.ltrans0.ltrans.o
 .bss.s_bInitCount.lto_priv.1
                0x000127de        0x1 /var/folders/cd/0s72k2v14299px3vkqj0bhsr0000gp/T//ccSGMRHS.ltrans0.ltrans.o
 .bss.g_sKeyManager
                0x000127df       0x69 /var/folders/cd/0s72k2v14299px3vkqj0bhsr0000gp/T//ccSGMRHS.ltrans0.ltrans.o
 .bss.g_sLogManager
                0x00012848      0x50c /var/folders/cd/0s72k2v14299px3vkqj0bhsr0000gp/T//ccSGMRHS.ltrans0.ltrans.o
 .bss.s_szMsg   0x00012d54      0x400 /var/folders/cd/0s72k2v14299px3vkqj0bhsr0000gp/T//ccSGMRHS.ltrans0.ltrans.o
 .bss.s_uwLastId
                0x00013154        0x2 /var/folders/cd/0s72k2v14299px3vkqj0bhsr0000gp/T//ccSGMRHS.ltrans0.ltrans.o
 .bss.s_pMemTail
                0x00013156        0x4 /var/folders/cd/0s72k2v14299px3vkqj0bhsr0000gp/T//ccSGMRHS.ltrans0.ltrans.o
 .bss.s_ulChipUsage
                0x0001315a        0x4 /var/folders/cd/0s72k2v14299px3vkqj0bhsr0000gp/T//ccSGMRHS.ltrans0.ltrans.o
 .bss.s_ulChipPeakUsage
                0x0001315e        0x4 /var/folders/cd/0s72k2v14299px3vkqj0bhsr0000gp/T//ccSGMRHS.ltrans0.ltrans.o
 .bss.s_ulFastUsage
                0x00013162        0x4 /var/folders/cd/0s72k2v14299px3vkqj0bhsr0000gp/T//ccSGMRHS.ltrans0.ltrans.o
 .bss.s_ulFastPeakUsage
                0x00013166        0x4 /var/folders/cd/0s72k2v14299px3vkqj0bhsr0000gp/T//ccSGMRHS.ltrans0.ltrans.o
 .bss.g_sMouseManager
                0x0001316a       0x3a /var/folders/cd/0s72k2v14299px3vkqj0bhsr0000gp/T//ccSGMRHS.ltrans0.ltrans.o
 .bss.s_pView.lto_priv.1
                0x000131a4        0x4 /var/folders/cd/0s72k2v14299px3vkqj0bhsr0000gp/T//ccSGMRHS.ltrans0.ltrans.o
 .bss.s_pChannelsData
                0x000131a8       0x60 /var/folders/cd/0s72k2v14299px3vkqj0bhsr0000gp/T//ccSGMRHS.ltrans0.ltrans.o
 .bss.s_pBlankSprite
                0x00013208        0x4 /var/folders/cd/0s72k2v14299px3vkqj0bhsr0000gp/T//ccSGMRHS.ltrans0.ltrans.o
 .bss.s_isOwningBlankSprite
                0x0001320c        0x1 /var/folders/cd/0s72k2v14299px3vkqj0bhsr0000gp/T//ccSGMRHS.ltrans0.ltrans.o
 *fill*         0x0001320d        0x1 
 .bss.s_pInitialClearCopBlock
                0x0001320e        0x4 /var/folders/cd/0s72k2v14299px3vkqj0bhsr0000gp/T//ccSGMRHS.ltrans0.ltrans.o
 .bss.s_uwOsIntEna
                0x00013212        0x2 /var/folders/cd/0s72k2v14299px3vkqj0bhsr0000gp/T//ccSGMRHS.ltrans0.ltrans.o
 .bss.s_uwOsInitialIntEna
                0x00013214        0x2 /var/folders/cd/0s72k2v14299px3vkqj0bhsr0000gp/T//ccSGMRHS.ltrans0.ltrans.o
 .bss.s_uwOsDmaCon
                0x00013216        0x2 /var/folders/cd/0s72k2v14299px3vkqj0bhsr0000gp/T//ccSGMRHS.ltrans0.ltrans.o
 .bss.s_uwAceDmaCon
                0x00013218        0x2 /var/folders/cd/0s72k2v14299px3vkqj0bhsr0000gp/T//ccSGMRHS.ltrans0.ltrans.o
 .bss.s_uwOsInitialDma
                0x0001321a        0x2 /var/folders/cd/0s72k2v14299px3vkqj0bhsr0000gp/T//ccSGMRHS.ltrans0.ltrans.o
 .bss.s_uwOsCiaATimerA
                0x0001321c        0x2 /var/folders/cd/0s72k2v14299px3vkqj0bhsr0000gp/T//ccSGMRHS.ltrans0.ltrans.o
 .bss.s_uwOsCiaBTimerB
                0x0001321e        0x2 /var/folders/cd/0s72k2v14299px3vkqj0bhsr0000gp/T//ccSGMRHS.ltrans0.ltrans.o
 .bss.s_pOsCiaIcr
                0x00013220        0x2 /var/folders/cd/0s72k2v14299px3vkqj0bhsr0000gp/T//ccSGMRHS.ltrans0.ltrans.o
 .bss.s_pOsCiaCra
                0x00013222        0x2 /var/folders/cd/0s72k2v14299px3vkqj0bhsr0000gp/T//ccSGMRHS.ltrans0.ltrans.o
 .bss.s_pOsCiaCrb
                0x00013224        0x2 /var/folders/cd/0s72k2v14299px3vkqj0bhsr0000gp/T//ccSGMRHS.ltrans0.ltrans.o
 .bss.s_pAceCiaCra
                0x00013226        0x2 /var/folders/cd/0s72k2v14299px3vkqj0bhsr0000gp/T//ccSGMRHS.ltrans0.ltrans.o
 .bss.s_pAceCiaCrb
                0x00013228        0x2 /var/folders/cd/0s72k2v14299px3vkqj0bhsr0000gp/T//ccSGMRHS.ltrans0.ltrans.o
 .bss.s_pHwVectors
                0x0001322a        0x4 /var/folders/cd/0s72k2v14299px3vkqj0bhsr0000gp/T//ccSGMRHS.ltrans0.ltrans.o
 .bss.s_pOsHwInterrupts
                0x0001322e       0x1c /var/folders/cd/0s72k2v14299px3vkqj0bhsr0000gp/T//ccSGMRHS.ltrans0.ltrans.o
 .bss.s_pAceInterrupts
                0x0001324a       0x78 /var/folders/cd/0s72k2v14299px3vkqj0bhsr0000gp/T//ccSGMRHS.ltrans0.ltrans.o
 .bss.s_pAceCiaInterrupts
                0x000132c2       0x50 /var/folders/cd/0s72k2v14299px3vkqj0bhsr0000gp/T//ccSGMRHS.ltrans0.ltrans.o
 .bss.s_uwAceIntEna
                0x00013312        0x2 /var/folders/cd/0s72k2v14299px3vkqj0bhsr0000gp/T//ccSGMRHS.ltrans0.ltrans.o
 .bss.s_cbKeyInputHandler
                0x00013314        0x4 /var/folders/cd/0s72k2v14299px3vkqj0bhsr0000gp/T//ccSGMRHS.ltrans0.ltrans.o
 .bss.s_wSystemUses
                0x00013318        0x2 /var/folders/cd/0s72k2v14299px3vkqj0bhsr0000gp/T//ccSGMRHS.ltrans0.ltrans.o
 .bss.s_wSystemBlitterUses
                0x0001331a        0x2 /var/folders/cd/0s72k2v14299px3vkqj0bhsr0000gp/T//ccSGMRHS.ltrans0.ltrans.o
 .bss.s_sCpuCacheFlags
                0x0001331c        0xa /var/folders/cd/0s72k2v14299px3vkqj0bhsr0000gp/T//ccSGMRHS.ltrans0.ltrans.o
 .bss.GfxBase   0x00013326        0x4 /var/folders/cd/0s72k2v14299px3vkqj0bhsr0000gp/T//ccSGMRHS.ltrans0.ltrans.o
 .bss.s_pOsView
                0x0001332a        0x4 /var/folders/cd/0s72k2v14299px3vkqj0bhsr0000gp/T//ccSGMRHS.ltrans0.ltrans.o
 .bss.s_sIoAudio
                0x0001332e       0x44 /var/folders/cd/0s72k2v14299px3vkqj0bhsr0000gp/T//ccSGMRHS.ltrans0.ltrans.o
 .bss.s_sIoRequestInput
                0x00013372       0x30 /var/folders/cd/0s72k2v14299px3vkqj0bhsr0000gp/T//ccSGMRHS.ltrans0.ltrans.o
 .bss.s_pCiaResource
                0x000133a2        0x8 /var/folders/cd/0s72k2v14299px3vkqj0bhsr0000gp/T//ccSGMRHS.ltrans0.ltrans.o
 .bss.s_pProcess
                0x000133aa        0x4 /var/folders/cd/0s72k2v14299px3vkqj0bhsr0000gp/T//ccSGMRHS.ltrans0.ltrans.o
 .bss.s_pCdtvIOPort
                0x000133ae        0x4 /var/folders/cd/0s72k2v14299px3vkqj0bhsr0000gp/T//ccSGMRHS.ltrans0.ltrans.o
 .bss.s_pCdtvIOReq
                0x000133b2        0x4 /var/folders/cd/0s72k2v14299px3vkqj0bhsr0000gp/T//ccSGMRHS.ltrans0.ltrans.o
 .bss.s_sOsHandlerIo
                0x000133b6       0x16 /var/folders/cd/0s72k2v14299px3vkqj0bhsr0000gp/T//ccSGMRHS.ltrans0.ltrans.o
 .bss.s_pOsCiaIcrHandlers
                0x000133cc       0xdc /var/folders/cd/0s72k2v14299px3vkqj0bhsr0000gp/T//ccSGMRHS.ltrans0.ltrans.o
 .bss.s_pOsOldInterruptHandlers
                0x000134a8       0x38 /var/folders/cd/0s72k2v14299px3vkqj0bhsr0000gp/T//ccSGMRHS.ltrans0.ltrans.o
 .bss.s_pOsInterruptHandlers
                0x000134e0      0x134 /var/folders/cd/0s72k2v14299px3vkqj0bhsr0000gp/T//ccSGMRHS.ltrans0.ltrans.o
 .bss.DOSBase   0x00013614        0x4 /var/folders/cd/0s72k2v14299px3vkqj0bhsr0000gp/T//ccSGMRHS.ltrans0.ltrans.o
 .bss.SysBase   0x00013618        0x4 /var/folders/cd/0s72k2v14299px3vkqj0bhsr0000gp/T//ccSGMRHS.ltrans0.ltrans.o
 .bss.s_pReturnMsg
                0x0001361c        0x4 /var/folders/cd/0s72k2v14299px3vkqj0bhsr0000gp/T//ccSGMRHS.ltrans0.ltrans.o
 .bss.s_bpStartLock
                0x00013620        0x4 /var/folders/cd/0s72k2v14299px3vkqj0bhsr0000gp/T//ccSGMRHS.ltrans0.ltrans.o
 .bss.s_pOldWindow
                0x00013624        0x4 /var/folders/cd/0s72k2v14299px3vkqj0bhsr0000gp/T//ccSGMRHS.ltrans0.ltrans.o
 .bss.g_sTimerManager
                0x00013628        0xc /var/folders/cd/0s72k2v14299px3vkqj0bhsr0000gp/T//ccSGMRHS.ltrans0.ltrans.o
 .bss.s_isPAL   0x00013634        0x1 /var/folders/cd/0s72k2v14299px3vkqj0bhsr0000gp/T//ccSGMRHS.ltrans0.ltrans.o
 *(COMMON)
                0x00013638                        . = ALIGN ((. != 0x0)?0x4:0x1)
 *fill*         0x00013635        0x3 
                0x00013638                        . = ALIGN (0x4)
                0x00013638                        . = SEGMENT_START ("ldata-segment", .)
                0x00013638                        . = ALIGN (0x4)
                0x00013638                        _end = .
                [!provide]                        PROVIDE (end = .)
                0x00013638                        . = DATA_SEGMENT_END (.)

.stab
 *(.stab)

.stabstr
 *(.stabstr)

.stab.excl
 *(.stab.excl)

.stab.exclstr
 *(.stab.exclstr)

.stab.index
 *(.stab.index)

.stab.indexstr
 *(.stab.indexstr)

.comment        0x00000000       0x12
 *(.comment)
 .comment       0x00000000       0x12 /var/folders/cd/0s72k2v14299px3vkqj0bhsr0000gp/T//ccSGMRHS.ltrans0.ltrans.o
                                 0x13 (size before relaxing)

.gnu.build.attributes
 *(.gnu.build.attributes .gnu.build.attributes.*)

.debug
 *(.debug)

.line
 *(.line)

.debug_srcinfo
 *(.debug_srcinfo)

.debug_sfnames
 *(.debug_sfnames)

.debug_aranges  0x00000000     0x14e8
 *(.debug_aranges)
 .debug_aranges
                0x00000000     0x1498 /var/folders/cd/0s72k2v14299px3vkqj0bhsr0000gp/T//ccSGMRHS.ltrans0.ltrans.o
 .debug_aranges
                0x00001498       0x50 _deps/bartman_gcc_support-build/CMakeFiles/bartman_gcc_support.dir/src/gcc8_a_support.s.obj

.debug_pubnames
 *(.debug_pubnames)

.debug_info     0x00000000    0x3e56f
 *(.debug_info .gnu.linkonce.wi.*)
 .debug_info    0x00000000     0xc44c /var/folders/cd/0s72k2v14299px3vkqj0bhsr0000gp/T//ccSGMRHS.ltrans0.ltrans.o
 .debug_info    0x0000c44c      0x5fa /var/folders/cd/0s72k2v14299px3vkqj0bhsr0000gp/T//ccvITFey.debug.temp.o
                0x0000c44c                main.c.453f637d
 .debug_info    0x0000ca46     0x1dc0 /var/folders/cd/0s72k2v14299px3vkqj0bhsr0000gp/T//ccJlOsra.debug.temp.o
                0x0000ca46                game.c.95900537
 .debug_info    0x0000e806      0x218 /var/folders/cd/0s72k2v14299px3vkqj0bhsr0000gp/T//cc5zKgKc.debug.temp.o
                0x0000e806                input.c.253832ec
 .debug_info    0x0000ea1e      0x1d1 /var/folders/cd/0s72k2v14299px3vkqj0bhsr0000gp/T//ccuFmXOp.debug.temp.o
                0x0000ea1e                menu.c.a25b66ec
 .debug_info    0x0000ebef      0xa73 /var/folders/cd/0s72k2v14299px3vkqj0bhsr0000gp/T//cccfwK8d.debug.temp.o
                0x0000ebef                advancedsprite.c.b05a7153
 .debug_info    0x0000f662     0x194f /var/folders/cd/0s72k2v14299px3vkqj0bhsr0000gp/T//ccLlCg1V.debug.temp.o
                0x0000f662                blit.c.6c872382
 .debug_info    0x00010fb1     0x15a8 /var/folders/cd/0s72k2v14299px3vkqj0bhsr0000gp/T//ccAa5au0.debug.temp.o
                0x00010fb1                bob.c.03df2bf5
 .debug_info    0x00012559     0x292b /var/folders/cd/0s72k2v14299px3vkqj0bhsr0000gp/T//ccm9PXMj.debug.temp.o
                0x00012559                copper.c.01d60142
 .debug_info    0x00014e84      0x1c9 /var/folders/cd/0s72k2v14299px3vkqj0bhsr0000gp/T//ccHUtLrz.debug.temp.o
                0x00014e84                game.c.56c21a98
 .debug_info    0x0001504d     0x1493 /var/folders/cd/0s72k2v14299px3vkqj0bhsr0000gp/T//ccjhA6V8.debug.temp.o
                0x0001504d                joy.c.3538b786
 .debug_info    0x000164e0     0x11c0 /var/folders/cd/0s72k2v14299px3vkqj0bhsr0000gp/T//cc9JHvJl.debug.temp.o
                0x000164e0                key.c.a1862cbb
 .debug_info    0x000176a0      0xb50 /var/folders/cd/0s72k2v14299px3vkqj0bhsr0000gp/T//ccp4JYmz.debug.temp.o
                0x000176a0                log.c.3f074425
 .debug_info    0x000181f0      0x9d3 /var/folders/cd/0s72k2v14299px3vkqj0bhsr0000gp/T//cceiSnTR.debug.temp.o
                0x000181f0                memory.c.baa03e9f
 .debug_info    0x00018bc3     0x11be /var/folders/cd/0s72k2v14299px3vkqj0bhsr0000gp/T//ccKXGpuX.debug.temp.o
                0x00018bc3                mouse.c.5d5e98cc
 .debug_info    0x00019d81     0x3c78 /var/folders/cd/0s72k2v14299px3vkqj0bhsr0000gp/T//cce5Kvz1.debug.temp.o
                0x00019d81                ptplayer.c.d6ac071d
 .debug_info    0x0001d9f9      0x4ad /var/folders/cd/0s72k2v14299px3vkqj0bhsr0000gp/T//cc6Y7S2T.debug.temp.o
                0x0001d9f9                rand.c.85f69e12
 .debug_info    0x0001dea6     0x11c2 /var/folders/cd/0s72k2v14299px3vkqj0bhsr0000gp/T//ccTtezkL.debug.temp.o
                0x0001dea6                sprite.c.f57df934
 .debug_info    0x0001f068      0x535 /var/folders/cd/0s72k2v14299px3vkqj0bhsr0000gp/T//ccI28sBE.debug.temp.o
                0x0001f068                state.c.69646c39
 .debug_info    0x0001f59d     0x6f9c /var/folders/cd/0s72k2v14299px3vkqj0bhsr0000gp/T//ccyltmth.debug.temp.o
                0x0001f59d                system.c.ea3a1e77
 .debug_info    0x00026539      0x538 /var/folders/cd/0s72k2v14299px3vkqj0bhsr0000gp/T//ccE1USj1.debug.temp.o
                0x00026539                timer.c.6bb2c7db
 .debug_info    0x00026a71      0xbd6 /var/folders/cd/0s72k2v14299px3vkqj0bhsr0000gp/T//ccR4myvo.debug.temp.o
                0x00026a71                camera.c.1fc42620
 .debug_info    0x00027647     0x2034 /var/folders/cd/0s72k2v14299px3vkqj0bhsr0000gp/T//cchhixnA.debug.temp.o
                0x00027647                scrollbuffer.c.ccfc2da2
 .debug_info    0x0002967b     0x1d6a /var/folders/cd/0s72k2v14299px3vkqj0bhsr0000gp/T//ccmOvRV9.debug.temp.o
                0x0002967b                simplebuffer.c.c3b94bad
 .debug_info    0x0002b3e5     0x29a0 /var/folders/cd/0s72k2v14299px3vkqj0bhsr0000gp/T//ccobIl2w.debug.temp.o
                0x0002b3e5                tilebuffer.c.b5ba1233
 .debug_info    0x0002dd85      0xe3c /var/folders/cd/0s72k2v14299px3vkqj0bhsr0000gp/T//ccBxZpA6.debug.temp.o
                0x0002dd85                bitmap.c.566b931b
 .debug_info    0x0002ebc1      0x441 /var/folders/cd/0s72k2v14299px3vkqj0bhsr0000gp/T//ccXR2gIK.debug.temp.o
                0x0002ebc1                bmframe.c.98cf6317
 .debug_info    0x0002f002      0x8da /var/folders/cd/0s72k2v14299px3vkqj0bhsr0000gp/T//ccmu4WIa.debug.temp.o
                0x0002f002                chunky.c.c3b514cd
 .debug_info    0x0002f8dc      0xfd0 /var/folders/cd/0s72k2v14299px3vkqj0bhsr0000gp/T//ccLWGS6g.debug.temp.o
                0x0002f8dc                custom.c.e16b2baa
 .debug_info    0x000308ac     0x10cd /var/folders/cd/0s72k2v14299px3vkqj0bhsr0000gp/T//cctlmNNU.debug.temp.o
                0x000308ac                dir.c.749b6fc5
 .debug_info    0x00031979      0xbe5 /var/folders/cd/0s72k2v14299px3vkqj0bhsr0000gp/T//ccwDH5uH.debug.temp.o
                0x00031979                disk_file.c.8265a527
 .debug_info    0x0003255e     0x1b8a /var/folders/cd/0s72k2v14299px3vkqj0bhsr0000gp/T//ccqhCfSr.debug.temp.o
                0x0003255e                extview.c.474cadb0
 .debug_info    0x000340e8      0x63b /var/folders/cd/0s72k2v14299px3vkqj0bhsr0000gp/T//ccl2GJNO.debug.temp.o
                0x000340e8                file.c.5b7fe8fe
 .debug_info    0x00034723      0xd96 /var/folders/cd/0s72k2v14299px3vkqj0bhsr0000gp/T//cc9vhmaE.debug.temp.o
                0x00034723                font.c.c0c8eff0
 .debug_info    0x000354b9     0x111f /var/folders/cd/0s72k2v14299px3vkqj0bhsr0000gp/T//ccsfb6xc.debug.temp.o
                0x000354b9                pak_file.c.14694125
 .debug_info    0x000365d8      0x992 /var/folders/cd/0s72k2v14299px3vkqj0bhsr0000gp/T//ccZmntyC.debug.temp.o
                0x000365d8                palette.c.7f938d3a
 .debug_info    0x00036f6a      0x7d5 /var/folders/cd/0s72k2v14299px3vkqj0bhsr0000gp/T//ccKA1m19.debug.temp.o
                0x00036f6a                sprite.c.90bcbc4f
 .debug_info    0x0003773f      0x3a4 /var/folders/cd/0s72k2v14299px3vkqj0bhsr0000gp/T//ccs3ZegT.debug.temp.o
                0x0003773f                string.c.3aa704a5
 .debug_info    0x00037ae3      0x2ce /var/folders/cd/0s72k2v14299px3vkqj0bhsr0000gp/T//ccLTLToj.debug.temp.o
                0x00037ae3                tag.c.54fc3355
 .debug_info    0x00037db1      0x75f /var/folders/cd/0s72k2v14299px3vkqj0bhsr0000gp/T//ccahK6ko.debug.temp.o
                0x00037db1                fix16.c.a0931e3d
 .debug_info    0x00038510      0x50e /var/folders/cd/0s72k2v14299px3vkqj0bhsr0000gp/T//cc9LApef.debug.temp.o
                0x00038510                fix16_exp.c.f9cad756
 .debug_info    0x00038a1e      0x37b /var/folders/cd/0s72k2v14299px3vkqj0bhsr0000gp/T//ccYf8erT.debug.temp.o
                0x00038a1e                fix16_sqrt.c.00dafc57
 .debug_info    0x00038d99      0x4fd /var/folders/cd/0s72k2v14299px3vkqj0bhsr0000gp/T//cciNmOwL.debug.temp.o
                0x00038d99                fix16_str.c.146cc25d
 .debug_info    0x00039296      0x536 /var/folders/cd/0s72k2v14299px3vkqj0bhsr0000gp/T//ccs8a8Qv.debug.temp.o
                0x00039296                fix16_trig.c.ff7a00e2
 .debug_info    0x000397cc      0x2d6 /var/folders/cd/0s72k2v14299px3vkqj0bhsr0000gp/T//ccFsbCw6.debug.temp.o
                0x000397cc                fract32.c.859bb449
 .debug_info    0x00039aa2      0x1f0 /var/folders/cd/0s72k2v14299px3vkqj0bhsr0000gp/T//ccbWjsFu.debug.temp.o
                0x00039aa2                uint32.c.695eea51
 .debug_info    0x00039c92      0x1c1 /var/folders/cd/0s72k2v14299px3vkqj0bhsr0000gp/T//ccLf62D0.debug.temp.o
                0x00039c92                ctype.c.5da1274e
 .debug_info    0x00039e53      0x123 /var/folders/cd/0s72k2v14299px3vkqj0bhsr0000gp/T//ccuvxTvk.debug.temp.o
                0x00039e53                errno.c.7688f669
 .debug_info    0x00039f76      0x2ed /var/folders/cd/0s72k2v14299px3vkqj0bhsr0000gp/T//cc3821id.debug.temp.o
                0x00039f76                intrin.c.7f9d3c39
 .debug_info    0x0003a263      0x93e /var/folders/cd/0s72k2v14299px3vkqj0bhsr0000gp/T//cc8QIfrt.debug.temp.o
                0x0003a263                printf.c.fc8c705e
 .debug_info    0x0003aba1     0x1003 /var/folders/cd/0s72k2v14299px3vkqj0bhsr0000gp/T//cccGSisG.debug.temp.o
                0x0003aba1                stdio_file.c.8b3917f8
 .debug_info    0x0003bba4      0x9dd /var/folders/cd/0s72k2v14299px3vkqj0bhsr0000gp/T//ccEwct6y.debug.temp.o
                0x0003bba4                stdio_putchar.c.0129f2b1
 .debug_info    0x0003c581      0xc3e /var/folders/cd/0s72k2v14299px3vkqj0bhsr0000gp/T//cc6VGi6R.debug.temp.o
                0x0003c581                stdlib.c.515ad213
 .debug_info    0x0003d1bf      0x389 /var/folders/cd/0s72k2v14299px3vkqj0bhsr0000gp/T//cc7E2bgV.debug.temp.o
                0x0003d1bf                string.c.0e8edef6
 .debug_info    0x0003d548      0x248 /var/folders/cd/0s72k2v14299px3vkqj0bhsr0000gp/T//cc53pBYe.debug.temp.o
                0x0003d548                strtoul.c.7a7396b3
 .debug_info    0x0003d790      0xd5a /var/folders/cd/0s72k2v14299px3vkqj0bhsr0000gp/T//ccUa73QH.debug.temp.o
                0x0003d790                gcc8_c_support.c.d166f5df
 .debug_info    0x0003e4ea       0x85 _deps/bartman_gcc_support-build/CMakeFiles/bartman_gcc_support.dir/src/gcc8_a_support.s.obj

.debug_abbrev   0x00000000     0x5a49
 *(.debug_abbrev)
 .debug_abbrev  0x00000000      0x101 /var/folders/cd/0s72k2v14299px3vkqj0bhsr0000gp/T//ccSGMRHS.ltrans0.ltrans.o
 .debug_abbrev  0x00000101      0x14b /var/folders/cd/0s72k2v14299px3vkqj0bhsr0000gp/T//ccvITFey.debug.temp.o
 .debug_abbrev  0x0000024c      0x309 /var/folders/cd/0s72k2v14299px3vkqj0bhsr0000gp/T//ccJlOsra.debug.temp.o
 .debug_abbrev  0x00000555       0x6b /var/folders/cd/0s72k2v14299px3vkqj0bhsr0000gp/T//cc5zKgKc.debug.temp.o
 .debug_abbrev  0x000005c0       0x2e /var/folders/cd/0s72k2v14299px3vkqj0bhsr0000gp/T//ccuFmXOp.debug.temp.o
 .debug_abbrev  0x000005ee      0x182 /var/folders/cd/0s72k2v14299px3vkqj0bhsr0000gp/T//cccfwK8d.debug.temp.o
 .debug_abbrev  0x00000770      0x267 /var/folders/cd/0s72k2v14299px3vkqj0bhsr0000gp/T//ccLlCg1V.debug.temp.o
 .debug_abbrev  0x000009d7      0x2e5 /var/folders/cd/0s72k2v14299px3vkqj0bhsr0000gp/T//ccAa5au0.debug.temp.o
 .debug_abbrev  0x00000cbc      0x30f /var/folders/cd/0s72k2v14299px3vkqj0bhsr0000gp/T//ccm9PXMj.debug.temp.o
 .debug_abbrev  0x00000fcb       0x5d /var/folders/cd/0s72k2v14299px3vkqj0bhsr0000gp/T//ccHUtLrz.debug.temp.o
 .debug_abbrev  0x00001028      0x1ff /var/folders/cd/0s72k2v14299px3vkqj0bhsr0000gp/T//ccjhA6V8.debug.temp.o
 .debug_abbrev  0x00001227      0x1ff /var/folders/cd/0s72k2v14299px3vkqj0bhsr0000gp/T//cc9JHvJl.debug.temp.o
 .debug_abbrev  0x00001426      0x243 /var/folders/cd/0s72k2v14299px3vkqj0bhsr0000gp/T//ccp4JYmz.debug.temp.o
 .debug_abbrev  0x00001669      0x1f1 /var/folders/cd/0s72k2v14299px3vkqj0bhsr0000gp/T//cceiSnTR.debug.temp.o
 .debug_abbrev  0x0000185a      0x1ba /var/folders/cd/0s72k2v14299px3vkqj0bhsr0000gp/T//ccKXGpuX.debug.temp.o
 .debug_abbrev  0x00001a14      0x2f5 /var/folders/cd/0s72k2v14299px3vkqj0bhsr0000gp/T//cce5Kvz1.debug.temp.o
 .debug_abbrev  0x00001d09      0x11d /var/folders/cd/0s72k2v14299px3vkqj0bhsr0000gp/T//cc6Y7S2T.debug.temp.o
 .debug_abbrev  0x00001e26      0x2c2 /var/folders/cd/0s72k2v14299px3vkqj0bhsr0000gp/T//ccTtezkL.debug.temp.o
 .debug_abbrev  0x000020e8      0x133 /var/folders/cd/0s72k2v14299px3vkqj0bhsr0000gp/T//ccI28sBE.debug.temp.o
 .debug_abbrev  0x0000221b      0x3d9 /var/folders/cd/0s72k2v14299px3vkqj0bhsr0000gp/T//ccyltmth.debug.temp.o
 .debug_abbrev  0x000025f4      0x198 /var/folders/cd/0s72k2v14299px3vkqj0bhsr0000gp/T//ccE1USj1.debug.temp.o
 .debug_abbrev  0x0000278c      0x1dd /var/folders/cd/0s72k2v14299px3vkqj0bhsr0000gp/T//ccR4myvo.debug.temp.o
 .debug_abbrev  0x00002969      0x303 /var/folders/cd/0s72k2v14299px3vkqj0bhsr0000gp/T//cchhixnA.debug.temp.o
 .debug_abbrev  0x00002c6c      0x31a /var/folders/cd/0s72k2v14299px3vkqj0bhsr0000gp/T//ccmOvRV9.debug.temp.o
 .debug_abbrev  0x00002f86      0x368 /var/folders/cd/0s72k2v14299px3vkqj0bhsr0000gp/T//ccobIl2w.debug.temp.o
 .debug_abbrev  0x000032ee      0x22d /var/folders/cd/0s72k2v14299px3vkqj0bhsr0000gp/T//ccBxZpA6.debug.temp.o
 .debug_abbrev  0x0000351b       0xe9 /var/folders/cd/0s72k2v14299px3vkqj0bhsr0000gp/T//ccXR2gIK.debug.temp.o
 .debug_abbrev  0x00003604      0x128 /var/folders/cd/0s72k2v14299px3vkqj0bhsr0000gp/T//ccmu4WIa.debug.temp.o
 .debug_abbrev  0x0000372c      0x177 /var/folders/cd/0s72k2v14299px3vkqj0bhsr0000gp/T//ccLWGS6g.debug.temp.o
 .debug_abbrev  0x000038a3      0x1bd /var/folders/cd/0s72k2v14299px3vkqj0bhsr0000gp/T//cctlmNNU.debug.temp.o
 .debug_abbrev  0x00003a60      0x269 /var/folders/cd/0s72k2v14299px3vkqj0bhsr0000gp/T//ccwDH5uH.debug.temp.o
 .debug_abbrev  0x00003cc9      0x302 /var/folders/cd/0s72k2v14299px3vkqj0bhsr0000gp/T//ccqhCfSr.debug.temp.o
 .debug_abbrev  0x00003fcb      0x133 /var/folders/cd/0s72k2v14299px3vkqj0bhsr0000gp/T//ccl2GJNO.debug.temp.o
 .debug_abbrev  0x000040fe      0x252 /var/folders/cd/0s72k2v14299px3vkqj0bhsr0000gp/T//cc9vhmaE.debug.temp.o
 .debug_abbrev  0x00004350      0x26d /var/folders/cd/0s72k2v14299px3vkqj0bhsr0000gp/T//ccsfb6xc.debug.temp.o
 .debug_abbrev  0x000045bd      0x197 /var/folders/cd/0s72k2v14299px3vkqj0bhsr0000gp/T//ccZmntyC.debug.temp.o
 .debug_abbrev  0x00004754      0x1ca /var/folders/cd/0s72k2v14299px3vkqj0bhsr0000gp/T//ccKA1m19.debug.temp.o
 .debug_abbrev  0x0000491e       0xc6 /var/folders/cd/0s72k2v14299px3vkqj0bhsr0000gp/T//ccs3ZegT.debug.temp.o
 .debug_abbrev  0x000049e4       0xa4 /var/folders/cd/0s72k2v14299px3vkqj0bhsr0000gp/T//ccLTLToj.debug.temp.o
 .debug_abbrev  0x00004a88      0x111 /var/folders/cd/0s72k2v14299px3vkqj0bhsr0000gp/T//ccahK6ko.debug.temp.o
 .debug_abbrev  0x00004b99       0xb0 /var/folders/cd/0s72k2v14299px3vkqj0bhsr0000gp/T//cc9LApef.debug.temp.o
 .debug_abbrev  0x00004c49       0x62 /var/folders/cd/0s72k2v14299px3vkqj0bhsr0000gp/T//ccYf8erT.debug.temp.o
 .debug_abbrev  0x00004cab       0xf2 /var/folders/cd/0s72k2v14299px3vkqj0bhsr0000gp/T//cciNmOwL.debug.temp.o
 .debug_abbrev  0x00004d9d       0xaa /var/folders/cd/0s72k2v14299px3vkqj0bhsr0000gp/T//ccs8a8Qv.debug.temp.o
 .debug_abbrev  0x00004e47       0x84 /var/folders/cd/0s72k2v14299px3vkqj0bhsr0000gp/T//ccFsbCw6.debug.temp.o
 .debug_abbrev  0x00004ecb       0x5b /var/folders/cd/0s72k2v14299px3vkqj0bhsr0000gp/T//ccbWjsFu.debug.temp.o
 .debug_abbrev  0x00004f26       0x94 /var/folders/cd/0s72k2v14299px3vkqj0bhsr0000gp/T//ccLf62D0.debug.temp.o
 .debug_abbrev  0x00004fba       0x3b /var/folders/cd/0s72k2v14299px3vkqj0bhsr0000gp/T//ccuvxTvk.debug.temp.o
 .debug_abbrev  0x00004ff5       0xb8 /var/folders/cd/0s72k2v14299px3vkqj0bhsr0000gp/T//cc3821id.debug.temp.o
 .debug_abbrev  0x000050ad      0x185 /var/folders/cd/0s72k2v14299px3vkqj0bhsr0000gp/T//cc8QIfrt.debug.temp.o
 .debug_abbrev  0x00005232      0x147 /var/folders/cd/0s72k2v14299px3vkqj0bhsr0000gp/T//cccGSisG.debug.temp.o
 .debug_abbrev  0x00005379      0x10d /var/folders/cd/0s72k2v14299px3vkqj0bhsr0000gp/T//ccEwct6y.debug.temp.o
 .debug_abbrev  0x00005486      0x1db /var/folders/cd/0s72k2v14299px3vkqj0bhsr0000gp/T//cc6VGi6R.debug.temp.o
 .debug_abbrev  0x00005661       0xb7 /var/folders/cd/0s72k2v14299px3vkqj0bhsr0000gp/T//cc7E2bgV.debug.temp.o
 .debug_abbrev  0x00005718       0xa6 /var/folders/cd/0s72k2v14299px3vkqj0bhsr0000gp/T//cc53pBYe.debug.temp.o
 .debug_abbrev  0x000057be      0x26c /var/folders/cd/0s72k2v14299px3vkqj0bhsr0000gp/T//ccUa73QH.debug.temp.o
 .debug_abbrev  0x00005a2a       0x1f _deps/bartman_gcc_support-build/CMakeFiles/bartman_gcc_support.dir/src/gcc8_a_support.s.obj

.debug_line     0x00000000    0x2de23
 *(.debug_line .debug_line.* .debug_line_end)
 .debug_line    0x00000000    0x24aef /var/folders/cd/0s72k2v14299px3vkqj0bhsr0000gp/T//ccSGMRHS.ltrans0.ltrans.o
 .debug_line    0x00024aef      0x2b4 /var/folders/cd/0s72k2v14299px3vkqj0bhsr0000gp/T//ccvITFey.debug.temp.o
 .debug_line    0x00024da3      0x3b8 /var/folders/cd/0s72k2v14299px3vkqj0bhsr0000gp/T//ccJlOsra.debug.temp.o
 .debug_line    0x0002515b      0x174 /var/folders/cd/0s72k2v14299px3vkqj0bhsr0000gp/T//cc5zKgKc.debug.temp.o
 .debug_line    0x000252cf       0xa9 /var/folders/cd/0s72k2v14299px3vkqj0bhsr0000gp/T//ccuFmXOp.debug.temp.o
 .debug_line    0x00025378      0x31d /var/folders/cd/0s72k2v14299px3vkqj0bhsr0000gp/T//cccfwK8d.debug.temp.o
 .debug_line    0x00025695      0x336 /var/folders/cd/0s72k2v14299px3vkqj0bhsr0000gp/T//ccLlCg1V.debug.temp.o
 .debug_line    0x000259cb      0x344 /var/folders/cd/0s72k2v14299px3vkqj0bhsr0000gp/T//ccAa5au0.debug.temp.o
 .debug_line    0x00025d0f      0x429 /var/folders/cd/0s72k2v14299px3vkqj0bhsr0000gp/T//ccm9PXMj.debug.temp.o
 .debug_line    0x00026138      0x153 /var/folders/cd/0s72k2v14299px3vkqj0bhsr0000gp/T//ccHUtLrz.debug.temp.o
 .debug_line    0x0002628b      0x305 /var/folders/cd/0s72k2v14299px3vkqj0bhsr0000gp/T//ccjhA6V8.debug.temp.o
 .debug_line    0x00026590      0x26d /var/folders/cd/0s72k2v14299px3vkqj0bhsr0000gp/T//cc9JHvJl.debug.temp.o
 .debug_line    0x000267fd      0x2e8 /var/folders/cd/0s72k2v14299px3vkqj0bhsr0000gp/T//ccp4JYmz.debug.temp.o
 .debug_line    0x00026ae5      0x221 /var/folders/cd/0s72k2v14299px3vkqj0bhsr0000gp/T//cceiSnTR.debug.temp.o
 .debug_line    0x00026d06      0x35f /var/folders/cd/0s72k2v14299px3vkqj0bhsr0000gp/T//ccKXGpuX.debug.temp.o
 .debug_line    0x00027065      0x29b /var/folders/cd/0s72k2v14299px3vkqj0bhsr0000gp/T//cce5Kvz1.debug.temp.o
 .debug_line    0x00027300      0x1ab /var/folders/cd/0s72k2v14299px3vkqj0bhsr0000gp/T//cc6Y7S2T.debug.temp.o
 .debug_line    0x000274ab      0x32d /var/folders/cd/0s72k2v14299px3vkqj0bhsr0000gp/T//ccTtezkL.debug.temp.o
 .debug_line    0x000277d8      0x1ae /var/folders/cd/0s72k2v14299px3vkqj0bhsr0000gp/T//ccI28sBE.debug.temp.o
 .debug_line    0x00027986      0x777 /var/folders/cd/0s72k2v14299px3vkqj0bhsr0000gp/T//ccyltmth.debug.temp.o
 .debug_line    0x000280fd      0x228 /var/folders/cd/0s72k2v14299px3vkqj0bhsr0000gp/T//ccE1USj1.debug.temp.o
 .debug_line    0x00028325      0x29b /var/folders/cd/0s72k2v14299px3vkqj0bhsr0000gp/T//ccR4myvo.debug.temp.o
 .debug_line    0x000285c0      0x49e /var/folders/cd/0s72k2v14299px3vkqj0bhsr0000gp/T//cchhixnA.debug.temp.o
 .debug_line    0x00028a5e      0x496 /var/folders/cd/0s72k2v14299px3vkqj0bhsr0000gp/T//ccmOvRV9.debug.temp.o
 .debug_line    0x00028ef4      0x4e0 /var/folders/cd/0s72k2v14299px3vkqj0bhsr0000gp/T//ccobIl2w.debug.temp.o
 .debug_line    0x000293d4      0x41b /var/folders/cd/0s72k2v14299px3vkqj0bhsr0000gp/T//ccBxZpA6.debug.temp.o
 .debug_line    0x000297ef      0x25c /var/folders/cd/0s72k2v14299px3vkqj0bhsr0000gp/T//ccXR2gIK.debug.temp.o
 .debug_line    0x00029a4b      0x351 /var/folders/cd/0s72k2v14299px3vkqj0bhsr0000gp/T//ccmu4WIa.debug.temp.o
 .debug_line    0x00029d9c      0x216 /var/folders/cd/0s72k2v14299px3vkqj0bhsr0000gp/T//ccLWGS6g.debug.temp.o
 .debug_line    0x00029fb2      0x4d0 /var/folders/cd/0s72k2v14299px3vkqj0bhsr0000gp/T//cctlmNNU.debug.temp.o
 .debug_line    0x0002a482      0x33d /var/folders/cd/0s72k2v14299px3vkqj0bhsr0000gp/T//ccwDH5uH.debug.temp.o
 .debug_line    0x0002a7bf      0x40c /var/folders/cd/0s72k2v14299px3vkqj0bhsr0000gp/T//ccqhCfSr.debug.temp.o
 .debug_line    0x0002abcb      0x2a7 /var/folders/cd/0s72k2v14299px3vkqj0bhsr0000gp/T//ccl2GJNO.debug.temp.o
 .debug_line    0x0002ae72      0x2cd /var/folders/cd/0s72k2v14299px3vkqj0bhsr0000gp/T//cc9vhmaE.debug.temp.o
 .debug_line    0x0002b13f      0x2c8 /var/folders/cd/0s72k2v14299px3vkqj0bhsr0000gp/T//ccsfb6xc.debug.temp.o
 .debug_line    0x0002b407      0x278 /var/folders/cd/0s72k2v14299px3vkqj0bhsr0000gp/T//ccZmntyC.debug.temp.o
 .debug_line    0x0002b67f      0x21f /var/folders/cd/0s72k2v14299px3vkqj0bhsr0000gp/T//ccKA1m19.debug.temp.o
 .debug_line    0x0002b89e      0x197 /var/folders/cd/0s72k2v14299px3vkqj0bhsr0000gp/T//ccs3ZegT.debug.temp.o
 .debug_line    0x0002ba35      0x255 /var/folders/cd/0s72k2v14299px3vkqj0bhsr0000gp/T//ccLTLToj.debug.temp.o
 .debug_line    0x0002bc8a      0x1a2 /var/folders/cd/0s72k2v14299px3vkqj0bhsr0000gp/T//ccahK6ko.debug.temp.o
 .debug_line    0x0002be2c      0x1a1 /var/folders/cd/0s72k2v14299px3vkqj0bhsr0000gp/T//cc9LApef.debug.temp.o
 .debug_line    0x0002bfcd      0x1a3 /var/folders/cd/0s72k2v14299px3vkqj0bhsr0000gp/T//ccYf8erT.debug.temp.o
 .debug_line    0x0002c170      0x1e5 /var/folders/cd/0s72k2v14299px3vkqj0bhsr0000gp/T//cciNmOwL.debug.temp.o
 .debug_line    0x0002c355      0x1a3 /var/folders/cd/0s72k2v14299px3vkqj0bhsr0000gp/T//ccs8a8Qv.debug.temp.o
 .debug_line    0x0002c4f8      0x19f /var/folders/cd/0s72k2v14299px3vkqj0bhsr0000gp/T//ccFsbCw6.debug.temp.o
 .debug_line    0x0002c697      0x158 /var/folders/cd/0s72k2v14299px3vkqj0bhsr0000gp/T//ccbWjsFu.debug.temp.o
 .debug_line    0x0002c7ef      0x117 /var/folders/cd/0s72k2v14299px3vkqj0bhsr0000gp/T//ccLf62D0.debug.temp.o
 .debug_line    0x0002c906      0x117 /var/folders/cd/0s72k2v14299px3vkqj0bhsr0000gp/T//ccuvxTvk.debug.temp.o
 .debug_line    0x0002ca1d       0xd5 /var/folders/cd/0s72k2v14299px3vkqj0bhsr0000gp/T//cc3821id.debug.temp.o
 .debug_line    0x0002caf2      0x1b3 /var/folders/cd/0s72k2v14299px3vkqj0bhsr0000gp/T//cc8QIfrt.debug.temp.o
 .debug_line    0x0002cca5      0x3c4 /var/folders/cd/0s72k2v14299px3vkqj0bhsr0000gp/T//cccGSisG.debug.temp.o
 .debug_line    0x0002d069      0x305 /var/folders/cd/0s72k2v14299px3vkqj0bhsr0000gp/T//ccEwct6y.debug.temp.o
 .debug_line    0x0002d36e      0x3bd /var/folders/cd/0s72k2v14299px3vkqj0bhsr0000gp/T//cc6VGi6R.debug.temp.o
 .debug_line    0x0002d72b      0x211 /var/folders/cd/0s72k2v14299px3vkqj0bhsr0000gp/T//cc7E2bgV.debug.temp.o
 .debug_line    0x0002d93c      0x124 /var/folders/cd/0s72k2v14299px3vkqj0bhsr0000gp/T//cc53pBYe.debug.temp.o
 .debug_line    0x0002da60      0x280 /var/folders/cd/0s72k2v14299px3vkqj0bhsr0000gp/T//ccUa73QH.debug.temp.o
 .debug_line    0x0002dce0      0x143 _deps/bartman_gcc_support-build/CMakeFiles/bartman_gcc_support.dir/src/gcc8_a_support.s.obj

.debug_frame    0x00000000    0x10958
 *(.debug_frame)
 .debug_frame   0x00000000    0x1088c /var/folders/cd/0s72k2v14299px3vkqj0bhsr0000gp/T//ccSGMRHS.ltrans0.ltrans.o
 .debug_frame   0x0001088c       0xcc _deps/bartman_gcc_support-build/CMakeFiles/bartman_gcc_support.dir/src/gcc8_a_support.s.obj

.debug_str      0x00000000     0x154b
 *(.debug_str)
 .debug_str     0x00000000        0x0 /var/folders/cd/0s72k2v14299px3vkqj0bhsr0000gp/T//ccSGMRHS.ltrans0.ltrans.o
 .debug_str     0x00000000       0x4b /var/folders/cd/0s72k2v14299px3vkqj0bhsr0000gp/T//ccJlOsra.debug.temp.o
 .debug_str     0x0000004b       0x56 /var/folders/cd/0s72k2v14299px3vkqj0bhsr0000gp/T//cccfwK8d.debug.temp.o
 .debug_str     0x000000a1      0x165 /var/folders/cd/0s72k2v14299px3vkqj0bhsr0000gp/T//ccLlCg1V.debug.temp.o
 .debug_str     0x00000206       0x88 /var/folders/cd/0s72k2v14299px3vkqj0bhsr0000gp/T//ccAa5au0.debug.temp.o
 .debug_str     0x0000028e       0x60 /var/folders/cd/0s72k2v14299px3vkqj0bhsr0000gp/T//ccm9PXMj.debug.temp.o
 .debug_str     0x000002ee       0x34 /var/folders/cd/0s72k2v14299px3vkqj0bhsr0000gp/T//ccjhA6V8.debug.temp.o
 .debug_str     0x00000322       0x1e /var/folders/cd/0s72k2v14299px3vkqj0bhsr0000gp/T//cc9JHvJl.debug.temp.o
 .debug_str     0x00000340       0x46 /var/folders/cd/0s72k2v14299px3vkqj0bhsr0000gp/T//ccp4JYmz.debug.temp.o
 .debug_str     0x00000386       0x99 /var/folders/cd/0s72k2v14299px3vkqj0bhsr0000gp/T//cceiSnTR.debug.temp.o
 .debug_str     0x0000041f       0x24 /var/folders/cd/0s72k2v14299px3vkqj0bhsr0000gp/T//ccKXGpuX.debug.temp.o
 .debug_str     0x00000443      0x1da /var/folders/cd/0s72k2v14299px3vkqj0bhsr0000gp/T//cce5Kvz1.debug.temp.o
 .debug_str     0x0000061d        0x6 /var/folders/cd/0s72k2v14299px3vkqj0bhsr0000gp/T//cc6Y7S2T.debug.temp.o
 .debug_str     0x00000623       0xb7 /var/folders/cd/0s72k2v14299px3vkqj0bhsr0000gp/T//ccTtezkL.debug.temp.o
 .debug_str     0x000006da       0x3b /var/folders/cd/0s72k2v14299px3vkqj0bhsr0000gp/T//ccI28sBE.debug.temp.o
 .debug_str     0x00000715      0x4d1 /var/folders/cd/0s72k2v14299px3vkqj0bhsr0000gp/T//ccyltmth.debug.temp.o
 .debug_str     0x00000be6        0xd /var/folders/cd/0s72k2v14299px3vkqj0bhsr0000gp/T//ccE1USj1.debug.temp.o
 .debug_str     0x00000bf3       0x41 /var/folders/cd/0s72k2v14299px3vkqj0bhsr0000gp/T//ccR4myvo.debug.temp.o
 .debug_str     0x00000c34       0xbc /var/folders/cd/0s72k2v14299px3vkqj0bhsr0000gp/T//cchhixnA.debug.temp.o
 .debug_str     0x00000cf0       0x84 /var/folders/cd/0s72k2v14299px3vkqj0bhsr0000gp/T//ccmOvRV9.debug.temp.o
 .debug_str     0x00000d74      0x1f7 /var/folders/cd/0s72k2v14299px3vkqj0bhsr0000gp/T//ccobIl2w.debug.temp.o
 .debug_str     0x00000f6b       0x79 /var/folders/cd/0s72k2v14299px3vkqj0bhsr0000gp/T//ccBxZpA6.debug.temp.o
 .debug_str     0x00000fe4       0x12 /var/folders/cd/0s72k2v14299px3vkqj0bhsr0000gp/T//ccmu4WIa.debug.temp.o
 .debug_str     0x00000ff6       0x1d /var/folders/cd/0s72k2v14299px3vkqj0bhsr0000gp/T//cctlmNNU.debug.temp.o
 .debug_str     0x00001013       0x6e /var/folders/cd/0s72k2v14299px3vkqj0bhsr0000gp/T//ccwDH5uH.debug.temp.o
 .debug_str     0x00001081       0x6e /var/folders/cd/0s72k2v14299px3vkqj0bhsr0000gp/T//ccqhCfSr.debug.temp.o
 .debug_str     0x000010ef       0x15 /var/folders/cd/0s72k2v14299px3vkqj0bhsr0000gp/T//ccl2GJNO.debug.temp.o
 .debug_str     0x00001104       0x5c /var/folders/cd/0s72k2v14299px3vkqj0bhsr0000gp/T//cc9vhmaE.debug.temp.o
 .debug_str     0x00001160      0x10c /var/folders/cd/0s72k2v14299px3vkqj0bhsr0000gp/T//ccsfb6xc.debug.temp.o
 .debug_str     0x0000126c       0x4c /var/folders/cd/0s72k2v14299px3vkqj0bhsr0000gp/T//ccZmntyC.debug.temp.o
 .debug_str     0x000012b8       0x3c /var/folders/cd/0s72k2v14299px3vkqj0bhsr0000gp/T//ccKA1m19.debug.temp.o
 .debug_str     0x000012f4       0x25 /var/folders/cd/0s72k2v14299px3vkqj0bhsr0000gp/T//ccahK6ko.debug.temp.o
 .debug_str     0x00001319        0x9 /var/folders/cd/0s72k2v14299px3vkqj0bhsr0000gp/T//cciNmOwL.debug.temp.o
 .debug_str     0x00001322        0x8 /var/folders/cd/0s72k2v14299px3vkqj0bhsr0000gp/T//ccs8a8Qv.debug.temp.o
 .debug_str     0x0000132a        0x8 /var/folders/cd/0s72k2v14299px3vkqj0bhsr0000gp/T//ccFsbCw6.debug.temp.o
 .debug_str     0x00001332       0x3a /var/folders/cd/0s72k2v14299px3vkqj0bhsr0000gp/T//cc8QIfrt.debug.temp.o
 .debug_str     0x0000136c       0x4b /var/folders/cd/0s72k2v14299px3vkqj0bhsr0000gp/T//cccGSisG.debug.temp.o
 .debug_str     0x000013b7        0x7 /var/folders/cd/0s72k2v14299px3vkqj0bhsr0000gp/T//cc6VGi6R.debug.temp.o
 .debug_str     0x000013be       0x12 /var/folders/cd/0s72k2v14299px3vkqj0bhsr0000gp/T//cc7E2bgV.debug.temp.o
 .debug_str     0x000013d0       0x8a /var/folders/cd/0s72k2v14299px3vkqj0bhsr0000gp/T//ccUa73QH.debug.temp.o
 .debug_str     0x0000145a       0xf1 _deps/bartman_gcc_support-build/CMakeFiles/bartman_gcc_support.dir/src/gcc8_a_support.s.obj

.debug_loc
 *(.debug_loc)

.debug_macinfo
 *(.debug_macinfo)

.debug_weaknames
 *(.debug_weaknames)

.debug_funcnames
 *(.debug_funcnames)

.debug_typenames
 *(.debug_typenames)

.debug_varnames
 *(.debug_varnames)

.debug_pubtypes
 *(.debug_pubtypes)

.debug_ranges   0x00000000       0x48
 *(.debug_ranges)
 .debug_ranges  0x00000000       0x48 _deps/bartman_gcc_support-build/CMakeFiles/bartman_gcc_support.dir/src/gcc8_a_support.s.obj

.debug_addr
 *(.debug_addr)

.debug_line_str
 *(.debug_line_str)

.debug_loclists
                0x00000000       0xfc
 *(.debug_loclists)
 .debug_loclists
                0x00000000       0xfc /var/folders/cd/0s72k2v14299px3vkqj0bhsr0000gp/T//ccSGMRHS.ltrans0.ltrans.o

.debug_macro
 *(.debug_macro)

.debug_names
 *(.debug_names)

.debug_rnglists
                0x00000000     0x17ee
 *(.debug_rnglists)
 .debug_rnglists
                0x00000000     0x17ee /var/folders/cd/0s72k2v14299px3vkqj0bhsr0000gp/T//ccSGMRHS.ltrans0.ltrans.o

.debug_str_offsets
 *(.debug_str_offsets)

.debug_sup
 *(.debug_sup)

.gnu.attributes
 *(.gnu.attributes)

/DISCARD/
 *(.note.GNU-stack)
 *(.gnu_debuglink)
 *(.gnu.lto_*)
 *(.gnu_object_only)
OUTPUT(macACE.elf elf32-m68k)
