
Discarded input sections

 .text          0x00000000        0x0 /var/folders/cd/0s72k2v14299px3vkqj0bhsr0000gp/T//ccGg8TGK.ltrans0.ltrans.o
 .data          0x00000000        0x0 /var/folders/cd/0s72k2v14299px3vkqj0bhsr0000gp/T//ccGg8TGK.ltrans0.ltrans.o
 .bss           0x00000000        0x0 /var/folders/cd/0s72k2v14299px3vkqj0bhsr0000gp/T//ccGg8TGK.ltrans0.ltrans.o
 .data.__stack_chk_guard
                0x00000000        0x4 /var/folders/cd/0s72k2v14299px3vkqj0bhsr0000gp/T//ccGg8TGK.ltrans0.ltrans.o
 .text.__stack_chk_fail
                0x00000000       0x12 /var/folders/cd/0s72k2v14299px3vkqj0bhsr0000gp/T//ccGg8TGK.ltrans0.ltrans.o
 .bss.pBmAttackers_BG
                0x00000000       0x60 /var/folders/cd/0s72k2v14299px3vkqj0bhsr0000gp/T//ccGg8TGK.ltrans0.ltrans.o
 .bss.pBmDefenders_BG
                0x00000000       0x34 /var/folders/cd/0s72k2v14299px3vkqj0bhsr0000gp/T//ccGg8TGK.ltrans0.ltrans.o
 .bss.pBmKing_BG
                0x00000000        0x4 /var/folders/cd/0s72k2v14299px3vkqj0bhsr0000gp/T//ccGg8TGK.ltrans0.ltrans.o
 .bss.testingbitmap
                0x00000000        0x4 /var/folders/cd/0s72k2v14299px3vkqj0bhsr0000gp/T//ccGg8TGK.ltrans0.ltrans.o
 .bss.startTime
                0x00000000        0x4 /var/folders/cd/0s72k2v14299px3vkqj0bhsr0000gp/T//ccGg8TGK.ltrans0.ltrans.o
 .bss.boardStateNew
                0x00000000       0xa9 /var/folders/cd/0s72k2v14299px3vkqj0bhsr0000gp/T//ccGg8TGK.ltrans0.ltrans.o
 .bss.moveHistory
                0x00000000        0xa /var/folders/cd/0s72k2v14299px3vkqj0bhsr0000gp/T//ccGg8TGK.ltrans0.ltrans.o
 .text.advancedSpriteAdd
                0x00000000      0x87a /var/folders/cd/0s72k2v14299px3vkqj0bhsr0000gp/T//ccGg8TGK.ltrans0.ltrans.o
 .text.advancedSpriteRemove
                0x00000000       0xae /var/folders/cd/0s72k2v14299px3vkqj0bhsr0000gp/T//ccGg8TGK.ltrans0.ltrans.o
 .text.advancedSpriteSetEnabled
                0x00000000       0x5c /var/folders/cd/0s72k2v14299px3vkqj0bhsr0000gp/T//ccGg8TGK.ltrans0.ltrans.o
 .text.advancedSpriteSetPos
                0x00000000       0x36 /var/folders/cd/0s72k2v14299px3vkqj0bhsr0000gp/T//ccGg8TGK.ltrans0.ltrans.o
 .text.advancedSpriteSetPosX
                0x00000000       0x26 /var/folders/cd/0s72k2v14299px3vkqj0bhsr0000gp/T//ccGg8TGK.ltrans0.ltrans.o
 .text.advancedSpriteSetPosY
                0x00000000       0x26 /var/folders/cd/0s72k2v14299px3vkqj0bhsr0000gp/T//ccGg8TGK.ltrans0.ltrans.o
 .text.advancedSpriteSetFrame
                0x00000000       0xe8 /var/folders/cd/0s72k2v14299px3vkqj0bhsr0000gp/T//ccGg8TGK.ltrans0.ltrans.o
 .text.advancedSpriteProcessChannel
                0x00000000       0x50 /var/folders/cd/0s72k2v14299px3vkqj0bhsr0000gp/T//ccGg8TGK.ltrans0.ltrans.o
 .text.addAttachedX
                0x00000000       0x4c /var/folders/cd/0s72k2v14299px3vkqj0bhsr0000gp/T//ccGg8TGK.ltrans0.ltrans.o
 .text.advancedSpriteProcess
                0x00000000      0x10e /var/folders/cd/0s72k2v14299px3vkqj0bhsr0000gp/T//ccGg8TGK.ltrans0.ltrans.o
 .text.ror16    0x00000000       0x5e /var/folders/cd/0s72k2v14299px3vkqj0bhsr0000gp/T//ccGg8TGK.ltrans0.ltrans.o
 .text.blitIsIdle
                0x00000000       0x2c /var/folders/cd/0s72k2v14299px3vkqj0bhsr0000gp/T//ccGg8TGK.ltrans0.ltrans.o
 .text.blitUnsafeRect
                0x00000000      0x1fa /var/folders/cd/0s72k2v14299px3vkqj0bhsr0000gp/T//ccGg8TGK.ltrans0.ltrans.o
 .text.blitSafeRect
                0x00000000       0xbc /var/folders/cd/0s72k2v14299px3vkqj0bhsr0000gp/T//ccGg8TGK.ltrans0.ltrans.o
 .text.blitUnsafeFillAligned
                0x00000000      0x174 /var/folders/cd/0s72k2v14299px3vkqj0bhsr0000gp/T//ccGg8TGK.ltrans0.ltrans.o
 .text.blitSafeFillAligned
                0x00000000       0xf2 /var/folders/cd/0s72k2v14299px3vkqj0bhsr0000gp/T//ccGg8TGK.ltrans0.ltrans.o
 .text.blitLine
                0x00000000      0x2f2 /var/folders/cd/0s72k2v14299px3vkqj0bhsr0000gp/T//ccGg8TGK.ltrans0.ltrans.o
 .text.blitLinePlane
                0x00000000      0x2b2 /var/folders/cd/0s72k2v14299px3vkqj0bhsr0000gp/T//ccGg8TGK.ltrans0.ltrans.o
 .bss.s_ubBufferCurr
                0x00000000        0x1 /var/folders/cd/0s72k2v14299px3vkqj0bhsr0000gp/T//ccGg8TGK.ltrans0.ltrans.o
 .bss.s_ubMaxBobCount
                0x00000000        0x1 /var/folders/cd/0s72k2v14299px3vkqj0bhsr0000gp/T//ccGg8TGK.ltrans0.ltrans.o
 .bss.s_isPushingDone
                0x00000000        0x1 /var/folders/cd/0s72k2v14299px3vkqj0bhsr0000gp/T//ccGg8TGK.ltrans0.ltrans.o
 .bss.s_ubBpp   0x00000000        0x1 /var/folders/cd/0s72k2v14299px3vkqj0bhsr0000gp/T//ccGg8TGK.ltrans0.ltrans.o
 .bss.s_ubBobsPushed
                0x00000000        0x1 /var/folders/cd/0s72k2v14299px3vkqj0bhsr0000gp/T//ccGg8TGK.ltrans0.ltrans.o
 .bss.s_ubBobsDrawn
                0x00000000        0x1 /var/folders/cd/0s72k2v14299px3vkqj0bhsr0000gp/T//ccGg8TGK.ltrans0.ltrans.o
 .bss.s_uwAvailHeight
                0x00000000        0x2 /var/folders/cd/0s72k2v14299px3vkqj0bhsr0000gp/T//ccGg8TGK.ltrans0.ltrans.o
[...]
Memory Configuration

Name             Origin             Length             Attributes
*default*        0x00000000         0xffffffff

Linker script and memory map

Address of section .text set to 0x0
LOAD /var/folders/cd/0s72k2v14299px3vkqj0bhsr0000gp/T//ccGg8TGK.ltrans0.ltrans.o
LOAD /var/folders/cd/0s72k2v14299px3vkqj0bhsr0000gp/T//ccFiXSTG.debug.temp.o
LOAD /var/folders/cd/0s72k2v14299px3vkqj0bhsr0000gp/T//ccWlgtjB.debug.temp.o
LOAD /var/folders/cd/0s72k2v14299px3vkqj0bhsr0000gp/T//cclfPiSh.debug.temp.o
LOAD /var/folders/cd/0s72k2v14299px3vkqj0bhsr0000gp/T//ccDMZnXv.debug.temp.o
LOAD /var/folders/cd/0s72k2v14299px3vkqj0bhsr0000gp/T//cc8rlhbI.debug.temp.o
LOAD /var/folders/cd/0s72k2v14299px3vkqj0bhsr0000gp/T//ccrfaFXJ.debug.temp.o
LOAD /var/folders/cd/0s72k2v14299px3vkqj0bhsr0000gp/T//cch3h10v.debug.temp.o
LOAD /var/folders/cd/0s72k2v14299px3vkqj0bhsr0000gp/T//ccV7bNET.debug.temp.o
LOAD /var/folders/cd/0s72k2v14299px3vkqj0bhsr0000gp/T//ccZE7b2E.debug.temp.o
LOAD /var/folders/cd/0s72k2v14299px3vkqj0bhsr0000gp/T//ccuhGFiV.debug.temp.o
LOAD /var/folders/cd/0s72k2v14299px3vkqj0bhsr0000gp/T//cc7SKoos.debug.temp.o
LOAD /var/folders/cd/0s72k2v14299px3vkqj0bhsr0000gp/T//ccEDoCpX.debug.temp.o
LOAD /var/folders/cd/0s72k2v14299px3vkqj0bhsr0000gp/T//ccWyTUbz.debug.temp.o
LOAD /var/folders/cd/0s72k2v14299px3vkqj0bhsr0000gp/T//ccZM5vAk.debug.temp.o
LOAD /var/folders/cd/0s72k2v14299px3vkqj0bhsr0000gp/T//ccVYYWeu.debug.temp.o
LOAD /var/folders/cd/0s72k2v14299px3vkqj0bhsr0000gp/T//cc6E9UMX.debug.temp.o
LOAD /var/folders/cd/0s72k2v14299px3vkqj0bhsr0000gp/T//ccsQ2vRf.debug.temp.o
LOAD /var/folders/cd/0s72k2v14299px3vkqj0bhsr0000gp/T//cc14ZzLV.debug.temp.o
LOAD /var/folders/cd/0s72k2v14299px3vkqj0bhsr0000gp/T//cc6hhBRW.debug.temp.o
LOAD /var/folders/cd/0s72k2v14299px3vkqj0bhsr0000gp/T//cccMu0AP.debug.temp.o
LOAD /var/folders/cd/0s72k2v14299px3vkqj0bhsr0000gp/T//ccWPUCQ3.debug.temp.o
LOAD /var/folders/cd/0s72k2v14299px3vkqj0bhsr0000gp/T//ccri9PmU.debug.temp.o
LOAD /var/folders/cd/0s72k2v14299px3vkqj0bhsr0000gp/T//ccyG9w9F.debug.temp.o
LOAD /var/folders/cd/0s72k2v14299px3vkqj0bhsr0000gp/T//ccnr7BrP.debug.temp.o
LOAD /var/folders/cd/0s72k2v14299px3vkqj0bhsr0000gp/T//ccTw5MGM.debug.temp.o
LOAD /var/folders/cd/0s72k2v14299px3vkqj0bhsr0000gp/T//cctpfHvb.debug.temp.o
LOAD /var/folders/cd/0s72k2v14299px3vkqj0bhsr0000gp/T//cckb9FcT.debug.temp.o
LOAD /var/folders/cd/0s72k2v14299px3vkqj0bhsr0000gp/T//ccs8Pqxk.debug.temp.o
LOAD /var/folders/cd/0s72k2v14299px3vkqj0bhsr0000gp/T//ccDPgojM.debug.temp.o
LOAD /var/folders/cd/0s72k2v14299px3vkqj0bhsr0000gp/T//ccfIwLIw.debug.temp.o
LOAD /var/folders/cd/0s72k2v14299px3vkqj0bhsr0000gp/T//ccztoBag.debug.temp.o
LOAD /var/folders/cd/0s72k2v14299px3vkqj0bhsr0000gp/T//ccCcAB4O.debug.temp.o
LOAD /var/folders/cd/0s72k2v14299px3vkqj0bhsr0000gp/T//cc0voitw.debug.temp.o
LOAD /var/folders/cd/0s72k2v14299px3vkqj0bhsr0000gp/T//ccx6Pb1W.debug.temp.o
LOAD /var/folders/cd/0s72k2v14299px3vkqj0bhsr0000gp/T//ccqWmDzk.debug.temp.o
LOAD /var/folders/cd/0s72k2v14299px3vkqj0bhsr0000gp/T//ccTqE5Uk.debug.temp.o
LOAD /var/folders/cd/0s72k2v14299px3vkqj0bhsr0000gp/T//cckNBosL.debug.temp.o
LOAD /var/folders/cd/0s72k2v14299px3vkqj0bhsr0000gp/T//ccB5fZdh.debug.temp.o
LOAD /var/folders/cd/0s72k2v14299px3vkqj0bhsr0000gp/T//ccIocEGj.debug.temp.o
LOAD /var/folders/cd/0s72k2v14299px3vkqj0bhsr0000gp/T//cc6iSiOW.debug.temp.o
LOAD /var/folders/cd/0s72k2v14299px3vkqj0bhsr0000gp/T//ccQRbt5q.debug.temp.o
LOAD /var/folders/cd/0s72k2v14299px3vkqj0bhsr0000gp/T//ccjbxgD5.debug.temp.o
LOAD /var/folders/cd/0s72k2v14299px3vkqj0bhsr0000gp/T//ccrUM30Z.debug.temp.o
LOAD /var/folders/cd/0s72k2v14299px3vkqj0bhsr0000gp/T//ccCFckiO.debug.temp.o
LOAD /var/folders/cd/0s72k2v14299px3vkqj0bhsr0000gp/T//ccChLuYH.debug.temp.o
LOAD /var/folders/cd/0s72k2v14299px3vkqj0bhsr0000gp/T//ccnRWqra.debug.temp.o
LOAD /var/folders/cd/0s72k2v14299px3vkqj0bhsr0000gp/T//ccfgmiLu.debug.temp.o
LOAD /var/folders/cd/0s72k2v14299px3vkqj0bhsr0000gp/T//ccYBvGZN.debug.temp.o
LOAD /var/folders/cd/0s72k2v14299px3vkqj0bhsr0000gp/T//cca7uniD.debug.temp.o
LOAD /var/folders/cd/0s72k2v14299px3vkqj0bhsr0000gp/T//cccxIrML.debug.temp.o
LOAD /var/folders/cd/0s72k2v14299px3vkqj0bhsr0000gp/T//ccrnkozl.debug.temp.o
LOAD /var/folders/cd/0s72k2v14299px3vkqj0bhsr0000gp/T//ccEZWriX.debug.temp.o
LOAD /var/folders/cd/0s72k2v14299px3vkqj0bhsr0000gp/T//cc3tzf79.debug.temp.o
LOAD /var/folders/cd/0s72k2v14299px3vkqj0bhsr0000gp/T//ccXYPkyZ.debug.temp.o
LOAD /var/folders/cd/0s72k2v14299px3vkqj0bhsr0000gp/T//ccasXrKR.debug.temp.o
LOAD _deps/bartman_gcc_support-build/CMakeFiles/bartman_gcc_support.dir/src/gcc8_a_support.s.obj
                [!provide]                        PROVIDE (__executable_start = SEGMENT_START ("text-segment", 0x80000000))
                0x80000074                        . = (SEGMENT_START ("text-segment", 0x80000000) + SIZEOF_HEADERS)

.note.gnu.build-id
 *(.note.gnu.build-id)

.interp
 *(.interp)

.hash
 *(.hash)

.gnu.hash
 *(.gnu.hash)

.dynsym
 *(.dynsym)

.dynstr
 *(.dynstr)

.gnu.version
 *(.gnu.version)

.gnu.version_d
 *(.gnu.version_d)

.gnu.version_r
 *(.gnu.version_r)

.rela.dyn       0x80000074        0x0
 *(.rela.init)
 *(.rela.text .rela.text.* .rela.gnu.linkonce.t.*)
 *(.rela.fini)
 *(.rela.rodata .rela.rodata.* .rela.gnu.linkonce.r.*)
 *(.rela.data .rela.data.* .rela.gnu.linkonce.d.*)
 *(.rela.tdata .rela.tdata.* .rela.gnu.linkonce.td.*)
 *(.rela.tbss .rela.tbss.* .rela.gnu.linkonce.tb.*)
 *(.rela.ctors)
 *(.rela.dtors)
 *(.rela.got)
 *(.rela.bss .rela.bss.* .rela.gnu.linkonce.b.*)
                [!provide]                        PROVIDE (__rela_iplt_start = .)
 *(.rela.iplt)
                [!provide]                        PROVIDE (__rela_iplt_end = .)

.rela.plt
 *(.rela.plt)

.init
 *(SORT_NONE(.init))

.plt
 *(.plt)

.iplt
 *(.iplt)

.text           0x00000000     0xe0fa
 *(.text.unlikely .text.*_unlikely .text.unlikely.*)
 .text.unlikely
                0x00000000       0xb8 /var/folders/cd/0s72k2v14299px3vkqj0bhsr0000gp/T//ccGg8TGK.ltrans0.ltrans.o
                0x00000000                _start
 *(.text.exit .text.exit.*)
 .text.exit     0x000000b8       0x1e /var/folders/cd/0s72k2v14299px3vkqj0bhsr0000gp/T//ccGg8TGK.ltrans0.ltrans.o
                0x000000b8                exit
 *(.text.startup .text.startup.*)
 *(.text.hot .text.hot.*)
 *(SORT_BY_NAME(.text.sorted.*))
 *(.text .stub .text.* .gnu.linkonce.t.*)
 .text.main     0x000000d6       0x78 /var/folders/cd/0s72k2v14299px3vkqj0bhsr0000gp/T//ccGg8TGK.ltrans0.ltrans.o
                0x000000d6                main
 .text.genericCreate
                0x0000014e       0x80 /var/folders/cd/0s72k2v14299px3vkqj0bhsr0000gp/T//ccGg8TGK.ltrans0.ltrans.o
 .text.genericProcess
                0x000001ce       0x20 /var/folders/cd/0s72k2v14299px3vkqj0bhsr0000gp/T//ccGg8TGK.ltrans0.ltrans.o
 .text.genericDestroy
                0x000001ee       0x38 /var/folders/cd/0s72k2v14299px3vkqj0bhsr0000gp/T//ccGg8TGK.ltrans0.ltrans.o
 .text.mouseGetX
                0x00000226       0x28 /var/folders/cd/0s72k2v14299px3vkqj0bhsr0000gp/T//ccGg8TGK.ltrans0.ltrans.o
 .text.mouseGetY
                0x0000024e       0x28 /var/folders/cd/0s72k2v14299px3vkqj0bhsr0000gp/T//ccGg8TGK.ltrans0.ltrans.o
 .text.mouseCheck.lto_priv.0
                0x00000276       0x44 /var/folders/cd/0s72k2v14299px3vkqj0bhsr0000gp/T//ccGg8TGK.ltrans0.ltrans.o
 .text.gameGsCreate
                0x000002ba      0x1f6 /var/folders/cd/0s72k2v14299px3vkqj0bhsr0000gp/T//ccGg8TGK.ltrans0.ltrans.o
 .text.gameGsLoop
                0x000004b0      0x104 /var/folders/cd/0s72k2v14299px3vkqj0bhsr0000gp/T//ccGg8TGK.ltrans0.ltrans.o
 .text.gameGsDestroy
                0x000005b4       0x2a /var/folders/cd/0s72k2v14299px3vkqj0bhsr0000gp/T//ccGg8TGK.ltrans0.ltrans.o
 .text.loadAssets
                0x000005de      0x1a0 /var/folders/cd/0s72k2v14299px3vkqj0bhsr0000gp/T//ccGg8TGK.ltrans0.ltrans.o
 .text.setupPieces
                0x0000077e      0x1da /var/folders/cd/0s72k2v14299px3vkqj0bhsr0000gp/T//ccGg8TGK.ltrans0.ltrans.o
 .text.setupBoard
                0x00000958       0xa4 /var/folders/cd/0s72k2v14299px3vkqj0bhsr0000gp/T//ccGg8TGK.ltrans0.ltrans.o
 .text.buildBoard
                0x000009fc      0x1ce /var/folders/cd/0s72k2v14299px3vkqj0bhsr0000gp/T//ccGg8TGK.ltrans0.ltrans.o
 .text.drawPieces
                0x00000bca      0x570 /var/folders/cd/0s72k2v14299px3vkqj0bhsr0000gp/T//ccGg8TGK.ltrans0.ltrans.o
 .text.drawBoard
                0x0000113a      0x108 /var/folders/cd/0s72k2v14299px3vkqj0bhsr0000gp/T//ccGg8TGK.ltrans0.ltrans.o
 .text.resetGame
                0x00001242       0x16 /var/folders/cd/0s72k2v14299px3vkqj0bhsr0000gp/T//ccGg8TGK.ltrans0.ltrans.o
 .text.updateMousepos
                0x00001258       0x4c /var/folders/cd/0s72k2v14299px3vkqj0bhsr0000gp/T//ccGg8TGK.ltrans0.ltrans.o
 .text.onClick  0x000012a4      0x154 /var/folders/cd/0s72k2v14299px3vkqj0bhsr0000gp/T//ccGg8TGK.ltrans0.ltrans.o
 .text.drawSquareHighlight
                0x000013f8      0x244 /var/folders/cd/0s72k2v14299px3vkqj0bhsr0000gp/T//ccGg8TGK.ltrans0.ltrans.o
 .text.getValidMoves
                0x0000163c      0x31a /var/folders/cd/0s72k2v14299px3vkqj0bhsr0000gp/T//ccGg8TGK.ltrans0.ltrans.o
 .text.movePiece
                0x00001956      0x2c2 /var/folders/cd/0s72k2v14299px3vkqj0bhsr0000gp/T//ccGg8TGK.ltrans0.ltrans.o
 .text.checkForCaptures
                0x00001c18      0x35e /var/folders/cd/0s72k2v14299px3vkqj0bhsr0000gp/T//ccGg8TGK.ltrans0.ltrans.o
 .text.inputOpen
                0x00001f76       0x16 /var/folders/cd/0s72k2v14299px3vkqj0bhsr0000gp/T//ccGg8TGK.ltrans0.ltrans.o
 .text.inputProcess
                0x00001f8c       0x10 /var/folders/cd/0s72k2v14299px3vkqj0bhsr0000gp/T//ccGg8TGK.ltrans0.ltrans.o
 .text.inputClose
                0x00001f9c       0x10 /var/folders/cd/0s72k2v14299px3vkqj0bhsr0000gp/T//ccGg8TGK.ltrans0.ltrans.o
 .text.menuGsCreate
                0x00001fac        0x4 /var/folders/cd/0s72k2v14299px3vkqj0bhsr0000gp/T//ccGg8TGK.ltrans0.ltrans.o
 .text.menuGsLoop
                0x00001fb0        0x4 /var/folders/cd/0s72k2v14299px3vkqj0bhsr0000gp/T//ccGg8TGK.ltrans0.ltrans.o
 .text.menuGsDestroy
                0x00001fb4        0x4 /var/folders/cd/0s72k2v14299px3vkqj0bhsr0000gp/T//ccGg8TGK.ltrans0.ltrans.o
 .text.blitManagerCreate
                0x00001fb8       0x30 /var/folders/cd/0s72k2v14299px3vkqj0bhsr0000gp/T//ccGg8TGK.ltrans0.ltrans.o
 .text.blitManagerDestroy
                0x00001fe8       0x2e /var/folders/cd/0s72k2v14299px3vkqj0bhsr0000gp/T//ccGg8TGK.ltrans0.ltrans.o
 .text._blitCheck
                0x00002016      0x3a8 /var/folders/cd/0s72k2v14299px3vkqj0bhsr0000gp/T//ccGg8TGK.ltrans0.ltrans.o
 .text.blitWait
                0x000023be       0x2e /var/folders/cd/0s72k2v14299px3vkqj0bhsr0000gp/T//ccGg8TGK.ltrans0.ltrans.o
 .text.blitUnsafeCopy
                0x000023ec      0x6ba /var/folders/cd/0s72k2v14299px3vkqj0bhsr0000gp/T//ccGg8TGK.ltrans0.ltrans.o
 .text.blitSafeCopy
                0x00002aa6       0xea /var/folders/cd/0s72k2v14299px3vkqj0bhsr0000gp/T//ccGg8TGK.ltrans0.ltrans.o
 .text.blitUnsafeCopyAligned
                0x00002b90      0x2c6 /var/folders/cd/0s72k2v14299px3vkqj0bhsr0000gp/T//ccGg8TGK.ltrans0.ltrans.o
 .text.blitSafeCopyAligned
                0x00002e56      0x16a /var/folders/cd/0s72k2v14299px3vkqj0bhsr0000gp/T//ccGg8TGK.ltrans0.ltrans.o
 .text.blitUnsafeCopyMask
                0x00002fc0      0x6da /var/folders/cd/0s72k2v14299px3vkqj0bhsr0000gp/T//ccGg8TGK.ltrans0.ltrans.o
 .text.blitSafeCopyMask
                0x0000369a       0xdc /var/folders/cd/0s72k2v14299px3vkqj0bhsr0000gp/T//ccGg8TGK.ltrans0.ltrans.o
 .text.copSetMoveVal.lto_priv.0
                0x00003776       0x1c /var/folders/cd/0s72k2v14299px3vkqj0bhsr0000gp/T//ccGg8TGK.ltrans0.ltrans.o
 .text.copCreate
                0x00003792       0x66 /var/folders/cd/0s72k2v14299px3vkqj0bhsr0000gp/T//ccGg8TGK.ltrans0.ltrans.o
 .text.copDestroy
                0x000037f8       0x5e /var/folders/cd/0s72k2v14299px3vkqj0bhsr0000gp/T//ccGg8TGK.ltrans0.ltrans.o
 .text.copSwapBuffers
                0x00003856       0x46 /var/folders/cd/0s72k2v14299px3vkqj0bhsr0000gp/T//ccGg8TGK.ltrans0.ltrans.o
 .text.copListCreate
                0x0000389c      0x2b0 /var/folders/cd/0s72k2v14299px3vkqj0bhsr0000gp/T//ccGg8TGK.ltrans0.ltrans.o
 .text.copListDestroy
                0x00003b4c      0x12a /var/folders/cd/0s72k2v14299px3vkqj0bhsr0000gp/T//ccGg8TGK.ltrans0.ltrans.o
 .text.copBlockCreate
                0x00003c76      0x1d0 /var/folders/cd/0s72k2v14299px3vkqj0bhsr0000gp/T//ccGg8TGK.ltrans0.ltrans.o
 .text.copBlockDestroy
                0x00003e46      0x102 /var/folders/cd/0s72k2v14299px3vkqj0bhsr0000gp/T//ccGg8TGK.ltrans0.ltrans.o
 .text.copBfrRealloc
                0x00003f48      0x10e /var/folders/cd/0s72k2v14299px3vkqj0bhsr0000gp/T//ccGg8TGK.ltrans0.ltrans.o
 .text.copReorderBlocks
                0x00004056       0xc0 /var/folders/cd/0s72k2v14299px3vkqj0bhsr0000gp/T//ccGg8TGK.ltrans0.ltrans.o
 .text.copUpdateFromBlocks
                0x00004116      0x244 /var/folders/cd/0s72k2v14299px3vkqj0bhsr0000gp/T//ccGg8TGK.ltrans0.ltrans.o
 .text.copProcessBlocks
                0x0000435a       0x8a /var/folders/cd/0s72k2v14299px3vkqj0bhsr0000gp/T//ccGg8TGK.ltrans0.ltrans.o
 .text.copBlockWait
                0x000043e4       0x4a /var/folders/cd/0s72k2v14299px3vkqj0bhsr0000gp/T//ccGg8TGK.ltrans0.ltrans.o
 .text.copMove  0x0000442e       0x82 /var/folders/cd/0s72k2v14299px3vkqj0bhsr0000gp/T//ccGg8TGK.ltrans0.ltrans.o
 .text.copSetWait
                0x000044b0       0x8e /var/folders/cd/0s72k2v14299px3vkqj0bhsr0000gp/T//ccGg8TGK.ltrans0.ltrans.o
 .text.copSetMove
                0x0000453e       0x58 /var/folders/cd/0s72k2v14299px3vkqj0bhsr0000gp/T//ccGg8TGK.ltrans0.ltrans.o
 .text.gameExit
                0x00004596        0xa /var/folders/cd/0s72k2v14299px3vkqj0bhsr0000gp/T//ccGg8TGK.ltrans0.ltrans.o
 .text.gameIsRunning
                0x000045a0        0x8 /var/folders/cd/0s72k2v14299px3vkqj0bhsr0000gp/T//ccGg8TGK.ltrans0.ltrans.o
 .text.keyIntSetState
                0x000045a8       0x38 /var/folders/cd/0s72k2v14299px3vkqj0bhsr0000gp/T//ccGg8TGK.ltrans0.ltrans.o
 .text.keyIntCheck
                0x000045e0       0x22 /var/folders/cd/0s72k2v14299px3vkqj0bhsr0000gp/T//ccGg8TGK.ltrans0.ltrans.o
 .text.keyCheck
                0x00004602       0x26 /var/folders/cd/0s72k2v14299px3vkqj0bhsr0000gp/T//ccGg8TGK.ltrans0.ltrans.o
 .text.keySetState
                0x00004628       0x38 /var/folders/cd/0s72k2v14299px3vkqj0bhsr0000gp/T//ccGg8TGK.ltrans0.ltrans.o
 .text.onRawKeyInput
                0x00004660       0x3a /var/folders/cd/0s72k2v14299px3vkqj0bhsr0000gp/T//ccGg8TGK.ltrans0.ltrans.o
 .text.onKeyInterrupt
                0x0000469a       0xe8 /var/folders/cd/0s72k2v14299px3vkqj0bhsr0000gp/T//ccGg8TGK.ltrans0.ltrans.o
 .text.keyCreate
                0x00004782       0x6c /var/folders/cd/0s72k2v14299px3vkqj0bhsr0000gp/T//ccGg8TGK.ltrans0.ltrans.o
 .text.keyDestroy
                0x000047ee       0x62 /var/folders/cd/0s72k2v14299px3vkqj0bhsr0000gp/T//ccGg8TGK.ltrans0.ltrans.o
 .text.keyProcess
                0x00004850        0x4 /var/folders/cd/0s72k2v14299px3vkqj0bhsr0000gp/T//ccGg8TGK.ltrans0.ltrans.o
 .text.vsprintf
                0x00004854       0x1e /var/folders/cd/0s72k2v14299px3vkqj0bhsr0000gp/T//ccGg8TGK.ltrans0.ltrans.o
 .text.isWritingToFileAllowed
                0x00004872       0x1a /var/folders/cd/0s72k2v14299px3vkqj0bhsr0000gp/T//ccGg8TGK.ltrans0.ltrans.o
 .text._logOpen
                0x0000488c       0x4a /var/folders/cd/0s72k2v14299px3vkqj0bhsr0000gp/T//ccGg8TGK.ltrans0.ltrans.o
 .text._logPushIndent
                0x000048d6       0x12 /var/folders/cd/0s72k2v14299px3vkqj0bhsr0000gp/T//ccGg8TGK.ltrans0.ltrans.o
 .text._logPopIndent
                0x000048e8       0x12 /var/folders/cd/0s72k2v14299px3vkqj0bhsr0000gp/T//ccGg8TGK.ltrans0.ltrans.o
 .text._logWrite
                0x000048fa       0x1e /var/folders/cd/0s72k2v14299px3vkqj0bhsr0000gp/T//ccGg8TGK.ltrans0.ltrans.o
 .text._logWriteVa
                0x00004918      0x110 /var/folders/cd/0s72k2v14299px3vkqj0bhsr0000gp/T//ccGg8TGK.ltrans0.ltrans.o
 .text._logClose
                0x00004a28       0x30 /var/folders/cd/0s72k2v14299px3vkqj0bhsr0000gp/T//ccGg8TGK.ltrans0.ltrans.o
 .text._logBlockBegin
                0x00004a58       0xb0 /var/folders/cd/0s72k2v14299px3vkqj0bhsr0000gp/T//ccGg8TGK.ltrans0.ltrans.o
 .text._logBlockEnd
                0x00004b08       0xf2 /var/folders/cd/0s72k2v14299px3vkqj0bhsr0000gp/T//ccGg8TGK.ltrans0.ltrans.o
 .text._logPushInt
                0x00004bfa       0x12 /var/folders/cd/0s72k2v14299px3vkqj0bhsr0000gp/T//ccGg8TGK.ltrans0.ltrans.o
 .text._logPopInt
                0x00004c0c       0x28 /var/folders/cd/0s72k2v14299px3vkqj0bhsr0000gp/T//ccGg8TGK.ltrans0.ltrans.o
 .text._memEntryAdd
                0x00004c34      0x154 /var/folders/cd/0s72k2v14299px3vkqj0bhsr0000gp/T//ccGg8TGK.ltrans0.ltrans.o
 .text._memEntryDelete
                0x00004d88      0x16a /var/folders/cd/0s72k2v14299px3vkqj0bhsr0000gp/T//ccGg8TGK.ltrans0.ltrans.o
 .text.memEntryCheckTrash
                0x00004ef2      0x116 /var/folders/cd/0s72k2v14299px3vkqj0bhsr0000gp/T//ccGg8TGK.ltrans0.ltrans.o
 .text._memCheckIntegrity
                0x00005008       0x4c /var/folders/cd/0s72k2v14299px3vkqj0bhsr0000gp/T//ccGg8TGK.ltrans0.ltrans.o
 .text._memCreate
                0x00005054       0x28 /var/folders/cd/0s72k2v14299px3vkqj0bhsr0000gp/T//ccGg8TGK.ltrans0.ltrans.o
 .text._memDestroy
                0x0000507c       0x7e /var/folders/cd/0s72k2v14299px3vkqj0bhsr0000gp/T//ccGg8TGK.ltrans0.ltrans.o
 .text._memAllocDbg
                0x000050fa      0x142 /var/folders/cd/0s72k2v14299px3vkqj0bhsr0000gp/T//ccGg8TGK.ltrans0.ltrans.o
 .text._memFreeDbg
                0x0000523c       0x6e /var/folders/cd/0s72k2v14299px3vkqj0bhsr0000gp/T//ccGg8TGK.ltrans0.ltrans.o
 .text._memAllocRls
                0x000052aa       0x96 /var/folders/cd/0s72k2v14299px3vkqj0bhsr0000gp/T//ccGg8TGK.ltrans0.ltrans.o
 .text._memFreeRls
                0x00005340       0x38 /var/folders/cd/0s72k2v14299px3vkqj0bhsr0000gp/T//ccGg8TGK.ltrans0.ltrans.o
 .text._memLogPeak
                0x00005378       0x24 /var/folders/cd/0s72k2v14299px3vkqj0bhsr0000gp/T//ccGg8TGK.ltrans0.ltrans.o
 .text.memType  0x0000539c       0x3e /var/folders/cd/0s72k2v14299px3vkqj0bhsr0000gp/T//ccGg8TGK.ltrans0.ltrans.o
 .text.mouseSetBounds
                0x000053da       0xaa /var/folders/cd/0s72k2v14299px3vkqj0bhsr0000gp/T//ccGg8TGK.ltrans0.ltrans.o
 .text.mouseSetButton
                0x00005484       0x4c /var/folders/cd/0s72k2v14299px3vkqj0bhsr0000gp/T//ccGg8TGK.ltrans0.ltrans.o
 .text.mouseCheck.lto_priv.1
                0x000054d0       0x44 /var/folders/cd/0s72k2v14299px3vkqj0bhsr0000gp/T//ccGg8TGK.ltrans0.ltrans.o
 .text.mouseMoveBy
                0x00005514      0x11c /var/folders/cd/0s72k2v14299px3vkqj0bhsr0000gp/T//ccGg8TGK.ltrans0.ltrans.o
 .text.mouseResetPos
                0x00005630       0xaa /var/folders/cd/0s72k2v14299px3vkqj0bhsr0000gp/T//ccGg8TGK.ltrans0.ltrans.o
 .text.mouseCreate
                0x000056da       0xd8 /var/folders/cd/0s72k2v14299px3vkqj0bhsr0000gp/T//ccGg8TGK.ltrans0.ltrans.o
 .text.mouseDestroy
                0x000057b2       0x14 /var/folders/cd/0s72k2v14299px3vkqj0bhsr0000gp/T//ccGg8TGK.ltrans0.ltrans.o
 .text.mouseProcessPort
                0x000057c6      0x1f4 /var/folders/cd/0s72k2v14299px3vkqj0bhsr0000gp/T//ccGg8TGK.ltrans0.ltrans.o
 .text.mouseProcess
                0x000059ba      0x130 /var/folders/cd/0s72k2v14299px3vkqj0bhsr0000gp/T//ccGg8TGK.ltrans0.ltrans.o
 .text.randCreate
                0x00005aea       0x56 /var/folders/cd/0s72k2v14299px3vkqj0bhsr0000gp/T//ccGg8TGK.ltrans0.ltrans.o
 .text.randInit
                0x00005b40       0x80 /var/folders/cd/0s72k2v14299px3vkqj0bhsr0000gp/T//ccGg8TGK.ltrans0.ltrans.o
 .text.copSetMoveVal.lto_priv.1
                0x00005bc0       0x1c /var/folders/cd/0s72k2v14299px3vkqj0bhsr0000gp/T//ccGg8TGK.ltrans0.ltrans.o
 .text.spriteChannelRequestCopperUpdate
                0x00005bdc        0xe /var/folders/cd/0s72k2v14299px3vkqj0bhsr0000gp/T//ccGg8TGK.ltrans0.ltrans.o
 .text.spriteManagerCreate
                0x00005bea      0x15a /var/folders/cd/0s72k2v14299px3vkqj0bhsr0000gp/T//ccGg8TGK.ltrans0.ltrans.o
 .text.spriteAdd
                0x00005d44      0x11c /var/folders/cd/0s72k2v14299px3vkqj0bhsr0000gp/T//ccGg8TGK.ltrans0.ltrans.o
 .text.spriteSetEnabled
                0x00005e60       0x4a /var/folders/cd/0s72k2v14299px3vkqj0bhsr0000gp/T//ccGg8TGK.ltrans0.ltrans.o
 .text.spriteSetBitmap
                0x00005eaa       0xdc /var/folders/cd/0s72k2v14299px3vkqj0bhsr0000gp/T//ccGg8TGK.ltrans0.ltrans.o
 .text.spriteProcessChannel
                0x00005f86      0x1e6 /var/folders/cd/0s72k2v14299px3vkqj0bhsr0000gp/T//ccGg8TGK.ltrans0.ltrans.o
 .text.spriteProcess
                0x0000616c      0x130 /var/folders/cd/0s72k2v14299px3vkqj0bhsr0000gp/T//ccGg8TGK.ltrans0.ltrans.o
 .text.spriteSetHeight
                0x0000629c       0x98 /var/folders/cd/0s72k2v14299px3vkqj0bhsr0000gp/T//ccGg8TGK.ltrans0.ltrans.o
 .text._checkNull
                0x00006334       0x38 /var/folders/cd/0s72k2v14299px3vkqj0bhsr0000gp/T//ccGg8TGK.ltrans0.ltrans.o
 .text.stateManagerCreate
                0x0000636c       0x44 /var/folders/cd/0s72k2v14299px3vkqj0bhsr0000gp/T//ccGg8TGK.ltrans0.ltrans.o
 .text.stateManagerDestroy
                0x000063b0       0x6a /var/folders/cd/0s72k2v14299px3vkqj0bhsr0000gp/T//ccGg8TGK.ltrans0.ltrans.o
 .text.stateCreate
                0x0000641a       0x82 /var/folders/cd/0s72k2v14299px3vkqj0bhsr0000gp/T//ccGg8TGK.ltrans0.ltrans.o
 .text.stateDestroy
                0x0000649c       0x5e /var/folders/cd/0s72k2v14299px3vkqj0bhsr0000gp/T//ccGg8TGK.ltrans0.ltrans.o
 .text.statePush
                0x000064fa       0xd4 /var/folders/cd/0s72k2v14299px3vkqj0bhsr0000gp/T//ccGg8TGK.ltrans0.ltrans.o
 .text.statePopAll
                0x000065ce       0x74 /var/folders/cd/0s72k2v14299px3vkqj0bhsr0000gp/T//ccGg8TGK.ltrans0.ltrans.o
 .text.stateProcess
                0x00006642       0x42 /var/folders/cd/0s72k2v14299px3vkqj0bhsr0000gp/T//ccGg8TGK.ltrans0.ltrans.o
 .text.keyReset
                0x00006684       0x2e /var/folders/cd/0s72k2v14299px3vkqj0bhsr0000gp/T//ccGg8TGK.ltrans0.ltrans.o
 .text.int1Handler
                0x000066b2       0x18 /var/folders/cd/0s72k2v14299px3vkqj0bhsr0000gp/T//ccGg8TGK.ltrans0.ltrans.o
 .text.int2Handler
                0x000066ca       0xb6 /var/folders/cd/0s72k2v14299px3vkqj0bhsr0000gp/T//ccGg8TGK.ltrans0.ltrans.o
 .text.int3Handler
                0x00006780       0xe6 /var/folders/cd/0s72k2v14299px3vkqj0bhsr0000gp/T//ccGg8TGK.ltrans0.ltrans.o
 .text.int4Handler
                0x00006866      0x11c /var/folders/cd/0s72k2v14299px3vkqj0bhsr0000gp/T//ccGg8TGK.ltrans0.ltrans.o
 .text.int5Handler
                0x00006982       0x18 /var/folders/cd/0s72k2v14299px3vkqj0bhsr0000gp/T//ccGg8TGK.ltrans0.ltrans.o
 .text.int6Handler
                0x0000699a       0xf0 /var/folders/cd/0s72k2v14299px3vkqj0bhsr0000gp/T//ccGg8TGK.ltrans0.ltrans.o
 .text.int7Handler
                0x00006a8a       0x18 /var/folders/cd/0s72k2v14299px3vkqj0bhsr0000gp/T//ccGg8TGK.ltrans0.ltrans.o
 .text.aceInputHandler
                0x00006aa2       0x46 /var/folders/cd/0s72k2v14299px3vkqj0bhsr0000gp/T//ccGg8TGK.ltrans0.ltrans.o
 .text.ciaIcrHandler
                0x00006ae8       0x2a /var/folders/cd/0s72k2v14299px3vkqj0bhsr0000gp/T//ccGg8TGK.ltrans0.ltrans.o
 .text.osIntVector
                0x00006b12       0x74 /var/folders/cd/0s72k2v14299px3vkqj0bhsr0000gp/T//ccGg8TGK.ltrans0.ltrans.o
 .text.osIntServer
                0x00006b86       0x92 /var/folders/cd/0s72k2v14299px3vkqj0bhsr0000gp/T//ccGg8TGK.ltrans0.ltrans.o
 .text.msgPortCreate
                0x00006c18       0xf4 /var/folders/cd/0s72k2v14299px3vkqj0bhsr0000gp/T//ccGg8TGK.ltrans0.ltrans.o
 .text.msgPortDelete
                0x00006d0c       0x60 /var/folders/cd/0s72k2v14299px3vkqj0bhsr0000gp/T//ccGg8TGK.ltrans0.ltrans.o
 .text.ioRequestInitialize
                0x00006d6c       0x30 /var/folders/cd/0s72k2v14299px3vkqj0bhsr0000gp/T//ccGg8TGK.ltrans0.ltrans.o
 .text.ioRequestCreate
                0x00006d9c       0x6e /var/folders/cd/0s72k2v14299px3vkqj0bhsr0000gp/T//ccGg8TGK.ltrans0.ltrans.o
 .text.ioRequestDestroy
                0x00006e0a       0x3a /var/folders/cd/0s72k2v14299px3vkqj0bhsr0000gp/T//ccGg8TGK.ltrans0.ltrans.o
 .text.audioChannelAlloc
                0x00006e44      0x14a /var/folders/cd/0s72k2v14299px3vkqj0bhsr0000gp/T//ccGg8TGK.ltrans0.ltrans.o
 .text.audioChannelFree
                0x00006f8e       0x92 /var/folders/cd/0s72k2v14299px3vkqj0bhsr0000gp/T//ccGg8TGK.ltrans0.ltrans.o
 .text.cdtvCdCommand
                0x00007020       0x64 /var/folders/cd/0s72k2v14299px3vkqj0bhsr0000gp/T//ccGg8TGK.ltrans0.ltrans.o
 .text.cdtvPortAlloc
                0x00007084       0xf0 /var/folders/cd/0s72k2v14299px3vkqj0bhsr0000gp/T//ccGg8TGK.ltrans0.ltrans.o
 .text.cdtvPortFree
                0x00007174       0x34 /var/folders/cd/0s72k2v14299px3vkqj0bhsr0000gp/T//ccGg8TGK.ltrans0.ltrans.o
 .text.inputHandlerAdd
                0x000071a8      0x15a /var/folders/cd/0s72k2v14299px3vkqj0bhsr0000gp/T//ccGg8TGK.ltrans0.ltrans.o
 .text.inputHandlerRemove
                0x00007302       0x8e /var/folders/cd/0s72k2v14299px3vkqj0bhsr0000gp/T//ccGg8TGK.ltrans0.ltrans.o
 .text.interruptHandlerAdd
                0x00007390      0x136 /var/folders/cd/0s72k2v14299px3vkqj0bhsr0000gp/T//ccGg8TGK.ltrans0.ltrans.o
 .text.interruptHandlerRemove
                0x000074c6       0xf6 /var/folders/cd/0s72k2v14299px3vkqj0bhsr0000gp/T//ccGg8TGK.ltrans0.ltrans.o
 .text.systemOsDisable
                0x000075bc      0x2f8 /var/folders/cd/0s72k2v14299px3vkqj0bhsr0000gp/T//ccGg8TGK.ltrans0.ltrans.o
 .text.ciaIcrHandlerAdd
                0x000078b4      0x294 /var/folders/cd/0s72k2v14299px3vkqj0bhsr0000gp/T//ccGg8TGK.ltrans0.ltrans.o
 .text.ciaIcrHandlerRemove
                0x00007b48       0x92 /var/folders/cd/0s72k2v14299px3vkqj0bhsr0000gp/T//ccGg8TGK.ltrans0.ltrans.o
 .text.systemFlushIo
                0x00007bda      0x12e /var/folders/cd/0s72k2v14299px3vkqj0bhsr0000gp/T//ccGg8TGK.ltrans0.ltrans.o
 .text.systemKill
                0x00007d08       0xee /var/folders/cd/0s72k2v14299px3vkqj0bhsr0000gp/T//ccGg8TGK.ltrans0.ltrans.o
 .text.systemCreate
                0x00007df6      0x46e /var/folders/cd/0s72k2v14299px3vkqj0bhsr0000gp/T//ccGg8TGK.ltrans0.ltrans.o
 .text.systemDestroy
                0x00008264      0x242 /var/folders/cd/0s72k2v14299px3vkqj0bhsr0000gp/T//ccGg8TGK.ltrans0.ltrans.o
 .text.systemUnuse
                0x000084a6       0x90 /var/folders/cd/0s72k2v14299px3vkqj0bhsr0000gp/T//ccGg8TGK.ltrans0.ltrans.o
 .text.systemUse
                0x00008536      0x208 /var/folders/cd/0s72k2v14299px3vkqj0bhsr0000gp/T//ccGg8TGK.ltrans0.ltrans.o
 .text.systemGetBlitterFromOs
                0x0000873e       0x5c /var/folders/cd/0s72k2v14299px3vkqj0bhsr0000gp/T//ccGg8TGK.ltrans0.ltrans.o
 .text.systemReleaseBlitterToOs
                0x0000879a       0x36 /var/folders/cd/0s72k2v14299px3vkqj0bhsr0000gp/T//ccGg8TGK.ltrans0.ltrans.o
 .text.systemSetKeyInputHandler
                0x000087d0        0xc /var/folders/cd/0s72k2v14299px3vkqj0bhsr0000gp/T//ccGg8TGK.ltrans0.ltrans.o
 .text.systemSetCiaInt
                0x000087dc       0x8a /var/folders/cd/0s72k2v14299px3vkqj0bhsr0000gp/T//ccGg8TGK.ltrans0.ltrans.o
 .text.systemSetDmaBit
                0x00008866       0x42 /var/folders/cd/0s72k2v14299px3vkqj0bhsr0000gp/T//ccGg8TGK.ltrans0.ltrans.o
 .text.systemSetDmaMask
                0x000088a8       0xb0 /var/folders/cd/0s72k2v14299px3vkqj0bhsr0000gp/T//ccGg8TGK.ltrans0.ltrans.o
 .text.systemIdleBegin
                0x00008958        0xa /var/folders/cd/0s72k2v14299px3vkqj0bhsr0000gp/T//ccGg8TGK.ltrans0.ltrans.o
 .text.systemIdleEnd
                0x00008962        0xa /var/folders/cd/0s72k2v14299px3vkqj0bhsr0000gp/T//ccGg8TGK.ltrans0.ltrans.o
 .text.systemGetVerticalBlankFrequency
                0x0000896c        0xc /var/folders/cd/0s72k2v14299px3vkqj0bhsr0000gp/T//ccGg8TGK.ltrans0.ltrans.o
 .text.systemIsPal
                0x00008978       0x1e /var/folders/cd/0s72k2v14299px3vkqj0bhsr0000gp/T//ccGg8TGK.ltrans0.ltrans.o
 .text.systemCheckStack
                0x00008996       0x4a /var/folders/cd/0s72k2v14299px3vkqj0bhsr0000gp/T//ccGg8TGK.ltrans0.ltrans.o
 .text.timerCreate
                0x000089e0        0xc /var/folders/cd/0s72k2v14299px3vkqj0bhsr0000gp/T//ccGg8TGK.ltrans0.ltrans.o
 .text.timerDestroy
                0x000089ec        0x4 /var/folders/cd/0s72k2v14299px3vkqj0bhsr0000gp/T//ccGg8TGK.ltrans0.ltrans.o
 .text.timerGet
                0x000089f0       0x10 /var/folders/cd/0s72k2v14299px3vkqj0bhsr0000gp/T//ccGg8TGK.ltrans0.ltrans.o
 .text.timerOnInterrupt
                0x00008a00       0x12 /var/folders/cd/0s72k2v14299px3vkqj0bhsr0000gp/T//ccGg8TGK.ltrans0.ltrans.o
 .text.timerGetPrec
                0x00008a12       0xae /var/folders/cd/0s72k2v14299px3vkqj0bhsr0000gp/T//ccGg8TGK.ltrans0.ltrans.o
 .text.timerGetDelta
                0x00008ac0       0x20 /var/folders/cd/0s72k2v14299px3vkqj0bhsr0000gp/T//ccGg8TGK.ltrans0.ltrans.o
 .text.timerProcess
                0x00008ae0       0x64 /var/folders/cd/0s72k2v14299px3vkqj0bhsr0000gp/T//ccGg8TGK.ltrans0.ltrans.o
 .text.timerFormatPrec
                0x00008b44      0x118 /var/folders/cd/0s72k2v14299px3vkqj0bhsr0000gp/T//ccGg8TGK.ltrans0.ltrans.o
 .text.cameraCreate
                0x00008c5c      0x154 /var/folders/cd/0s72k2v14299px3vkqj0bhsr0000gp/T//ccGg8TGK.ltrans0.ltrans.o
 .text.cameraDestroy
                0x00008db0       0x3c /var/folders/cd/0s72k2v14299px3vkqj0bhsr0000gp/T//ccGg8TGK.ltrans0.ltrans.o
 .text.cameraProcess
                0x00008dec       0x46 /var/folders/cd/0s72k2v14299px3vkqj0bhsr0000gp/T//ccGg8TGK.ltrans0.ltrans.o
 .text.cameraReset
                0x00008e32      0x142 /var/folders/cd/0s72k2v14299px3vkqj0bhsr0000gp/T//ccGg8TGK.ltrans0.ltrans.o
 .text.cameraIsMoved
                0x00008f74       0x30 /var/folders/cd/0s72k2v14299px3vkqj0bhsr0000gp/T//ccGg8TGK.ltrans0.ltrans.o
 .text.copSetMoveVal.lto_priv.3
                0x00008fa4       0x1c /var/folders/cd/0s72k2v14299px3vkqj0bhsr0000gp/T//ccGg8TGK.ltrans0.ltrans.o
 .text.setBitplanePtrs
                0x00008fc0       0xc4 /var/folders/cd/0s72k2v14299px3vkqj0bhsr0000gp/T//ccGg8TGK.ltrans0.ltrans.o
 .text.updateBitplanePtrs
                0x00009084       0x8e /var/folders/cd/0s72k2v14299px3vkqj0bhsr0000gp/T//ccGg8TGK.ltrans0.ltrans.o
 .text.simpleBufferInitializeCopperList
                0x00009112      0x5a2 /var/folders/cd/0s72k2v14299px3vkqj0bhsr0000gp/T//ccGg8TGK.ltrans0.ltrans.o
 .text.simpleBufferSetBack
                0x000096b4       0x3e /var/folders/cd/0s72k2v14299px3vkqj0bhsr0000gp/T//ccGg8TGK.ltrans0.ltrans.o
 .text.simpleBufferCalcBplOffsAndShift
                0x000096f2       0xfa /var/folders/cd/0s72k2v14299px3vkqj0bhsr0000gp/T//ccGg8TGK.ltrans0.ltrans.o
 .text.simpleBufferSetFront
                0x000097ec       0x64 /var/folders/cd/0s72k2v14299px3vkqj0bhsr0000gp/T//ccGg8TGK.ltrans0.ltrans.o
 .text.simpleBufferCreate
                0x00009850      0x4c0 /var/folders/cd/0s72k2v14299px3vkqj0bhsr0000gp/T//ccGg8TGK.ltrans0.ltrans.o
 .text.simpleBufferDestroy
                0x00009d10       0xac /var/folders/cd/0s72k2v14299px3vkqj0bhsr0000gp/T//ccGg8TGK.ltrans0.ltrans.o
 .text.simpleBufferProcess
                0x00009dbc      0x26e /var/folders/cd/0s72k2v14299px3vkqj0bhsr0000gp/T//ccGg8TGK.ltrans0.ltrans.o
 .text.simpleBufferGetRawCopperlistInstructionCount
                0x0000a02a       0x1c /var/folders/cd/0s72k2v14299px3vkqj0bhsr0000gp/T//ccGg8TGK.ltrans0.ltrans.o
 .text.bitmapCreate
                0x0000a046      0x542 /var/folders/cd/0s72k2v14299px3vkqj0bhsr0000gp/T//ccGg8TGK.ltrans0.ltrans.o
 .text.bitmapCreateFromPath
                0x0000a588       0x3a /var/folders/cd/0s72k2v14299px3vkqj0bhsr0000gp/T//ccGg8TGK.ltrans0.ltrans.o
 .text.bitmapCreateFromFd
                0x0000a5c2      0x2fe /var/folders/cd/0s72k2v14299px3vkqj0bhsr0000gp/T//ccGg8TGK.ltrans0.ltrans.o
 .text.bitmapDestroy
                0x0000a8c0      0x1b4 /var/folders/cd/0s72k2v14299px3vkqj0bhsr0000gp/T//ccGg8TGK.ltrans0.ltrans.o
 .text.bitmapIsInterleaved
                0x0000aa74       0x2e /var/folders/cd/0s72k2v14299px3vkqj0bhsr0000gp/T//ccGg8TGK.ltrans0.ltrans.o
 .text.bitmapIsChip
                0x0000aaa2       0x1c /var/folders/cd/0s72k2v14299px3vkqj0bhsr0000gp/T//ccGg8TGK.ltrans0.ltrans.o
 .text.bitmapGetByteWidth
                0x0000aabe       0x30 /var/folders/cd/0s72k2v14299px3vkqj0bhsr0000gp/T//ccGg8TGK.ltrans0.ltrans.o
 .text.ciaGetTimerA
                0x0000aaee       0x3a /var/folders/cd/0s72k2v14299px3vkqj0bhsr0000gp/T//ccGg8TGK.ltrans0.ltrans.o
 .text.ciaSetTimerA
                0x0000ab28       0x2e /var/folders/cd/0s72k2v14299px3vkqj0bhsr0000gp/T//ccGg8TGK.ltrans0.ltrans.o
 .text.ciaGetTimerB
                0x0000ab56       0x3a /var/folders/cd/0s72k2v14299px3vkqj0bhsr0000gp/T//ccGg8TGK.ltrans0.ltrans.o
 .text.ciaSetTimerB
                0x0000ab90       0x2e /var/folders/cd/0s72k2v14299px3vkqj0bhsr0000gp/T//ccGg8TGK.ltrans0.ltrans.o
 .text.getRayPos
                0x0000abbe       0x54 /var/folders/cd/0s72k2v14299px3vkqj0bhsr0000gp/T//ccGg8TGK.ltrans0.ltrans.o
 .text.fileAccessEnable
                0x0000ac12       0x10 /var/folders/cd/0s72k2v14299px3vkqj0bhsr0000gp/T//ccGg8TGK.ltrans0.ltrans.o
 .text.fileAccessDisable
                0x0000ac22       0x10 /var/folders/cd/0s72k2v14299px3vkqj0bhsr0000gp/T//ccGg8TGK.ltrans0.ltrans.o
 .text.diskFileClose
                0x0000ac32       0x8a /var/folders/cd/0s72k2v14299px3vkqj0bhsr0000gp/T//ccGg8TGK.ltrans0.ltrans.o
 .text.diskFileRead
                0x0000acbc      0x232 /var/folders/cd/0s72k2v14299px3vkqj0bhsr0000gp/T//ccGg8TGK.ltrans0.ltrans.o
 .text.diskFileWrite
                0x0000aeee      0x13a /var/folders/cd/0s72k2v14299px3vkqj0bhsr0000gp/T//ccGg8TGK.ltrans0.ltrans.o
 .text.diskFileSeek
                0x0000b028      0x192 /var/folders/cd/0s72k2v14299px3vkqj0bhsr0000gp/T//ccGg8TGK.ltrans0.ltrans.o
 .text.diskFileGetPos
                0x0000b1ba       0x62 /var/folders/cd/0s72k2v14299px3vkqj0bhsr0000gp/T//ccGg8TGK.ltrans0.ltrans.o
 .text.diskFileGetSize
                0x0000b21c       0x78 /var/folders/cd/0s72k2v14299px3vkqj0bhsr0000gp/T//ccGg8TGK.ltrans0.ltrans.o
 .text.diskFileIsEof
                0x0000b294       0x62 /var/folders/cd/0s72k2v14299px3vkqj0bhsr0000gp/T//ccGg8TGK.ltrans0.ltrans.o
 .text.diskFileFlush
                0x0000b2f6       0x36 /var/folders/cd/0s72k2v14299px3vkqj0bhsr0000gp/T//ccGg8TGK.ltrans0.ltrans.o
 .text.diskFileOpen
                0x0000b32c      0x13c /var/folders/cd/0s72k2v14299px3vkqj0bhsr0000gp/T//ccGg8TGK.ltrans0.ltrans.o
 .text.viewCreate
                0x0000b468      0x470 /var/folders/cd/0s72k2v14299px3vkqj0bhsr0000gp/T//ccGg8TGK.ltrans0.ltrans.o
 .text.viewDestroy
                0x0000b8d8       0x9a /var/folders/cd/0s72k2v14299px3vkqj0bhsr0000gp/T//ccGg8TGK.ltrans0.ltrans.o
 .text.vPortProcessManagers
                0x0000b972       0x28 /var/folders/cd/0s72k2v14299px3vkqj0bhsr0000gp/T//ccGg8TGK.ltrans0.ltrans.o
 .text.viewProcessManagers
                0x0000b99a       0x28 /var/folders/cd/0s72k2v14299px3vkqj0bhsr0000gp/T//ccGg8TGK.ltrans0.ltrans.o
 .text.viewUpdateGlobalPalette
                0x0000b9c2       0x68 /var/folders/cd/0s72k2v14299px3vkqj0bhsr0000gp/T//ccGg8TGK.ltrans0.ltrans.o
 .text.viewLoad
                0x0000ba2a      0x3c6 /var/folders/cd/0s72k2v14299px3vkqj0bhsr0000gp/T//ccGg8TGK.ltrans0.ltrans.o
 .text.vPortCreate
                0x0000bdf0      0x45e /var/folders/cd/0s72k2v14299px3vkqj0bhsr0000gp/T//ccGg8TGK.ltrans0.ltrans.o
 .text.vPortDestroy
                0x0000c24e      0x130 /var/folders/cd/0s72k2v14299px3vkqj0bhsr0000gp/T//ccGg8TGK.ltrans0.ltrans.o
 .text.vPortWaitForPos
                0x0000c37e      0x100 /var/folders/cd/0s72k2v14299px3vkqj0bhsr0000gp/T//ccGg8TGK.ltrans0.ltrans.o
 .text.vPortWaitForEnd
                0x0000c47e       0x28 /var/folders/cd/0s72k2v14299px3vkqj0bhsr0000gp/T//ccGg8TGK.ltrans0.ltrans.o
 .text.vPortAddManager
                0x0000c4a6       0xf0 /var/folders/cd/0s72k2v14299px3vkqj0bhsr0000gp/T//ccGg8TGK.ltrans0.ltrans.o
 .text.vPortRmManager
                0x0000c596       0xee /var/folders/cd/0s72k2v14299px3vkqj0bhsr0000gp/T//ccGg8TGK.ltrans0.ltrans.o
 .text.vPortGetManager
                0x0000c684       0x40 /var/folders/cd/0s72k2v14299px3vkqj0bhsr0000gp/T//ccGg8TGK.ltrans0.ltrans.o
 .text.fileClose
                0x0000c6c4       0x5c /var/folders/cd/0s72k2v14299px3vkqj0bhsr0000gp/T//ccGg8TGK.ltrans0.ltrans.o
 .text.fileRead
                0x0000c720       0x4c /var/folders/cd/0s72k2v14299px3vkqj0bhsr0000gp/T//ccGg8TGK.ltrans0.ltrans.o
 .text.fileWrite
                0x0000c76c       0x38 /var/folders/cd/0s72k2v14299px3vkqj0bhsr0000gp/T//ccGg8TGK.ltrans0.ltrans.o
 .text.fileSeek
                0x0000c7a4       0x4c /var/folders/cd/0s72k2v14299px3vkqj0bhsr0000gp/T//ccGg8TGK.ltrans0.ltrans.o
 .text.fileFlush
                0x0000c7f0       0x30 /var/folders/cd/0s72k2v14299px3vkqj0bhsr0000gp/T//ccGg8TGK.ltrans0.ltrans.o
 .text.fontCreateFromPath
                0x0000c820       0x20 /var/folders/cd/0s72k2v14299px3vkqj0bhsr0000gp/T//ccGg8TGK.ltrans0.ltrans.o
 .text.fontCreateFromFd
                0x0000c840      0x22a /var/folders/cd/0s72k2v14299px3vkqj0bhsr0000gp/T//ccGg8TGK.ltrans0.ltrans.o
 .text.paletteLoadFromPath
                0x0000ca6a       0x40 /var/folders/cd/0s72k2v14299px3vkqj0bhsr0000gp/T//ccGg8TGK.ltrans0.ltrans.o
 .text.paletteLoadFromFd
                0x0000caaa       0xd6 /var/folders/cd/0s72k2v14299px3vkqj0bhsr0000gp/T//ccGg8TGK.ltrans0.ltrans.o
 .text.spriteDisableInCopBlockMode
                0x0000cb80      0x104 /var/folders/cd/0s72k2v14299px3vkqj0bhsr0000gp/T//ccGg8TGK.ltrans0.ltrans.o
 .text.spriteDisableInCopRawMode
                0x0000cc84      0x142 /var/folders/cd/0s72k2v14299px3vkqj0bhsr0000gp/T//ccGg8TGK.ltrans0.ltrans.o
 .text.tagGet   0x0000cdc6       0xaa /var/folders/cd/0s72k2v14299px3vkqj0bhsr0000gp/T//ccGg8TGK.ltrans0.ltrans.o
 .text._out_buffer
                0x0000ce70       0x28 /var/folders/cd/0s72k2v14299px3vkqj0bhsr0000gp/T//ccGg8TGK.ltrans0.ltrans.o
 .text._out_null
                0x0000ce98       0x12 /var/folders/cd/0s72k2v14299px3vkqj0bhsr0000gp/T//ccGg8TGK.ltrans0.ltrans.o
 .text._strnlen_s
                0x0000ceaa       0x2a /var/folders/cd/0s72k2v14299px3vkqj0bhsr0000gp/T//ccGg8TGK.ltrans0.ltrans.o
 .text._is_digit
                0x0000ced4       0x2c /var/folders/cd/0s72k2v14299px3vkqj0bhsr0000gp/T//ccGg8TGK.ltrans0.ltrans.o
 .text._atoi    0x0000cf00       0x54 /var/folders/cd/0s72k2v14299px3vkqj0bhsr0000gp/T//ccGg8TGK.ltrans0.ltrans.o
 .text._out_rev
                0x0000cf54       0xce /var/folders/cd/0s72k2v14299px3vkqj0bhsr0000gp/T//ccGg8TGK.ltrans0.ltrans.o
 .text._ntoa_format
                0x0000d022      0x208 /var/folders/cd/0s72k2v14299px3vkqj0bhsr0000gp/T//ccGg8TGK.ltrans0.ltrans.o
 .text._ntoa_long
                0x0000d22a       0xe8 /var/folders/cd/0s72k2v14299px3vkqj0bhsr0000gp/T//ccGg8TGK.ltrans0.ltrans.o
 .text._vsnprintf
                0x0000d312      0x95c /var/folders/cd/0s72k2v14299px3vkqj0bhsr0000gp/T//ccGg8TGK.ltrans0.ltrans.o
 .text.sprintf  0x0000dc6e       0x34 /var/folders/cd/0s72k2v14299px3vkqj0bhsr0000gp/T//ccGg8TGK.ltrans0.ltrans.o
                0x0000dc6e                sprintf
 .text.vsnprintf
                0x0000dca2       0x22 /var/folders/cd/0s72k2v14299px3vkqj0bhsr0000gp/T//ccGg8TGK.ltrans0.ltrans.o
                0x0000dca2                vsnprintf
 .text.fopen    0x0000dcc4       0x96 /var/folders/cd/0s72k2v14299px3vkqj0bhsr0000gp/T//ccGg8TGK.ltrans0.ltrans.o
 .text.fread    0x0000dd5a       0x70 /var/folders/cd/0s72k2v14299px3vkqj0bhsr0000gp/T//ccGg8TGK.ltrans0.ltrans.o
 .text.fwrite   0x0000ddca       0x70 /var/folders/cd/0s72k2v14299px3vkqj0bhsr0000gp/T//ccGg8TGK.ltrans0.ltrans.o
                0x0000ddca                fwrite
 .text.fclose   0x0000de3a       0x26 /var/folders/cd/0s72k2v14299px3vkqj0bhsr0000gp/T//ccGg8TGK.ltrans0.ltrans.o
 .text.fseek    0x0000de60       0x62 /var/folders/cd/0s72k2v14299px3vkqj0bhsr0000gp/T//ccGg8TGK.ltrans0.ltrans.o
 .text.fflush   0x0000dec2        0x4 /var/folders/cd/0s72k2v14299px3vkqj0bhsr0000gp/T//ccGg8TGK.ltrans0.ltrans.o
 .text.ftell    0x0000dec6       0x48 /var/folders/cd/0s72k2v14299px3vkqj0bhsr0000gp/T//ccGg8TGK.ltrans0.ltrans.o
 .text.feof     0x0000df0e        0x4 /var/folders/cd/0s72k2v14299px3vkqj0bhsr0000gp/T//ccGg8TGK.ltrans0.ltrans.o
 .text.strlen   0x0000df12       0x20 /var/folders/cd/0s72k2v14299px3vkqj0bhsr0000gp/T//ccGg8TGK.ltrans0.ltrans.o
                0x0000df12                strlen
 .text.memset   0x0000df32       0x30 /var/folders/cd/0s72k2v14299px3vkqj0bhsr0000gp/T//ccGg8TGK.ltrans0.ltrans.o
                0x0000df32                memset
 .text.memcpy   0x0000df62       0x4c /var/folders/cd/0s72k2v14299px3vkqj0bhsr0000gp/T//ccGg8TGK.ltrans0.ltrans.o
                0x0000df62                memcpy
 .text.debug_cmd
                0x0000dfae       0x40 /var/folders/cd/0s72k2v14299px3vkqj0bhsr0000gp/T//ccGg8TGK.ltrans0.ltrans.o
 .text.debug_start_idle
                0x0000dfee       0x1a /var/folders/cd/0s72k2v14299px3vkqj0bhsr0000gp/T//ccGg8TGK.ltrans0.ltrans.o
 .text.debug_stop_idle
                0x0000e008       0x18 /var/folders/cd/0s72k2v14299px3vkqj0bhsr0000gp/T//ccGg8TGK.ltrans0.ltrans.o
 .text.__mulsi3
                0x0000e020       0x22 _deps/bartman_gcc_support-build/CMakeFiles/bartman_gcc_support.dir/src/gcc8_a_support.s.obj
                0x0000e020                __mulsi3
 .text.__udivsi3
                0x0000e042       0x5c _deps/bartman_gcc_support-build/CMakeFiles/bartman_gcc_support.dir/src/gcc8_a_support.s.obj
                0x0000e042                __udivsi3
 .text.__divsi3
                0x0000e09e       0x2e _deps/bartman_gcc_support-build/CMakeFiles/bartman_gcc_support.dir/src/gcc8_a_support.s.obj
                0x0000e09e                __divsi3
 .text.__umodsi3
                0x0000e0cc       0x2e _deps/bartman_gcc_support-build/CMakeFiles/bartman_gcc_support.dir/src/gcc8_a_support.s.obj
                0x0000e0cc                __umodsi3
 *(.gnu.warning)

.fini
 *(SORT_NONE(.fini))
                [!provide]                        PROVIDE (__etext = .)
                [!provide]                        PROVIDE (_etext = .)
                [!provide]                        PROVIDE (etext = .)

.rodata         0x0000e0fa     0x41ee
 *(.rodata .rodata.* .gnu.linkonce.r.*)
 .rodata        0x0000e0fa     0x418b /var/folders/cd/0s72k2v14299px3vkqj0bhsr0000gp/T//ccGg8TGK.ltrans0.ltrans.o
 *fill*         0x00012285        0x1 
 .rodata.s_pAceHwInterrupts
                0x00012286       0x1c /var/folders/cd/0s72k2v14299px3vkqj0bhsr0000gp/T//ccGg8TGK.ltrans0.ltrans.o
 .rodata.s_pCopperWaitXByBitplanes.lto_priv.3
                0x000122a2       0x12 /var/folders/cd/0s72k2v14299px3vkqj0bhsr0000gp/T//ccGg8TGK.ltrans0.ltrans.o
 .rodata.g_pCustom
                0x000122b4        0x4 /var/folders/cd/0s72k2v14299px3vkqj0bhsr0000gp/T//ccGg8TGK.ltrans0.ltrans.o
 .rodata.g_pBplFetch
                0x000122b8        0x4 /var/folders/cd/0s72k2v14299px3vkqj0bhsr0000gp/T//ccGg8TGK.ltrans0.ltrans.o
 .rodata.g_pSprFetch
                0x000122bc        0x4 /var/folders/cd/0s72k2v14299px3vkqj0bhsr0000gp/T//ccGg8TGK.ltrans0.ltrans.o
 .rodata.g_pCia
                0x000122c0        0x8 /var/folders/cd/0s72k2v14299px3vkqj0bhsr0000gp/T//ccGg8TGK.ltrans0.ltrans.o
 .rodata.s_sDiskFileCallbacks
                0x000122c8       0x20 /var/folders/cd/0s72k2v14299px3vkqj0bhsr0000gp/T//ccGg8TGK.ltrans0.ltrans.o

text            0x000122e8       0x26
 text           0x000122e8       0x26 /var/folders/cd/0s72k2v14299px3vkqj0bhsr0000gp/T//ccGg8TGK.ltrans0.ltrans.o

.rodata1
 *(.rodata1)

.eh_frame_hdr
 *(.eh_frame_hdr)
 *(.eh_frame_entry .eh_frame_entry.*)

.eh_frame
 *(.eh_frame)
 *(.eh_frame.*)

.sframe
 *(.sframe)
 *(.sframe.*)

.gcc_except_table
 *(.gcc_except_table .gcc_except_table.*)

.gnu_extab
 *(.gnu_extab*)

.exception_ranges
 *(.exception_ranges*)

.note.build-id
 *(.note.build-id)

.note.GNU-stack
 *(.note.GNU-stack)

.note.gnu-property
 *(.note.gnu-property)

.note.ABI-tag
 *(.note.ABI-tag)

.note.package
 *(.note.package)

.note.dlopen
 *(.note.dlopen)

.note.netbsd.ident
 *(.note.netbsd.ident)

.note.openbsd.ident
 *(.note.openbsd.ident)
                0x0001430e                        . = DATA_SEGMENT_ALIGN (CONSTANT (MAXPAGESIZE), CONSTANT (COMMONPAGESIZE))

.eh_frame
 *(.eh_frame)
 *(.eh_frame.*)

.sframe
 *(.sframe)
 *(.sframe.*)

.gnu_extab
 *(.gnu_extab)

.gcc_except_table
 *(.gcc_except_table .gcc_except_table.*)

.exception_ranges
 *(.exception_ranges*)

.tdata          0x0001430e        0x0
                [!provide]                        PROVIDE (__tdata_start = .)
 *(.tdata .tdata.* .gnu.linkonce.td.*)

.tbss
 *(.tbss .tbss.* .gnu.linkonce.tb.*)
 *(.tcommon)

.preinit_array  0x0001430e        0x0
                0x0001430e                        PROVIDE (__preinit_array_start = .)
 *(.preinit_array)
                0x0001430e                        PROVIDE (__preinit_array_end = .)

.init_array     0x0001430e        0x0
                0x0001430e                        PROVIDE (__init_array_start = .)
 *(SORT_BY_INIT_PRIORITY(.init_array.*) SORT_BY_INIT_PRIORITY(.ctors.*))
 *(.init_array EXCLUDE_FILE(*crtend?.o *crtend.o *crtbegin?.o *crtbegin.o) .ctors)
                0x0001430e                        PROVIDE (__init_array_end = .)

.fini_array     0x0001430e        0x0
                0x0001430e                        PROVIDE (__fini_array_start = .)
 *(SORT_BY_INIT_PRIORITY(.fini_array.*) SORT_BY_INIT_PRIORITY(.dtors.*))
 *(.fini_array EXCLUDE_FILE(*crtend?.o *crtend.o *crtbegin?.o *crtbegin.o) .dtors)
                0x0001430e                        PROVIDE (__fini_array_end = .)

.ctors
 *crtbegin.o(.ctors)
 *crtbegin?.o(.ctors)
 *(EXCLUDE_FILE(*crtend?.o *crtend.o) .ctors)
 *(SORT_BY_NAME(.ctors.*))
 *(.ctors)

.dtors
 *crtbegin.o(.dtors)
 *crtbegin?.o(.dtors)
 *(EXCLUDE_FILE(*crtend?.o *crtend.o) .dtors)
 *(SORT_BY_NAME(.dtors.*))
 *(.dtors)

.jcr
 *(.jcr)

.data.rel.ro
 *(.data.rel.ro.local* .gnu.linkonce.d.rel.ro.local.*)
 *(.data.rel.ro .data.rel.ro.* .gnu.linkonce.d.rel.ro.*)

.dynamic
 *(.dynamic)
                0x0001430e                        . = DATA_SEGMENT_RELRO_END (., 0x0)

.got
 *(.got.plt)
 *(.igot.plt)
 *(.got)
 *(.igot)

.data           0x0001430e        0xc
 *(.data .data.* .gnu.linkonce.d.*)
 .data.currentPlayer
                0x0001430e        0x1 /var/folders/cd/0s72k2v14299px3vkqj0bhsr0000gp/T//ccGg8TGK.ltrans0.ltrans.o
 .data.s_isGameRunning
                0x0001430f        0x1 /var/folders/cd/0s72k2v14299px3vkqj0bhsr0000gp/T//ccGg8TGK.ltrans0.ltrans.o
 .data.s_pAceCiaTimerA
                0x00014310        0x4 /var/folders/cd/0s72k2v14299px3vkqj0bhsr0000gp/T//ccGg8TGK.ltrans0.ltrans.o
 .data.s_pAceCiaTimerB
                0x00014314        0x4 /var/folders/cd/0s72k2v14299px3vkqj0bhsr0000gp/T//ccGg8TGK.ltrans0.ltrans.o
 .data.s_uwOsVectorInts
                0x00014318        0x2 /var/folders/cd/0s72k2v14299px3vkqj0bhsr0000gp/T//ccGg8TGK.ltrans0.ltrans.o

.data1
 *(.data1)
                0x0001431a                        _edata = .
                [!provide]                        PROVIDE (edata = .)
                0x0001431a                        . = ALIGN (ALIGNOF (NEXT_SECTION))
                0x0001431a                        __bss_start = .

.bss            0x0001431a     0x1596
 *(.dynbss)
 *(.bss .bss.* .gnu.linkonce.b.*)
 .bss.g_pStateManager
                0x0001431a        0x4 /var/folders/cd/0s72k2v14299px3vkqj0bhsr0000gp/T//ccGg8TGK.ltrans0.ltrans.o
 .bss.g_pGameState
                0x0001431e        0x4 /var/folders/cd/0s72k2v14299px3vkqj0bhsr0000gp/T//ccGg8TGK.ltrans0.ltrans.o
 .bss.g_pMenuState
                0x00014322        0x4 /var/folders/cd/0s72k2v14299px3vkqj0bhsr0000gp/T//ccGg8TGK.ltrans0.ltrans.o
 .bss.s_pView.lto_priv.0
                0x00014326        0x4 /var/folders/cd/0s72k2v14299px3vkqj0bhsr0000gp/T//ccGg8TGK.ltrans0.ltrans.o
 .bss.s_pVpMain
                0x0001432a        0x4 /var/folders/cd/0s72k2v14299px3vkqj0bhsr0000gp/T//ccGg8TGK.ltrans0.ltrans.o
 .bss.s_pMainBuffer
                0x0001432e        0x4 /var/folders/cd/0s72k2v14299px3vkqj0bhsr0000gp/T//ccGg8TGK.ltrans0.ltrans.o
 .bss.s_pRandManager
                0x00014332        0x4 /var/folders/cd/0s72k2v14299px3vkqj0bhsr0000gp/T//ccGg8TGK.ltrans0.ltrans.o
 .bss.attackers
                0x00014336      0x120 /var/folders/cd/0s72k2v14299px3vkqj0bhsr0000gp/T//ccGg8TGK.ltrans0.ltrans.o
 .bss.defenders
                0x00014456       0x9c /var/folders/cd/0s72k2v14299px3vkqj0bhsr0000gp/T//ccGg8TGK.ltrans0.ltrans.o
 .bss.pBmBoard  0x000144f2        0x4 /var/folders/cd/0s72k2v14299px3vkqj0bhsr0000gp/T//ccGg8TGK.ltrans0.ltrans.o
 .bss.pBmAttackers
                0x000144f6       0x60 /var/folders/cd/0s72k2v14299px3vkqj0bhsr0000gp/T//ccGg8TGK.ltrans0.ltrans.o
 .bss.pBmAttackers_Mask
                0x00014556       0x60 /var/folders/cd/0s72k2v14299px3vkqj0bhsr0000gp/T//ccGg8TGK.ltrans0.ltrans.o
 .bss.pBmDefenders
                0x000145b6       0x34 /var/folders/cd/0s72k2v14299px3vkqj0bhsr0000gp/T//ccGg8TGK.ltrans0.ltrans.o
 .bss.pBmDefenders_Mask
                0x000145ea       0x34 /var/folders/cd/0s72k2v14299px3vkqj0bhsr0000gp/T//ccGg8TGK.ltrans0.ltrans.o
 .bss.pBmKing   0x0001461e        0x4 /var/folders/cd/0s72k2v14299px3vkqj0bhsr0000gp/T//ccGg8TGK.ltrans0.ltrans.o
 .bss.pBmKing_Mask
                0x00014622        0x4 /var/folders/cd/0s72k2v14299px3vkqj0bhsr0000gp/T//ccGg8TGK.ltrans0.ltrans.o
 .bss.pBmClashFX
                0x00014626        0x4 /var/folders/cd/0s72k2v14299px3vkqj0bhsr0000gp/T//ccGg8TGK.ltrans0.ltrans.o
 .bss.pBmClashFX_Mask
                0x0001462a        0x4 /var/folders/cd/0s72k2v14299px3vkqj0bhsr0000gp/T//ccGg8TGK.ltrans0.ltrans.o
 .bss.pBmSquareHighlight
                0x0001462e        0x4 /var/folders/cd/0s72k2v14299px3vkqj0bhsr0000gp/T//ccGg8TGK.ltrans0.ltrans.o
 .bss.pBmSquareHighlight_Mask
                0x00014632        0x4 /var/folders/cd/0s72k2v14299px3vkqj0bhsr0000gp/T//ccGg8TGK.ltrans0.ltrans.o
 .bss.pBmSquareHighlight_BG
                0x00014636        0x8 /var/folders/cd/0s72k2v14299px3vkqj0bhsr0000gp/T//ccGg8TGK.ltrans0.ltrans.o
 .bss.pBmMouseCursorSrc
                0x0001463e        0x4 /var/folders/cd/0s72k2v14299px3vkqj0bhsr0000gp/T//ccGg8TGK.ltrans0.ltrans.o
 .bss.pBmMouseCursorData
                0x00014642        0x4 /var/folders/cd/0s72k2v14299px3vkqj0bhsr0000gp/T//ccGg8TGK.ltrans0.ltrans.o
 .bss.pSMouseCursor
                0x00014646        0x4 /var/folders/cd/0s72k2v14299px3vkqj0bhsr0000gp/T//ccGg8TGK.ltrans0.ltrans.o
 .bss.gFontSmall
                0x0001464a        0x4 /var/folders/cd/0s72k2v14299px3vkqj0bhsr0000gp/T//ccGg8TGK.ltrans0.ltrans.o
 .bss.boardState
                0x0001464e       0xa9 /var/folders/cd/0s72k2v14299px3vkqj0bhsr0000gp/T//ccGg8TGK.ltrans0.ltrans.o
 .bss.validMoves
                0x000146f7       0xa9 /var/folders/cd/0s72k2v14299px3vkqj0bhsr0000gp/T//ccGg8TGK.ltrans0.ltrans.o
 .bss.s_ubBufferIndex
                0x000147a0        0x1 /var/folders/cd/0s72k2v14299px3vkqj0bhsr0000gp/T//ccGg8TGK.ltrans0.ltrans.o
 .bss.hightlightActive
                0x000147a1        0x1 /var/folders/cd/0s72k2v14299px3vkqj0bhsr0000gp/T//ccGg8TGK.ltrans0.ltrans.o
 .bss.lastHighlightIndex
                0x000147a2        0x2 /var/folders/cd/0s72k2v14299px3vkqj0bhsr0000gp/T//ccGg8TGK.ltrans0.ltrans.o
 .bss.highlightIndex
                0x000147a4        0x1 /var/folders/cd/0s72k2v14299px3vkqj0bhsr0000gp/T//ccGg8TGK.ltrans0.ltrans.o
 .bss.HLhasBGToRestore
                0x000147a5        0x2 /var/folders/cd/0s72k2v14299px3vkqj0bhsr0000gp/T//ccGg8TGK.ltrans0.ltrans.o
 .bss.pieceHasBGToRestore
                0x000147a7        0x2 /var/folders/cd/0s72k2v14299px3vkqj0bhsr0000gp/T//ccGg8TGK.ltrans0.ltrans.o
 .bss.capturedPieceIndex
                0x000147a9        0x2 /var/folders/cd/0s72k2v14299px3vkqj0bhsr0000gp/T//ccGg8TGK.ltrans0.ltrans.o
 .bss.validGeneration
                0x000147ab        0x1 /var/folders/cd/0s72k2v14299px3vkqj0bhsr0000gp/T//ccGg8TGK.ltrans0.ltrans.o
 .bss.draw_pos  0x000147ac      0x2a4 /var/folders/cd/0s72k2v14299px3vkqj0bhsr0000gp/T//ccGg8TGK.ltrans0.ltrans.o
 .bss.g_sCopManager
                0x00014a50        0x8 /var/folders/cd/0s72k2v14299px3vkqj0bhsr0000gp/T//ccGg8TGK.ltrans0.ltrans.o
 .bss.s_bInitCount.lto_priv.1
                0x00014a58        0x1 /var/folders/cd/0s72k2v14299px3vkqj0bhsr0000gp/T//ccGg8TGK.ltrans0.ltrans.o
 .bss.g_sKeyManager
                0x00014a59       0x69 /var/folders/cd/0s72k2v14299px3vkqj0bhsr0000gp/T//ccGg8TGK.ltrans0.ltrans.o
 .bss.g_sLogManager
                0x00014ac2      0x50c /var/folders/cd/0s72k2v14299px3vkqj0bhsr0000gp/T//ccGg8TGK.ltrans0.ltrans.o
 .bss.s_szMsg   0x00014fce      0x400 /var/folders/cd/0s72k2v14299px3vkqj0bhsr0000gp/T//ccGg8TGK.ltrans0.ltrans.o
 .bss.s_uwLastId
                0x000153ce        0x2 /var/folders/cd/0s72k2v14299px3vkqj0bhsr0000gp/T//ccGg8TGK.ltrans0.ltrans.o
 .bss.s_pMemTail
                0x000153d0        0x4 /var/folders/cd/0s72k2v14299px3vkqj0bhsr0000gp/T//ccGg8TGK.ltrans0.ltrans.o
 .bss.s_ulChipUsage
                0x000153d4        0x4 /var/folders/cd/0s72k2v14299px3vkqj0bhsr0000gp/T//ccGg8TGK.ltrans0.ltrans.o
 .bss.s_ulChipPeakUsage
                0x000153d8        0x4 /var/folders/cd/0s72k2v14299px3vkqj0bhsr0000gp/T//ccGg8TGK.ltrans0.ltrans.o
 .bss.s_ulFastUsage
                0x000153dc        0x4 /var/folders/cd/0s72k2v14299px3vkqj0bhsr0000gp/T//ccGg8TGK.ltrans0.ltrans.o
 .bss.s_ulFastPeakUsage
                0x000153e0        0x4 /var/folders/cd/0s72k2v14299px3vkqj0bhsr0000gp/T//ccGg8TGK.ltrans0.ltrans.o
 .bss.g_sMouseManager
                0x000153e4       0x3a /var/folders/cd/0s72k2v14299px3vkqj0bhsr0000gp/T//ccGg8TGK.ltrans0.ltrans.o
 .bss.s_pView.lto_priv.1
                0x0001541e        0x4 /var/folders/cd/0s72k2v14299px3vkqj0bhsr0000gp/T//ccGg8TGK.ltrans0.ltrans.o
 .bss.s_pChannelsData
                0x00015422       0x60 /var/folders/cd/0s72k2v14299px3vkqj0bhsr0000gp/T//ccGg8TGK.ltrans0.ltrans.o
 .bss.s_pBlankSprite
                0x00015482        0x4 /var/folders/cd/0s72k2v14299px3vkqj0bhsr0000gp/T//ccGg8TGK.ltrans0.ltrans.o
 .bss.s_isOwningBlankSprite
                0x00015486        0x1 /var/folders/cd/0s72k2v14299px3vkqj0bhsr0000gp/T//ccGg8TGK.ltrans0.ltrans.o
 *fill*         0x00015487        0x1 
 .bss.s_pInitialClearCopBlock
                0x00015488        0x4 /var/folders/cd/0s72k2v14299px3vkqj0bhsr0000gp/T//ccGg8TGK.ltrans0.ltrans.o
 .bss.s_uwOsIntEna
                0x0001548c        0x2 /var/folders/cd/0s72k2v14299px3vkqj0bhsr0000gp/T//ccGg8TGK.ltrans0.ltrans.o
 .bss.s_uwOsInitialIntEna
                0x0001548e        0x2 /var/folders/cd/0s72k2v14299px3vkqj0bhsr0000gp/T//ccGg8TGK.ltrans0.ltrans.o
 .bss.s_uwOsDmaCon
                0x00015490        0x2 /var/folders/cd/0s72k2v14299px3vkqj0bhsr0000gp/T//ccGg8TGK.ltrans0.ltrans.o
 .bss.s_uwAceDmaCon
                0x00015492        0x2 /var/folders/cd/0s72k2v14299px3vkqj0bhsr0000gp/T//ccGg8TGK.ltrans0.ltrans.o
 .bss.s_uwOsInitialDma
                0x00015494        0x2 /var/folders/cd/0s72k2v14299px3vkqj0bhsr0000gp/T//ccGg8TGK.ltrans0.ltrans.o
 .bss.s_uwOsCiaATimerA
                0x00015496        0x2 /var/folders/cd/0s72k2v14299px3vkqj0bhsr0000gp/T//ccGg8TGK.ltrans0.ltrans.o
 .bss.s_uwOsCiaBTimerB
                0x00015498        0x2 /var/folders/cd/0s72k2v14299px3vkqj0bhsr0000gp/T//ccGg8TGK.ltrans0.ltrans.o
 .bss.s_pOsCiaIcr
                0x0001549a        0x2 /var/folders/cd/0s72k2v14299px3vkqj0bhsr0000gp/T//ccGg8TGK.ltrans0.ltrans.o
 .bss.s_pOsCiaCra
                0x0001549c        0x2 /var/folders/cd/0s72k2v14299px3vkqj0bhsr0000gp/T//ccGg8TGK.ltrans0.ltrans.o
 .bss.s_pOsCiaCrb
                0x0001549e        0x2 /var/folders/cd/0s72k2v14299px3vkqj0bhsr0000gp/T//ccGg8TGK.ltrans0.ltrans.o
 .bss.s_pAceCiaCra
                0x000154a0        0x2 /var/folders/cd/0s72k2v14299px3vkqj0bhsr0000gp/T//ccGg8TGK.ltrans0.ltrans.o
 .bss.s_pAceCiaCrb
                0x000154a2        0x2 /var/folders/cd/0s72k2v14299px3vkqj0bhsr0000gp/T//ccGg8TGK.ltrans0.ltrans.o
 .bss.s_pHwVectors
                0x000154a4        0x4 /var/folders/cd/0s72k2v14299px3vkqj0bhsr0000gp/T//ccGg8TGK.ltrans0.ltrans.o
 .bss.s_pOsHwInterrupts
                0x000154a8       0x1c /var/folders/cd/0s72k2v14299px3vkqj0bhsr0000gp/T//ccGg8TGK.ltrans0.ltrans.o
 .bss.s_pAceInterrupts
                0x000154c4       0x78 /var/folders/cd/0s72k2v14299px3vkqj0bhsr0000gp/T//ccGg8TGK.ltrans0.ltrans.o
 .bss.s_pAceCiaInterrupts
                0x0001553c       0x50 /var/folders/cd/0s72k2v14299px3vkqj0bhsr0000gp/T//ccGg8TGK.ltrans0.ltrans.o
 .bss.s_uwAceIntEna
                0x0001558c        0x2 /var/folders/cd/0s72k2v14299px3vkqj0bhsr0000gp/T//ccGg8TGK.ltrans0.ltrans.o
 .bss.s_cbKeyInputHandler
                0x0001558e        0x4 /var/folders/cd/0s72k2v14299px3vkqj0bhsr0000gp/T//ccGg8TGK.ltrans0.ltrans.o
 .bss.s_wSystemUses
                0x00015592        0x2 /var/folders/cd/0s72k2v14299px3vkqj0bhsr0000gp/T//ccGg8TGK.ltrans0.ltrans.o
 .bss.s_wSystemBlitterUses
                0x00015594        0x2 /var/folders/cd/0s72k2v14299px3vkqj0bhsr0000gp/T//ccGg8TGK.ltrans0.ltrans.o
 .bss.s_sCpuCacheFlags
                0x00015596        0xa /var/folders/cd/0s72k2v14299px3vkqj0bhsr0000gp/T//ccGg8TGK.ltrans0.ltrans.o
 .bss.GfxBase   0x000155a0        0x4 /var/folders/cd/0s72k2v14299px3vkqj0bhsr0000gp/T//ccGg8TGK.ltrans0.ltrans.o
 .bss.s_pOsView
                0x000155a4        0x4 /var/folders/cd/0s72k2v14299px3vkqj0bhsr0000gp/T//ccGg8TGK.ltrans0.ltrans.o
 .bss.s_sIoAudio
                0x000155a8       0x44 /var/folders/cd/0s72k2v14299px3vkqj0bhsr0000gp/T//ccGg8TGK.ltrans0.ltrans.o
 .bss.s_sIoRequestInput
                0x000155ec       0x30 /var/folders/cd/0s72k2v14299px3vkqj0bhsr0000gp/T//ccGg8TGK.ltrans0.ltrans.o
 .bss.s_pCiaResource
                0x0001561c        0x8 /var/folders/cd/0s72k2v14299px3vkqj0bhsr0000gp/T//ccGg8TGK.ltrans0.ltrans.o
 .bss.s_pProcess
                0x00015624        0x4 /var/folders/cd/0s72k2v14299px3vkqj0bhsr0000gp/T//ccGg8TGK.ltrans0.ltrans.o
 .bss.s_pCdtvIOPort
                0x00015628        0x4 /var/folders/cd/0s72k2v14299px3vkqj0bhsr0000gp/T//ccGg8TGK.ltrans0.ltrans.o
 .bss.s_pCdtvIOReq
                0x0001562c        0x4 /var/folders/cd/0s72k2v14299px3vkqj0bhsr0000gp/T//ccGg8TGK.ltrans0.ltrans.o
 .bss.s_sOsHandlerIo
                0x00015630       0x16 /var/folders/cd/0s72k2v14299px3vkqj0bhsr0000gp/T//ccGg8TGK.ltrans0.ltrans.o
 .bss.s_pOsCiaIcrHandlers
                0x00015646       0xdc /var/folders/cd/0s72k2v14299px3vkqj0bhsr0000gp/T//ccGg8TGK.ltrans0.ltrans.o
 .bss.s_pOsOldInterruptHandlers
                0x00015722       0x38 /var/folders/cd/0s72k2v14299px3vkqj0bhsr0000gp/T//ccGg8TGK.ltrans0.ltrans.o
 .bss.s_pOsInterruptHandlers
                0x0001575a      0x134 /var/folders/cd/0s72k2v14299px3vkqj0bhsr0000gp/T//ccGg8TGK.ltrans0.ltrans.o
 .bss.DOSBase   0x0001588e        0x4 /var/folders/cd/0s72k2v14299px3vkqj0bhsr0000gp/T//ccGg8TGK.ltrans0.ltrans.o
 .bss.SysBase   0x00015892        0x4 /var/folders/cd/0s72k2v14299px3vkqj0bhsr0000gp/T//ccGg8TGK.ltrans0.ltrans.o
 .bss.s_pReturnMsg
                0x00015896        0x4 /var/folders/cd/0s72k2v14299px3vkqj0bhsr0000gp/T//ccGg8TGK.ltrans0.ltrans.o
 .bss.s_bpStartLock
                0x0001589a        0x4 /var/folders/cd/0s72k2v14299px3vkqj0bhsr0000gp/T//ccGg8TGK.ltrans0.ltrans.o
 .bss.s_pOldWindow
                0x0001589e        0x4 /var/folders/cd/0s72k2v14299px3vkqj0bhsr0000gp/T//ccGg8TGK.ltrans0.ltrans.o
 .bss.g_sTimerManager
                0x000158a2        0xc /var/folders/cd/0s72k2v14299px3vkqj0bhsr0000gp/T//ccGg8TGK.ltrans0.ltrans.o
 .bss.s_isPAL   0x000158ae        0x1 /var/folders/cd/0s72k2v14299px3vkqj0bhsr0000gp/T//ccGg8TGK.ltrans0.ltrans.o
 *(COMMON)
                0x000158b0                        . = ALIGN ((. != 0x0)?0x4:0x1)
 *fill*         0x000158af        0x1 
                0x000158b0                        . = ALIGN (0x4)
                0x000158b0                        . = SEGMENT_START ("ldata-segment", .)
                0x000158b0                        . = ALIGN (0x4)
                0x000158b0                        _end = .
                [!provide]                        PROVIDE (end = .)
                0x000158b0                        . = DATA_SEGMENT_END (.)

.stab
 *(.stab)

.stabstr
 *(.stabstr)

.stab.excl
 *(.stab.excl)

.stab.exclstr
 *(.stab.exclstr)

.stab.index
 *(.stab.index)

.stab.indexstr
 *(.stab.indexstr)

.comment        0x00000000       0x12
 *(.comment)
 .comment       0x00000000       0x12 /var/folders/cd/0s72k2v14299px3vkqj0bhsr0000gp/T//ccGg8TGK.ltrans0.ltrans.o
                                 0x13 (size before relaxing)

.gnu.build.attributes
 *(.gnu.build.attributes .gnu.build.attributes.*)

.debug
 *(.debug)

.line
 *(.line)

.debug_srcinfo
 *(.debug_srcinfo)

.debug_sfnames
 *(.debug_sfnames)

.debug_aranges  0x00000000     0x14f8
 *(.debug_aranges)
 .debug_aranges
                0x00000000     0x14a8 /var/folders/cd/0s72k2v14299px3vkqj0bhsr0000gp/T//ccGg8TGK.ltrans0.ltrans.o
 .debug_aranges
                0x000014a8       0x50 _deps/bartman_gcc_support-build/CMakeFiles/bartman_gcc_support.dir/src/gcc8_a_support.s.obj

.debug_pubnames
 *(.debug_pubnames)

.debug_info     0x00000000    0x3e77a
 *(.debug_info .gnu.linkonce.wi.*)
 .debug_info    0x00000000     0xc510 /var/folders/cd/0s72k2v14299px3vkqj0bhsr0000gp/T//ccGg8TGK.ltrans0.ltrans.o
 .debug_info    0x0000c510      0x5fa /var/folders/cd/0s72k2v14299px3vkqj0bhsr0000gp/T//ccFiXSTG.debug.temp.o
                0x0000c510                main.c.453f637d
 .debug_info    0x0000cb0a     0x1f07 /var/folders/cd/0s72k2v14299px3vkqj0bhsr0000gp/T//ccWlgtjB.debug.temp.o
                0x0000cb0a                game.c.ef20955f
 .debug_info    0x0000ea11      0x218 /var/folders/cd/0s72k2v14299px3vkqj0bhsr0000gp/T//cclfPiSh.debug.temp.o
                0x0000ea11                input.c.253832ec
 .debug_info    0x0000ec29      0x1d1 /var/folders/cd/0s72k2v14299px3vkqj0bhsr0000gp/T//ccDMZnXv.debug.temp.o
                0x0000ec29                menu.c.a25b66ec
 .debug_info    0x0000edfa      0xa73 /var/folders/cd/0s72k2v14299px3vkqj0bhsr0000gp/T//cc8rlhbI.debug.temp.o
                0x0000edfa                advancedsprite.c.b05a7153
 .debug_info    0x0000f86d     0x194f /var/folders/cd/0s72k2v14299px3vkqj0bhsr0000gp/T//ccrfaFXJ.debug.temp.o
                0x0000f86d                blit.c.6c872382
 .debug_info    0x000111bc     0x15a8 /var/folders/cd/0s72k2v14299px3vkqj0bhsr0000gp/T//cch3h10v.debug.temp.o
                0x000111bc                bob.c.03df2bf5
 .debug_info    0x00012764     0x292b /var/folders/cd/0s72k2v14299px3vkqj0bhsr0000gp/T//ccV7bNET.debug.temp.o
                0x00012764                copper.c.01d60142
 .debug_info    0x0001508f      0x1c9 /var/folders/cd/0s72k2v14299px3vkqj0bhsr0000gp/T//ccZE7b2E.debug.temp.o
                0x0001508f                game.c.56c21a98
 .debug_info    0x00015258     0x1493 /var/folders/cd/0s72k2v14299px3vkqj0bhsr0000gp/T//ccuhGFiV.debug.temp.o
                0x00015258                joy.c.3538b786
 .debug_info    0x000166eb     0x11c0 /var/folders/cd/0s72k2v14299px3vkqj0bhsr0000gp/T//cc7SKoos.debug.temp.o
                0x000166eb                key.c.a1862cbb
 .debug_info    0x000178ab      0xb50 /var/folders/cd/0s72k2v14299px3vkqj0bhsr0000gp/T//ccEDoCpX.debug.temp.o
                0x000178ab                log.c.3f074425
 .debug_info    0x000183fb      0x9d3 /var/folders/cd/0s72k2v14299px3vkqj0bhsr0000gp/T//ccWyTUbz.debug.temp.o
                0x000183fb                memory.c.baa03e9f
 .debug_info    0x00018dce     0x11be /var/folders/cd/0s72k2v14299px3vkqj0bhsr0000gp/T//ccZM5vAk.debug.temp.o
                0x00018dce                mouse.c.5d5e98cc
 .debug_info    0x00019f8c     0x3c78 /var/folders/cd/0s72k2v14299px3vkqj0bhsr0000gp/T//ccVYYWeu.debug.temp.o
                0x00019f8c                ptplayer.c.d6ac071d
 .debug_info    0x0001dc04      0x4ad /var/folders/cd/0s72k2v14299px3vkqj0bhsr0000gp/T//cc6E9UMX.debug.temp.o
                0x0001dc04                rand.c.85f69e12
 .debug_info    0x0001e0b1     0x11c2 /var/folders/cd/0s72k2v14299px3vkqj0bhsr0000gp/T//ccsQ2vRf.debug.temp.o
                0x0001e0b1                sprite.c.f57df934
 .debug_info    0x0001f273      0x535 /var/folders/cd/0s72k2v14299px3vkqj0bhsr0000gp/T//cc14ZzLV.debug.temp.o
                0x0001f273                state.c.69646c39
 .debug_info    0x0001f7a8     0x6f9c /var/folders/cd/0s72k2v14299px3vkqj0bhsr0000gp/T//cc6hhBRW.debug.temp.o
                0x0001f7a8                system.c.ea3a1e77
 .debug_info    0x00026744      0x538 /var/folders/cd/0s72k2v14299px3vkqj0bhsr0000gp/T//cccMu0AP.debug.temp.o
                0x00026744                timer.c.6bb2c7db
 .debug_info    0x00026c7c      0xbd6 /var/folders/cd/0s72k2v14299px3vkqj0bhsr0000gp/T//ccWPUCQ3.debug.temp.o
                0x00026c7c                camera.c.1fc42620
 .debug_info    0x00027852     0x2034 /var/folders/cd/0s72k2v14299px3vkqj0bhsr0000gp/T//ccri9PmU.debug.temp.o
                0x00027852                scrollbuffer.c.ccfc2da2
 .debug_info    0x00029886     0x1d6a /var/folders/cd/0s72k2v14299px3vkqj0bhsr0000gp/T//ccyG9w9F.debug.temp.o
                0x00029886                simplebuffer.c.c3b94bad
 .debug_info    0x0002b5f0     0x29a0 /var/folders/cd/0s72k2v14299px3vkqj0bhsr0000gp/T//ccnr7BrP.debug.temp.o
                0x0002b5f0                tilebuffer.c.b5ba1233
 .debug_info    0x0002df90      0xe3c /var/folders/cd/0s72k2v14299px3vkqj0bhsr0000gp/T//ccTw5MGM.debug.temp.o
                0x0002df90                bitmap.c.566b931b
 .debug_info    0x0002edcc      0x441 /var/folders/cd/0s72k2v14299px3vkqj0bhsr0000gp/T//cctpfHvb.debug.temp.o
                0x0002edcc                bmframe.c.98cf6317
 .debug_info    0x0002f20d      0x8da /var/folders/cd/0s72k2v14299px3vkqj0bhsr0000gp/T//cckb9FcT.debug.temp.o
                0x0002f20d                chunky.c.c3b514cd
 .debug_info    0x0002fae7      0xfd0 /var/folders/cd/0s72k2v14299px3vkqj0bhsr0000gp/T//ccs8Pqxk.debug.temp.o
                0x0002fae7                custom.c.e16b2baa
 .debug_info    0x00030ab7     0x10cd /var/folders/cd/0s72k2v14299px3vkqj0bhsr0000gp/T//ccDPgojM.debug.temp.o
                0x00030ab7                dir.c.749b6fc5
 .debug_info    0x00031b84      0xbe5 /var/folders/cd/0s72k2v14299px3vkqj0bhsr0000gp/T//ccfIwLIw.debug.temp.o
                0x00031b84                disk_file.c.8265a527
 .debug_info    0x00032769     0x1b8a /var/folders/cd/0s72k2v14299px3vkqj0bhsr0000gp/T//ccztoBag.debug.temp.o
                0x00032769                extview.c.474cadb0
 .debug_info    0x000342f3      0x63b /var/folders/cd/0s72k2v14299px3vkqj0bhsr0000gp/T//ccCcAB4O.debug.temp.o
                0x000342f3                file.c.5b7fe8fe
 .debug_info    0x0003492e      0xd96 /var/folders/cd/0s72k2v14299px3vkqj0bhsr0000gp/T//cc0voitw.debug.temp.o
                0x0003492e                font.c.c0c8eff0
 .debug_info    0x000356c4     0x111f /var/folders/cd/0s72k2v14299px3vkqj0bhsr0000gp/T//ccx6Pb1W.debug.temp.o
                0x000356c4                pak_file.c.14694125
 .debug_info    0x000367e3      0x992 /var/folders/cd/0s72k2v14299px3vkqj0bhsr0000gp/T//ccqWmDzk.debug.temp.o
                0x000367e3                palette.c.7f938d3a
 .debug_info    0x00037175      0x7d5 /var/folders/cd/0s72k2v14299px3vkqj0bhsr0000gp/T//ccTqE5Uk.debug.temp.o
                0x00037175                sprite.c.90bcbc4f
 .debug_info    0x0003794a      0x3a4 /var/folders/cd/0s72k2v14299px3vkqj0bhsr0000gp/T//cckNBosL.debug.temp.o
                0x0003794a                string.c.3aa704a5
 .debug_info    0x00037cee      0x2ce /var/folders/cd/0s72k2v14299px3vkqj0bhsr0000gp/T//ccB5fZdh.debug.temp.o
                0x00037cee                tag.c.54fc3355
 .debug_info    0x00037fbc      0x75f /var/folders/cd/0s72k2v14299px3vkqj0bhsr0000gp/T//ccIocEGj.debug.temp.o
                0x00037fbc                fix16.c.a0931e3d
 .debug_info    0x0003871b      0x50e /var/folders/cd/0s72k2v14299px3vkqj0bhsr0000gp/T//cc6iSiOW.debug.temp.o
                0x0003871b                fix16_exp.c.f9cad756
 .debug_info    0x00038c29      0x37b /var/folders/cd/0s72k2v14299px3vkqj0bhsr0000gp/T//ccQRbt5q.debug.temp.o
                0x00038c29                fix16_sqrt.c.00dafc57
 .debug_info    0x00038fa4      0x4fd /var/folders/cd/0s72k2v14299px3vkqj0bhsr0000gp/T//ccjbxgD5.debug.temp.o
                0x00038fa4                fix16_str.c.146cc25d
 .debug_info    0x000394a1      0x536 /var/folders/cd/0s72k2v14299px3vkqj0bhsr0000gp/T//ccrUM30Z.debug.temp.o
                0x000394a1                fix16_trig.c.ff7a00e2
 .debug_info    0x000399d7      0x2d6 /var/folders/cd/0s72k2v14299px3vkqj0bhsr0000gp/T//ccCFckiO.debug.temp.o
                0x000399d7                fract32.c.859bb449
 .debug_info    0x00039cad      0x1f0 /var/folders/cd/0s72k2v14299px3vkqj0bhsr0000gp/T//ccChLuYH.debug.temp.o
                0x00039cad                uint32.c.695eea51
 .debug_info    0x00039e9d      0x1c1 /var/folders/cd/0s72k2v14299px3vkqj0bhsr0000gp/T//ccnRWqra.debug.temp.o
                0x00039e9d                ctype.c.5da1274e
 .debug_info    0x0003a05e      0x123 /var/folders/cd/0s72k2v14299px3vkqj0bhsr0000gp/T//ccfgmiLu.debug.temp.o
                0x0003a05e                errno.c.7688f669
 .debug_info    0x0003a181      0x2ed /var/folders/cd/0s72k2v14299px3vkqj0bhsr0000gp/T//ccYBvGZN.debug.temp.o
                0x0003a181                intrin.c.7f9d3c39
 .debug_info    0x0003a46e      0x93e /var/folders/cd/0s72k2v14299px3vkqj0bhsr0000gp/T//cca7uniD.debug.temp.o
                0x0003a46e                printf.c.fc8c705e
 .debug_info    0x0003adac     0x1003 /var/folders/cd/0s72k2v14299px3vkqj0bhsr0000gp/T//cccxIrML.debug.temp.o
                0x0003adac                stdio_file.c.8b3917f8
 .debug_info    0x0003bdaf      0x9dd /var/folders/cd/0s72k2v14299px3vkqj0bhsr0000gp/T//ccrnkozl.debug.temp.o
                0x0003bdaf                stdio_putchar.c.0129f2b1
 .debug_info    0x0003c78c      0xc3e /var/folders/cd/0s72k2v14299px3vkqj0bhsr0000gp/T//ccEZWriX.debug.temp.o
                0x0003c78c                stdlib.c.515ad213
 .debug_info    0x0003d3ca      0x389 /var/folders/cd/0s72k2v14299px3vkqj0bhsr0000gp/T//cc3tzf79.debug.temp.o
                0x0003d3ca                string.c.0e8edef6
 .debug_info    0x0003d753      0x248 /var/folders/cd/0s72k2v14299px3vkqj0bhsr0000gp/T//ccXYPkyZ.debug.temp.o
                0x0003d753                strtoul.c.7a7396b3
 .debug_info    0x0003d99b      0xd5a /var/folders/cd/0s72k2v14299px3vkqj0bhsr0000gp/T//ccasXrKR.debug.temp.o
                0x0003d99b                gcc8_c_support.c.d166f5df
 .debug_info    0x0003e6f5       0x85 _deps/bartman_gcc_support-build/CMakeFiles/bartman_gcc_support.dir/src/gcc8_a_support.s.obj

.debug_abbrev   0x00000000     0x5a4b
 *(.debug_abbrev)
 .debug_abbrev  0x00000000      0x101 /var/folders/cd/0s72k2v14299px3vkqj0bhsr0000gp/T//ccGg8TGK.ltrans0.ltrans.o
 .debug_abbrev  0x00000101      0x14b /var/folders/cd/0s72k2v14299px3vkqj0bhsr0000gp/T//ccFiXSTG.debug.temp.o
 .debug_abbrev  0x0000024c      0x30b /var/folders/cd/0s72k2v14299px3vkqj0bhsr0000gp/T//ccWlgtjB.debug.temp.o
 .debug_abbrev  0x00000557       0x6b /var/folders/cd/0s72k2v14299px3vkqj0bhsr0000gp/T//cclfPiSh.debug.temp.o
 .debug_abbrev  0x000005c2       0x2e /var/folders/cd/0s72k2v14299px3vkqj0bhsr0000gp/T//ccDMZnXv.debug.temp.o
 .debug_abbrev  0x000005f0      0x182 /var/folders/cd/0s72k2v14299px3vkqj0bhsr0000gp/T//cc8rlhbI.debug.temp.o
 .debug_abbrev  0x00000772      0x267 /var/folders/cd/0s72k2v14299px3vkqj0bhsr0000gp/T//ccrfaFXJ.debug.temp.o
 .debug_abbrev  0x000009d9      0x2e5 /var/folders/cd/0s72k2v14299px3vkqj0bhsr0000gp/T//cch3h10v.debug.temp.o
 .debug_abbrev  0x00000cbe      0x30f /var/folders/cd/0s72k2v14299px3vkqj0bhsr0000gp/T//ccV7bNET.debug.temp.o
 .debug_abbrev  0x00000fcd       0x5d /var/folders/cd/0s72k2v14299px3vkqj0bhsr0000gp/T//ccZE7b2E.debug.temp.o
 .debug_abbrev  0x0000102a      0x1ff /var/folders/cd/0s72k2v14299px3vkqj0bhsr0000gp/T//ccuhGFiV.debug.temp.o
 .debug_abbrev  0x00001229      0x1ff /var/folders/cd/0s72k2v14299px3vkqj0bhsr0000gp/T//cc7SKoos.debug.temp.o
 .debug_abbrev  0x00001428      0x243 /var/folders/cd/0s72k2v14299px3vkqj0bhsr0000gp/T//ccEDoCpX.debug.temp.o
 .debug_abbrev  0x0000166b      0x1f1 /var/folders/cd/0s72k2v14299px3vkqj0bhsr0000gp/T//ccWyTUbz.debug.temp.o
 .debug_abbrev  0x0000185c      0x1ba /var/folders/cd/0s72k2v14299px3vkqj0bhsr0000gp/T//ccZM5vAk.debug.temp.o
 .debug_abbrev  0x00001a16      0x2f5 /var/folders/cd/0s72k2v14299px3vkqj0bhsr0000gp/T//ccVYYWeu.debug.temp.o
 .debug_abbrev  0x00001d0b      0x11d /var/folders/cd/0s72k2v14299px3vkqj0bhsr0000gp/T//cc6E9UMX.debug.temp.o
 .debug_abbrev  0x00001e28      0x2c2 /var/folders/cd/0s72k2v14299px3vkqj0bhsr0000gp/T//ccsQ2vRf.debug.temp.o
 .debug_abbrev  0x000020ea      0x133 /var/folders/cd/0s72k2v14299px3vkqj0bhsr0000gp/T//cc14ZzLV.debug.temp.o
 .debug_abbrev  0x0000221d      0x3d9 /var/folders/cd/0s72k2v14299px3vkqj0bhsr0000gp/T//cc6hhBRW.debug.temp.o
 .debug_abbrev  0x000025f6      0x198 /var/folders/cd/0s72k2v14299px3vkqj0bhsr0000gp/T//cccMu0AP.debug.temp.o
 .debug_abbrev  0x0000278e      0x1dd /var/folders/cd/0s72k2v14299px3vkqj0bhsr0000gp/T//ccWPUCQ3.debug.temp.o
 .debug_abbrev  0x0000296b      0x303 /var/folders/cd/0s72k2v14299px3vkqj0bhsr0000gp/T//ccri9PmU.debug.temp.o
 .debug_abbrev  0x00002c6e      0x31a /var/folders/cd/0s72k2v14299px3vkqj0bhsr0000gp/T//ccyG9w9F.debug.temp.o
 .debug_abbrev  0x00002f88      0x368 /var/folders/cd/0s72k2v14299px3vkqj0bhsr0000gp/T//ccnr7BrP.debug.temp.o
 .debug_abbrev  0x000032f0      0x22d /var/folders/cd/0s72k2v14299px3vkqj0bhsr0000gp/T//ccTw5MGM.debug.temp.o
 .debug_abbrev  0x0000351d       0xe9 /var/folders/cd/0s72k2v14299px3vkqj0bhsr0000gp/T//cctpfHvb.debug.temp.o
 .debug_abbrev  0x00003606      0x128 /var/folders/cd/0s72k2v14299px3vkqj0bhsr0000gp/T//cckb9FcT.debug.temp.o
 .debug_abbrev  0x0000372e      0x177 /var/folders/cd/0s72k2v14299px3vkqj0bhsr0000gp/T//ccs8Pqxk.debug.temp.o
 .debug_abbrev  0x000038a5      0x1bd /var/folders/cd/0s72k2v14299px3vkqj0bhsr0000gp/T//ccDPgojM.debug.temp.o
 .debug_abbrev  0x00003a62      0x269 /var/folders/cd/0s72k2v14299px3vkqj0bhsr0000gp/T//ccfIwLIw.debug.temp.o
 .debug_abbrev  0x00003ccb      0x302 /var/folders/cd/0s72k2v14299px3vkqj0bhsr0000gp/T//ccztoBag.debug.temp.o
 .debug_abbrev  0x00003fcd      0x133 /var/folders/cd/0s72k2v14299px3vkqj0bhsr0000gp/T//ccCcAB4O.debug.temp.o
 .debug_abbrev  0x00004100      0x252 /var/folders/cd/0s72k2v14299px3vkqj0bhsr0000gp/T//cc0voitw.debug.temp.o
 .debug_abbrev  0x00004352      0x26d /var/folders/cd/0s72k2v14299px3vkqj0bhsr0000gp/T//ccx6Pb1W.debug.temp.o
 .debug_abbrev  0x000045bf      0x197 /var/folders/cd/0s72k2v14299px3vkqj0bhsr0000gp/T//ccqWmDzk.debug.temp.o
 .debug_abbrev  0x00004756      0x1ca /var/folders/cd/0s72k2v14299px3vkqj0bhsr0000gp/T//ccTqE5Uk.debug.temp.o
 .debug_abbrev  0x00004920       0xc6 /var/folders/cd/0s72k2v14299px3vkqj0bhsr0000gp/T//cckNBosL.debug.temp.o
 .debug_abbrev  0x000049e6       0xa4 /var/folders/cd/0s72k2v14299px3vkqj0bhsr0000gp/T//ccB5fZdh.debug.temp.o
 .debug_abbrev  0x00004a8a      0x111 /var/folders/cd/0s72k2v14299px3vkqj0bhsr0000gp/T//ccIocEGj.debug.temp.o
 .debug_abbrev  0x00004b9b       0xb0 /var/folders/cd/0s72k2v14299px3vkqj0bhsr0000gp/T//cc6iSiOW.debug.temp.o
 .debug_abbrev  0x00004c4b       0x62 /var/folders/cd/0s72k2v14299px3vkqj0bhsr0000gp/T//ccQRbt5q.debug.temp.o
 .debug_abbrev  0x00004cad       0xf2 /var/folders/cd/0s72k2v14299px3vkqj0bhsr0000gp/T//ccjbxgD5.debug.temp.o
 .debug_abbrev  0x00004d9f       0xaa /var/folders/cd/0s72k2v14299px3vkqj0bhsr0000gp/T//ccrUM30Z.debug.temp.o
 .debug_abbrev  0x00004e49       0x84 /var/folders/cd/0s72k2v14299px3vkqj0bhsr0000gp/T//ccCFckiO.debug.temp.o
 .debug_abbrev  0x00004ecd       0x5b /var/folders/cd/0s72k2v14299px3vkqj0bhsr0000gp/T//ccChLuYH.debug.temp.o
 .debug_abbrev  0x00004f28       0x94 /var/folders/cd/0s72k2v14299px3vkqj0bhsr0000gp/T//ccnRWqra.debug.temp.o
 .debug_abbrev  0x00004fbc       0x3b /var/folders/cd/0s72k2v14299px3vkqj0bhsr0000gp/T//ccfgmiLu.debug.temp.o
 .debug_abbrev  0x00004ff7       0xb8 /var/folders/cd/0s72k2v14299px3vkqj0bhsr0000gp/T//ccYBvGZN.debug.temp.o
 .debug_abbrev  0x000050af      0x185 /var/folders/cd/0s72k2v14299px3vkqj0bhsr0000gp/T//cca7uniD.debug.temp.o
 .debug_abbrev  0x00005234      0x147 /var/folders/cd/0s72k2v14299px3vkqj0bhsr0000gp/T//cccxIrML.debug.temp.o
 .debug_abbrev  0x0000537b      0x10d /var/folders/cd/0s72k2v14299px3vkqj0bhsr0000gp/T//ccrnkozl.debug.temp.o
 .debug_abbrev  0x00005488      0x1db /var/folders/cd/0s72k2v14299px3vkqj0bhsr0000gp/T//ccEZWriX.debug.temp.o
 .debug_abbrev  0x00005663       0xb7 /var/folders/cd/0s72k2v14299px3vkqj0bhsr0000gp/T//cc3tzf79.debug.temp.o
 .debug_abbrev  0x0000571a       0xa6 /var/folders/cd/0s72k2v14299px3vkqj0bhsr0000gp/T//ccXYPkyZ.debug.temp.o
 .debug_abbrev  0x000057c0      0x26c /var/folders/cd/0s72k2v14299px3vkqj0bhsr0000gp/T//ccasXrKR.debug.temp.o
 .debug_abbrev  0x00005a2c       0x1f _deps/bartman_gcc_support-build/CMakeFiles/bartman_gcc_support.dir/src/gcc8_a_support.s.obj

.debug_line     0x00000000    0x2e449
 *(.debug_line .debug_line.* .debug_line_end)
 .debug_line    0x00000000    0x25115 /var/folders/cd/0s72k2v14299px3vkqj0bhsr0000gp/T//ccGg8TGK.ltrans0.ltrans.o
 .debug_line    0x00025115      0x2b4 /var/folders/cd/0s72k2v14299px3vkqj0bhsr0000gp/T//ccFiXSTG.debug.temp.o
 .debug_line    0x000253c9      0x3b8 /var/folders/cd/0s72k2v14299px3vkqj0bhsr0000gp/T//ccWlgtjB.debug.temp.o
 .debug_line    0x00025781      0x174 /var/folders/cd/0s72k2v14299px3vkqj0bhsr0000gp/T//cclfPiSh.debug.temp.o
 .debug_line    0x000258f5       0xa9 /var/folders/cd/0s72k2v14299px3vkqj0bhsr0000gp/T//ccDMZnXv.debug.temp.o
 .debug_line    0x0002599e      0x31d /var/folders/cd/0s72k2v14299px3vkqj0bhsr0000gp/T//cc8rlhbI.debug.temp.o
 .debug_line    0x00025cbb      0x336 /var/folders/cd/0s72k2v14299px3vkqj0bhsr0000gp/T//ccrfaFXJ.debug.temp.o
 .debug_line    0x00025ff1      0x344 /var/folders/cd/0s72k2v14299px3vkqj0bhsr0000gp/T//cch3h10v.debug.temp.o
 .debug_line    0x00026335      0x429 /var/folders/cd/0s72k2v14299px3vkqj0bhsr0000gp/T//ccV7bNET.debug.temp.o
 .debug_line    0x0002675e      0x153 /var/folders/cd/0s72k2v14299px3vkqj0bhsr0000gp/T//ccZE7b2E.debug.temp.o
 .debug_line    0x000268b1      0x305 /var/folders/cd/0s72k2v14299px3vkqj0bhsr0000gp/T//ccuhGFiV.debug.temp.o
 .debug_line    0x00026bb6      0x26d /var/folders/cd/0s72k2v14299px3vkqj0bhsr0000gp/T//cc7SKoos.debug.temp.o
 .debug_line    0x00026e23      0x2e8 /var/folders/cd/0s72k2v14299px3vkqj0bhsr0000gp/T//ccEDoCpX.debug.temp.o
 .debug_line    0x0002710b      0x221 /var/folders/cd/0s72k2v14299px3vkqj0bhsr0000gp/T//ccWyTUbz.debug.temp.o
 .debug_line    0x0002732c      0x35f /var/folders/cd/0s72k2v14299px3vkqj0bhsr0000gp/T//ccZM5vAk.debug.temp.o
 .debug_line    0x0002768b      0x29b /var/folders/cd/0s72k2v14299px3vkqj0bhsr0000gp/T//ccVYYWeu.debug.temp.o
 .debug_line    0x00027926      0x1ab /var/folders/cd/0s72k2v14299px3vkqj0bhsr0000gp/T//cc6E9UMX.debug.temp.o
 .debug_line    0x00027ad1      0x32d /var/folders/cd/0s72k2v14299px3vkqj0bhsr0000gp/T//ccsQ2vRf.debug.temp.o
 .debug_line    0x00027dfe      0x1ae /var/folders/cd/0s72k2v14299px3vkqj0bhsr0000gp/T//cc14ZzLV.debug.temp.o
 .debug_line    0x00027fac      0x777 /var/folders/cd/0s72k2v14299px3vkqj0bhsr0000gp/T//cc6hhBRW.debug.temp.o
 .debug_line    0x00028723      0x228 /var/folders/cd/0s72k2v14299px3vkqj0bhsr0000gp/T//cccMu0AP.debug.temp.o
 .debug_line    0x0002894b      0x29b /var/folders/cd/0s72k2v14299px3vkqj0bhsr0000gp/T//ccWPUCQ3.debug.temp.o
 .debug_line    0x00028be6      0x49e /var/folders/cd/0s72k2v14299px3vkqj0bhsr0000gp/T//ccri9PmU.debug.temp.o
 .debug_line    0x00029084      0x496 /var/folders/cd/0s72k2v14299px3vkqj0bhsr0000gp/T//ccyG9w9F.debug.temp.o
 .debug_line    0x0002951a      0x4e0 /var/folders/cd/0s72k2v14299px3vkqj0bhsr0000gp/T//ccnr7BrP.debug.temp.o
 .debug_line    0x000299fa      0x41b /var/folders/cd/0s72k2v14299px3vkqj0bhsr0000gp/T//ccTw5MGM.debug.temp.o
 .debug_line    0x00029e15      0x25c /var/folders/cd/0s72k2v14299px3vkqj0bhsr0000gp/T//cctpfHvb.debug.temp.o
 .debug_line    0x0002a071      0x351 /var/folders/cd/0s72k2v14299px3vkqj0bhsr0000gp/T//cckb9FcT.debug.temp.o
 .debug_line    0x0002a3c2      0x216 /var/folders/cd/0s72k2v14299px3vkqj0bhsr0000gp/T//ccs8Pqxk.debug.temp.o
 .debug_line    0x0002a5d8      0x4d0 /var/folders/cd/0s72k2v14299px3vkqj0bhsr0000gp/T//ccDPgojM.debug.temp.o
 .debug_line    0x0002aaa8      0x33d /var/folders/cd/0s72k2v14299px3vkqj0bhsr0000gp/T//ccfIwLIw.debug.temp.o
 .debug_line    0x0002ade5      0x40c /var/folders/cd/0s72k2v14299px3vkqj0bhsr0000gp/T//ccztoBag.debug.temp.o
 .debug_line    0x0002b1f1      0x2a7 /var/folders/cd/0s72k2v14299px3vkqj0bhsr0000gp/T//ccCcAB4O.debug.temp.o
 .debug_line    0x0002b498      0x2cd /var/folders/cd/0s72k2v14299px3vkqj0bhsr0000gp/T//cc0voitw.debug.temp.o
 .debug_line    0x0002b765      0x2c8 /var/folders/cd/0s72k2v14299px3vkqj0bhsr0000gp/T//ccx6Pb1W.debug.temp.o
 .debug_line    0x0002ba2d      0x278 /var/folders/cd/0s72k2v14299px3vkqj0bhsr0000gp/T//ccqWmDzk.debug.temp.o
 .debug_line    0x0002bca5      0x21f /var/folders/cd/0s72k2v14299px3vkqj0bhsr0000gp/T//ccTqE5Uk.debug.temp.o
 .debug_line    0x0002bec4      0x197 /var/folders/cd/0s72k2v14299px3vkqj0bhsr0000gp/T//cckNBosL.debug.temp.o
 .debug_line    0x0002c05b      0x255 /var/folders/cd/0s72k2v14299px3vkqj0bhsr0000gp/T//ccB5fZdh.debug.temp.o
 .debug_line    0x0002c2b0      0x1a2 /var/folders/cd/0s72k2v14299px3vkqj0bhsr0000gp/T//ccIocEGj.debug.temp.o
 .debug_line    0x0002c452      0x1a1 /var/folders/cd/0s72k2v14299px3vkqj0bhsr0000gp/T//cc6iSiOW.debug.temp.o
 .debug_line    0x0002c5f3      0x1a3 /var/folders/cd/0s72k2v14299px3vkqj0bhsr0000gp/T//ccQRbt5q.debug.temp.o
 .debug_line    0x0002c796      0x1e5 /var/folders/cd/0s72k2v14299px3vkqj0bhsr0000gp/T//ccjbxgD5.debug.temp.o
 .debug_line    0x0002c97b      0x1a3 /var/folders/cd/0s72k2v14299px3vkqj0bhsr0000gp/T//ccrUM30Z.debug.temp.o
 .debug_line    0x0002cb1e      0x19f /var/folders/cd/0s72k2v14299px3vkqj0bhsr0000gp/T//ccCFckiO.debug.temp.o
 .debug_line    0x0002ccbd      0x158 /var/folders/cd/0s72k2v14299px3vkqj0bhsr0000gp/T//ccChLuYH.debug.temp.o
 .debug_line    0x0002ce15      0x117 /var/folders/cd/0s72k2v14299px3vkqj0bhsr0000gp/T//ccnRWqra.debug.temp.o
 .debug_line    0x0002cf2c      0x117 /var/folders/cd/0s72k2v14299px3vkqj0bhsr0000gp/T//ccfgmiLu.debug.temp.o
 .debug_line    0x0002d043       0xd5 /var/folders/cd/0s72k2v14299px3vkqj0bhsr0000gp/T//ccYBvGZN.debug.temp.o
 .debug_line    0x0002d118      0x1b3 /var/folders/cd/0s72k2v14299px3vkqj0bhsr0000gp/T//cca7uniD.debug.temp.o
 .debug_line    0x0002d2cb      0x3c4 /var/folders/cd/0s72k2v14299px3vkqj0bhsr0000gp/T//cccxIrML.debug.temp.o
 .debug_line    0x0002d68f      0x305 /var/folders/cd/0s72k2v14299px3vkqj0bhsr0000gp/T//ccrnkozl.debug.temp.o
 .debug_line    0x0002d994      0x3bd /var/folders/cd/0s72k2v14299px3vkqj0bhsr0000gp/T//ccEZWriX.debug.temp.o
 .debug_line    0x0002dd51      0x211 /var/folders/cd/0s72k2v14299px3vkqj0bhsr0000gp/T//cc3tzf79.debug.temp.o
 .debug_line    0x0002df62      0x124 /var/folders/cd/0s72k2v14299px3vkqj0bhsr0000gp/T//ccXYPkyZ.debug.temp.o
 .debug_line    0x0002e086      0x280 /var/folders/cd/0s72k2v14299px3vkqj0bhsr0000gp/T//ccasXrKR.debug.temp.o
 .debug_line    0x0002e306      0x143 _deps/bartman_gcc_support-build/CMakeFiles/bartman_gcc_support.dir/src/gcc8_a_support.s.obj

.debug_frame    0x00000000    0x108e8
 *(.debug_frame)
 .debug_frame   0x00000000    0x1081c /var/folders/cd/0s72k2v14299px3vkqj0bhsr0000gp/T//ccGg8TGK.ltrans0.ltrans.o
 .debug_frame   0x0001081c       0xcc _deps/bartman_gcc_support-build/CMakeFiles/bartman_gcc_support.dir/src/gcc8_a_support.s.obj

.debug_str      0x00000000     0x154b
 *(.debug_str)
 .debug_str     0x00000000        0x0 /var/folders/cd/0s72k2v14299px3vkqj0bhsr0000gp/T//ccGg8TGK.ltrans0.ltrans.o
 .debug_str     0x00000000       0x4b /var/folders/cd/0s72k2v14299px3vkqj0bhsr0000gp/T//ccWlgtjB.debug.temp.o
 .debug_str     0x0000004b       0x56 /var/folders/cd/0s72k2v14299px3vkqj0bhsr0000gp/T//cc8rlhbI.debug.temp.o
 .debug_str     0x000000a1      0x165 /var/folders/cd/0s72k2v14299px3vkqj0bhsr0000gp/T//ccrfaFXJ.debug.temp.o
 .debug_str     0x00000206       0x88 /var/folders/cd/0s72k2v14299px3vkqj0bhsr0000gp/T//cch3h10v.debug.temp.o
 .debug_str     0x0000028e       0x60 /var/folders/cd/0s72k2v14299px3vkqj0bhsr0000gp/T//ccV7bNET.debug.temp.o
 .debug_str     0x000002ee       0x34 /var/folders/cd/0s72k2v14299px3vkqj0bhsr0000gp/T//ccuhGFiV.debug.temp.o
 .debug_str     0x00000322       0x1e /var/folders/cd/0s72k2v14299px3vkqj0bhsr0000gp/T//cc7SKoos.debug.temp.o
 .debug_str     0x00000340       0x46 /var/folders/cd/0s72k2v14299px3vkqj0bhsr0000gp/T//ccEDoCpX.debug.temp.o
 .debug_str     0x00000386       0x99 /var/folders/cd/0s72k2v14299px3vkqj0bhsr0000gp/T//ccWyTUbz.debug.temp.o
 .debug_str     0x0000041f       0x24 /var/folders/cd/0s72k2v14299px3vkqj0bhsr0000gp/T//ccZM5vAk.debug.temp.o
 .debug_str     0x00000443      0x1da /var/folders/cd/0s72k2v14299px3vkqj0bhsr0000gp/T//ccVYYWeu.debug.temp.o
 .debug_str     0x0000061d        0x6 /var/folders/cd/0s72k2v14299px3vkqj0bhsr0000gp/T//cc6E9UMX.debug.temp.o
 .debug_str     0x00000623       0xb7 /var/folders/cd/0s72k2v14299px3vkqj0bhsr0000gp/T//ccsQ2vRf.debug.temp.o
 .debug_str     0x000006da       0x3b /var/folders/cd/0s72k2v14299px3vkqj0bhsr0000gp/T//cc14ZzLV.debug.temp.o
 .debug_str     0x00000715      0x4d1 /var/folders/cd/0s72k2v14299px3vkqj0bhsr0000gp/T//cc6hhBRW.debug.temp.o
 .debug_str     0x00000be6        0xd /var/folders/cd/0s72k2v14299px3vkqj0bhsr0000gp/T//cccMu0AP.debug.temp.o
 .debug_str     0x00000bf3       0x41 /var/folders/cd/0s72k2v14299px3vkqj0bhsr0000gp/T//ccWPUCQ3.debug.temp.o
 .debug_str     0x00000c34       0xbc /var/folders/cd/0s72k2v14299px3vkqj0bhsr0000gp/T//ccri9PmU.debug.temp.o
 .debug_str     0x00000cf0       0x84 /var/folders/cd/0s72k2v14299px3vkqj0bhsr0000gp/T//ccyG9w9F.debug.temp.o
 .debug_str     0x00000d74      0x1f7 /var/folders/cd/0s72k2v14299px3vkqj0bhsr0000gp/T//ccnr7BrP.debug.temp.o
 .debug_str     0x00000f6b       0x79 /var/folders/cd/0s72k2v14299px3vkqj0bhsr0000gp/T//ccTw5MGM.debug.temp.o
 .debug_str     0x00000fe4       0x12 /var/folders/cd/0s72k2v14299px3vkqj0bhsr0000gp/T//cckb9FcT.debug.temp.o
 .debug_str     0x00000ff6       0x1d /var/folders/cd/0s72k2v14299px3vkqj0bhsr0000gp/T//ccDPgojM.debug.temp.o
 .debug_str     0x00001013       0x6e /var/folders/cd/0s72k2v14299px3vkqj0bhsr0000gp/T//ccfIwLIw.debug.temp.o
 .debug_str     0x00001081       0x6e /var/folders/cd/0s72k2v14299px3vkqj0bhsr0000gp/T//ccztoBag.debug.temp.o
 .debug_str     0x000010ef       0x15 /var/folders/cd/0s72k2v14299px3vkqj0bhsr0000gp/T//ccCcAB4O.debug.temp.o
 .debug_str     0x00001104       0x5c /var/folders/cd/0s72k2v14299px3vkqj0bhsr0000gp/T//cc0voitw.debug.temp.o
 .debug_str     0x00001160      0x10c /var/folders/cd/0s72k2v14299px3vkqj0bhsr0000gp/T//ccx6Pb1W.debug.temp.o
 .debug_str     0x0000126c       0x4c /var/folders/cd/0s72k2v14299px3vkqj0bhsr0000gp/T//ccqWmDzk.debug.temp.o
 .debug_str     0x000012b8       0x3c /var/folders/cd/0s72k2v14299px3vkqj0bhsr0000gp/T//ccTqE5Uk.debug.temp.o
 .debug_str     0x000012f4       0x25 /var/folders/cd/0s72k2v14299px3vkqj0bhsr0000gp/T//ccIocEGj.debug.temp.o
 .debug_str     0x00001319        0x9 /var/folders/cd/0s72k2v14299px3vkqj0bhsr0000gp/T//ccjbxgD5.debug.temp.o
 .debug_str     0x00001322        0x8 /var/folders/cd/0s72k2v14299px3vkqj0bhsr0000gp/T//ccrUM30Z.debug.temp.o
 .debug_str     0x0000132a        0x8 /var/folders/cd/0s72k2v14299px3vkqj0bhsr0000gp/T//ccCFckiO.debug.temp.o
 .debug_str     0x00001332       0x3a /var/folders/cd/0s72k2v14299px3vkqj0bhsr0000gp/T//cca7uniD.debug.temp.o
 .debug_str     0x0000136c       0x4b /var/folders/cd/0s72k2v14299px3vkqj0bhsr0000gp/T//cccxIrML.debug.temp.o
 .debug_str     0x000013b7        0x7 /var/folders/cd/0s72k2v14299px3vkqj0bhsr0000gp/T//ccEZWriX.debug.temp.o
 .debug_str     0x000013be       0x12 /var/folders/cd/0s72k2v14299px3vkqj0bhsr0000gp/T//cc3tzf79.debug.temp.o
 .debug_str     0x000013d0       0x8a /var/folders/cd/0s72k2v14299px3vkqj0bhsr0000gp/T//ccasXrKR.debug.temp.o
 .debug_str     0x0000145a       0xf1 _deps/bartman_gcc_support-build/CMakeFiles/bartman_gcc_support.dir/src/gcc8_a_support.s.obj

.debug_loc
 *(.debug_loc)

.debug_macinfo
 *(.debug_macinfo)

.debug_weaknames
 *(.debug_weaknames)

.debug_funcnames
 *(.debug_funcnames)

.debug_typenames
 *(.debug_typenames)

.debug_varnames
 *(.debug_varnames)

.debug_pubtypes
 *(.debug_pubtypes)

.debug_ranges   0x00000000       0x48
 *(.debug_ranges)
 .debug_ranges  0x00000000       0x48 _deps/bartman_gcc_support-build/CMakeFiles/bartman_gcc_support.dir/src/gcc8_a_support.s.obj

.debug_addr
 *(.debug_addr)

.debug_line_str
 *(.debug_line_str)

.debug_loclists
                0x00000000       0xfc
 *(.debug_loclists)
 .debug_loclists
                0x00000000       0xfc /var/folders/cd/0s72k2v14299px3vkqj0bhsr0000gp/T//ccGg8TGK.ltrans0.ltrans.o

.debug_macro
 *(.debug_macro)

.debug_names
 *(.debug_names)

.debug_rnglists
                0x00000000     0x1826
 *(.debug_rnglists)
 .debug_rnglists
                0x00000000     0x1826 /var/folders/cd/0s72k2v14299px3vkqj0bhsr0000gp/T//ccGg8TGK.ltrans0.ltrans.o

.debug_str_offsets
 *(.debug_str_offsets)

.debug_sup
 *(.debug_sup)

.gnu.attributes
 *(.gnu.attributes)

/DISCARD/
 *(.note.GNU-stack)
 *(.gnu_debuglink)
 *(.gnu.lto_*)
 *(.gnu_object_only)
OUTPUT(macACE.elf elf32-m68k)
